

================================================================
== Vivado HLS Report for 'acado_multGxGx'
================================================================
* Date:           Sun May 24 21:02:07 2020

* Version:        2019.1 (Build 2552052 on Fri May 24 15:28:33 MDT 2019)
* Project:        proj_extr_.openpilotselfdrivecontrolsliblateral_mpclib_mpc_exportacado_solver.c_acado_multGxGx_with_main.c
* Solution:       solution1
* Product family: kintex7
* Target device:  xc7k160t-fbg484-1


================================================================
== Performance Estimates
================================================================
+ Timing (ns): 
    * Summary: 
    +--------+-------+----------+------------+
    |  Clock | Target| Estimated| Uncertainty|
    +--------+-------+----------+------------+
    |ap_clk  |  10.00|     8.365|        1.25|
    +--------+-------+----------+------------+

+ Latency (clock cycles): 
    * Summary: 
    +-----+-----+-----+-----+---------+
    |  Latency  |  Interval | Pipeline|
    | min | max | min | max |   Type  |
    +-----+-----+-----+-----+---------+
    |   13|   13|   13|   13|   none  |
    +-----+-----+-----+-----+---------+

    + Detail: 
        * Instance: 
        N/A

        * Loop: 
        N/A



================================================================
== Utilization Estimates
================================================================
* Summary: 
+-----------------+---------+-------+--------+--------+-----+
|       Name      | BRAM_18K| DSP48E|   FF   |   LUT  | URAM|
+-----------------+---------+-------+--------+--------+-----+
|DSP              |        -|      -|       -|       -|    -|
|Expression       |        -|    192|       0|    2992|    -|
|FIFO             |        -|      -|       -|       -|    -|
|Instance         |        -|      -|       -|       -|    -|
|Memory           |        -|      -|       -|       -|    -|
|Multiplexer      |        -|      -|       -|     414|    -|
|Register         |        -|      -|    2702|       -|    -|
+-----------------+---------+-------+--------+--------+-----+
|Total            |        0|    192|    2702|    3406|    0|
+-----------------+---------+-------+--------+--------+-----+
|Available        |      650|    600|  202800|  101400|    0|
+-----------------+---------+-------+--------+--------+-----+
|Utilization (%)  |        0|     32|       1|       3|    0|
+-----------------+---------+-------+--------+--------+-----+

+ Detail: 
    * Instance: 
    N/A

    * DSP48E: 
    N/A

    * Memory: 
    N/A

    * FIFO: 
    N/A

    * Expression: 
    +-----------------------+----------+-------+---+----+------------+------------+
    |     Variable Name     | Operation| DSP48E| FF| LUT| Bitwidth P0| Bitwidth P1|
    +-----------------------+----------+-------+---+----+------------+------------+
    |mul_ln18_1_fu_516_p2   |     *    |      3|  0|  21|          32|          32|
    |mul_ln18_2_fu_521_p2   |     *    |      3|  0|  21|          32|          32|
    |mul_ln18_3_fu_525_p2   |     *    |      3|  0|  21|          32|          32|
    |mul_ln18_fu_511_p2     |     *    |      3|  0|  21|          32|          32|
    |mul_ln19_1_fu_540_p2   |     *    |      3|  0|  21|          32|          32|
    |mul_ln19_2_fu_545_p2   |     *    |      3|  0|  21|          32|          32|
    |mul_ln19_3_fu_549_p2   |     *    |      3|  0|  21|          32|          32|
    |mul_ln19_fu_535_p2     |     *    |      3|  0|  21|          32|          32|
    |mul_ln20_1_fu_628_p2   |     *    |      3|  0|  21|          32|          32|
    |mul_ln20_2_fu_633_p2   |     *    |      3|  0|  21|          32|          32|
    |mul_ln20_3_fu_637_p2   |     *    |      3|  0|  21|          32|          32|
    |mul_ln20_fu_623_p2     |     *    |      3|  0|  21|          32|          32|
    |mul_ln21_1_fu_758_p2   |     *    |      3|  0|  21|          32|          32|
    |mul_ln21_2_fu_763_p2   |     *    |      3|  0|  21|          32|          32|
    |mul_ln21_3_fu_767_p2   |     *    |      3|  0|  21|          32|          32|
    |mul_ln21_fu_753_p2     |     *    |      3|  0|  21|          32|          32|
    |mul_ln22_1_fu_583_p2   |     *    |      3|  0|  21|          32|          32|
    |mul_ln22_2_fu_587_p2   |     *    |      3|  0|  21|          32|          32|
    |mul_ln22_3_fu_591_p2   |     *    |      3|  0|  21|          32|          32|
    |mul_ln22_fu_579_p2     |     *    |      3|  0|  21|          32|          32|
    |mul_ln23_1_fu_605_p2   |     *    |      3|  0|  21|          32|          32|
    |mul_ln23_2_fu_609_p2   |     *    |      3|  0|  21|          32|          32|
    |mul_ln23_3_fu_613_p2   |     *    |      3|  0|  21|          32|          32|
    |mul_ln23_fu_601_p2     |     *    |      3|  0|  21|          32|          32|
    |mul_ln24_1_fu_671_p2   |     *    |      3|  0|  21|          32|          32|
    |mul_ln24_2_fu_675_p2   |     *    |      3|  0|  21|          32|          32|
    |mul_ln24_3_fu_679_p2   |     *    |      3|  0|  21|          32|          32|
    |mul_ln24_fu_667_p2     |     *    |      3|  0|  21|          32|          32|
    |mul_ln25_1_fu_781_p2   |     *    |      3|  0|  21|          32|          32|
    |mul_ln25_2_fu_785_p2   |     *    |      3|  0|  21|          32|          32|
    |mul_ln25_3_fu_789_p2   |     *    |      3|  0|  21|          32|          32|
    |mul_ln25_fu_777_p2     |     *    |      3|  0|  21|          32|          32|
    |mul_ln26_1_fu_713_p2   |     *    |      3|  0|  21|          32|          32|
    |mul_ln26_2_fu_717_p2   |     *    |      3|  0|  21|          32|          32|
    |mul_ln26_3_fu_721_p2   |     *    |      3|  0|  21|          32|          32|
    |mul_ln26_fu_709_p2     |     *    |      3|  0|  21|          32|          32|
    |mul_ln27_1_fu_735_p2   |     *    |      3|  0|  21|          32|          32|
    |mul_ln27_2_fu_739_p2   |     *    |      3|  0|  21|          32|          32|
    |mul_ln27_3_fu_743_p2   |     *    |      3|  0|  21|          32|          32|
    |mul_ln27_fu_731_p2     |     *    |      3|  0|  21|          32|          32|
    |mul_ln28_1_fu_823_p2   |     *    |      3|  0|  21|          32|          32|
    |mul_ln28_2_fu_827_p2   |     *    |      3|  0|  21|          32|          32|
    |mul_ln28_3_fu_831_p2   |     *    |      3|  0|  21|          32|          32|
    |mul_ln28_fu_819_p2     |     *    |      3|  0|  21|          32|          32|
    |mul_ln29_1_fu_845_p2   |     *    |      3|  0|  21|          32|          32|
    |mul_ln29_2_fu_849_p2   |     *    |      3|  0|  21|          32|          32|
    |mul_ln29_3_fu_853_p2   |     *    |      3|  0|  21|          32|          32|
    |mul_ln29_fu_841_p2     |     *    |      3|  0|  21|          32|          32|
    |mul_ln30_1_fu_867_p2   |     *    |      3|  0|  21|          32|          32|
    |mul_ln30_2_fu_933_p2   |     *    |      3|  0|  21|          32|          32|
    |mul_ln30_3_fu_938_p2   |     *    |      3|  0|  21|          32|          32|
    |mul_ln30_fu_863_p2     |     *    |      3|  0|  21|          32|          32|
    |mul_ln31_1_fu_875_p2   |     *    |      3|  0|  21|          32|          32|
    |mul_ln31_2_fu_949_p2   |     *    |      3|  0|  21|          32|          32|
    |mul_ln31_3_fu_954_p2   |     *    |      3|  0|  21|          32|          32|
    |mul_ln31_fu_871_p2     |     *    |      3|  0|  21|          32|          32|
    |mul_ln32_1_fu_883_p2   |     *    |      3|  0|  21|          32|          32|
    |mul_ln32_2_fu_965_p2   |     *    |      3|  0|  21|          32|          32|
    |mul_ln32_3_fu_970_p2   |     *    |      3|  0|  21|          32|          32|
    |mul_ln32_fu_879_p2     |     *    |      3|  0|  21|          32|          32|
    |mul_ln33_1_fu_891_p2   |     *    |      3|  0|  21|          32|          32|
    |mul_ln33_2_fu_981_p2   |     *    |      3|  0|  21|          32|          32|
    |mul_ln33_3_fu_986_p2   |     *    |      3|  0|  21|          32|          32|
    |mul_ln33_fu_887_p2     |     *    |      3|  0|  21|          32|          32|
    |add_ln18_1_fu_529_p2   |     +    |      0|  0|  39|          32|          32|
    |add_ln18_2_fu_563_p2   |     +    |      0|  0|  32|          32|          32|
    |add_ln18_fu_559_p2     |     +    |      0|  0|  32|          32|          32|
    |add_ln19_1_fu_553_p2   |     +    |      0|  0|  39|          32|          32|
    |add_ln19_2_fu_573_p2   |     +    |      0|  0|  32|          32|          32|
    |add_ln19_fu_569_p2     |     +    |      0|  0|  32|          32|          32|
    |add_ln20_1_fu_641_p2   |     +    |      0|  0|  39|          32|          32|
    |add_ln20_2_fu_693_p2   |     +    |      0|  0|  32|          32|          32|
    |add_ln20_fu_689_p2     |     +    |      0|  0|  32|          32|          32|
    |add_ln21_1_fu_771_p2   |     +    |      0|  0|  39|          32|          32|
    |add_ln21_2_fu_899_p2   |     +    |      0|  0|  32|          32|          32|
    |add_ln21_fu_895_p2     |     +    |      0|  0|  32|          32|          32|
    |add_ln22_1_fu_595_p2   |     +    |      0|  0|  39|          32|          32|
    |add_ln22_2_fu_651_p2   |     +    |      0|  0|  32|          32|          32|
    |add_ln22_fu_647_p2     |     +    |      0|  0|  32|          32|          32|
    |add_ln23_1_fu_617_p2   |     +    |      0|  0|  39|          32|          32|
    |add_ln23_2_fu_661_p2   |     +    |      0|  0|  32|          32|          32|
    |add_ln23_fu_657_p2     |     +    |      0|  0|  32|          32|          32|
    |add_ln24_1_fu_683_p2   |     +    |      0|  0|  39|          32|          32|
    |add_ln24_2_fu_703_p2   |     +    |      0|  0|  32|          32|          32|
    |add_ln24_fu_699_p2     |     +    |      0|  0|  32|          32|          32|
    |add_ln25_1_fu_793_p2   |     +    |      0|  0|  39|          32|          32|
    |add_ln25_2_fu_909_p2   |     +    |      0|  0|  32|          32|          32|
    |add_ln25_fu_905_p2     |     +    |      0|  0|  32|          32|          32|
    |add_ln26_1_fu_725_p2   |     +    |      0|  0|  39|          32|          32|
    |add_ln26_2_fu_803_p2   |     +    |      0|  0|  32|          32|          32|
    |add_ln26_fu_799_p2     |     +    |      0|  0|  32|          32|          32|
    |add_ln27_1_fu_747_p2   |     +    |      0|  0|  39|          32|          32|
    |add_ln27_2_fu_813_p2   |     +    |      0|  0|  32|          32|          32|
    |add_ln27_fu_809_p2     |     +    |      0|  0|  32|          32|          32|
    |add_ln28_1_fu_835_p2   |     +    |      0|  0|  39|          32|          32|
    |add_ln28_2_fu_919_p2   |     +    |      0|  0|  32|          32|          32|
    |add_ln28_fu_915_p2     |     +    |      0|  0|  32|          32|          32|
    |add_ln29_1_fu_857_p2   |     +    |      0|  0|  39|          32|          32|
    |add_ln29_2_fu_928_p2   |     +    |      0|  0|  32|          32|          32|
    |add_ln29_fu_924_p2     |     +    |      0|  0|  32|          32|          32|
    |add_ln30_1_fu_943_p2   |     +    |      0|  0|  39|          32|          32|
    |add_ln30_2_fu_1001_p2  |     +    |      0|  0|  32|          32|          32|
    |add_ln30_fu_997_p2     |     +    |      0|  0|  32|          32|          32|
    |add_ln31_1_fu_959_p2   |     +    |      0|  0|  39|          32|          32|
    |add_ln31_2_fu_1010_p2  |     +    |      0|  0|  32|          32|          32|
    |add_ln31_fu_1006_p2    |     +    |      0|  0|  32|          32|          32|
    |add_ln32_1_fu_975_p2   |     +    |      0|  0|  39|          32|          32|
    |add_ln32_2_fu_1019_p2  |     +    |      0|  0|  32|          32|          32|
    |add_ln32_fu_1015_p2    |     +    |      0|  0|  32|          32|          32|
    |add_ln33_1_fu_991_p2   |     +    |      0|  0|  39|          32|          32|
    |add_ln33_2_fu_1028_p2  |     +    |      0|  0|  32|          32|          32|
    |add_ln33_fu_1024_p2    |     +    |      0|  0|  32|          32|          32|
    +-----------------------+----------+-------+---+----+------------+------------+
    |Total                  |          |    192|  0|2992|        3584|        3584|
    +-----------------------+----------+-------+---+----+------------+------------+

    * Multiplexer: 
    +--------------+----+-----------+-----+-----------+
    |     Name     | LUT| Input Size| Bits| Total Bits|
    +--------------+----+-----------+-----+-----------+
    |Gx1_address0  |  44|          9|   10|         90|
    |Gx1_address1  |  44|          9|   10|         90|
    |Gx2_address0  |  44|          9|   10|         90|
    |Gx2_address1  |  44|          9|   10|         90|
    |Gx3_address0  |  44|          9|   10|         90|
    |Gx3_address1  |  44|          9|   10|         90|
    |Gx3_d0        |  44|          9|   32|        288|
    |Gx3_d1        |  44|          9|   32|        288|
    |ap_NS_fsm     |  62|         15|    1|         15|
    +--------------+----+-----------+-----+-----------+
    |Total         | 414|         87|  125|       1131|
    +--------------+----+-----------+-----+-----------+

    * Register: 
    +----------------------+----+----+-----+-----------+
    |         Name         | FF | LUT| Bits| Const Bits|
    +----------------------+----+----+-----+-----------+
    |Gx1_load_10_reg_1439  |  32|   0|   32|          0|
    |Gx1_load_11_reg_1447  |  32|   0|   32|          0|
    |Gx1_load_12_reg_1511  |  32|   0|   32|          0|
    |Gx1_load_13_reg_1519  |  32|   0|   32|          0|
    |Gx1_load_2_reg_1115   |  32|   0|   32|          0|
    |Gx1_load_3_reg_1123   |  32|   0|   32|          0|
    |Gx1_load_4_reg_1193   |  32|   0|   32|          0|
    |Gx1_load_5_reg_1201   |  32|   0|   32|          0|
    |Gx1_load_6_reg_1275   |  32|   0|   32|          0|
    |Gx1_load_7_reg_1283   |  32|   0|   32|          0|
    |Gx1_load_8_reg_1357   |  32|   0|   32|          0|
    |Gx1_load_9_reg_1365   |  32|   0|   32|          0|
    |Gx2_load_10_reg_1301  |  32|   0|   32|          0|
    |Gx2_load_11_reg_1309  |  32|   0|   32|          0|
    |Gx2_load_12_reg_1398  |  32|   0|   32|          0|
    |Gx2_load_13_reg_1406  |  32|   0|   32|          0|
    |Gx2_load_14_reg_1465  |  32|   0|   32|          0|
    |Gx2_load_15_reg_1473  |  32|   0|   32|          0|
    |Gx2_load_1_reg_1061   |  32|   0|   32|          0|
    |Gx2_load_2_reg_1084   |  32|   0|   32|          0|
    |Gx2_load_3_reg_1097   |  32|   0|   32|          0|
    |Gx2_load_4_reg_1131   |  32|   0|   32|          0|
    |Gx2_load_5_reg_1139   |  32|   0|   32|          0|
    |Gx2_load_6_reg_1167   |  32|   0|   32|          0|
    |Gx2_load_7_reg_1175   |  32|   0|   32|          0|
    |Gx2_load_8_reg_1249   |  32|   0|   32|          0|
    |Gx2_load_9_reg_1257   |  32|   0|   32|          0|
    |Gx2_load_reg_1048     |  32|   0|   32|          0|
    |add_ln18_1_reg_1229   |  32|   0|   32|          0|
    |add_ln19_1_reg_1244   |  32|   0|   32|          0|
    |add_ln20_1_reg_1393   |  32|   0|   32|          0|
    |add_ln21_1_reg_1547   |  32|   0|   32|          0|
    |add_ln22_1_reg_1337   |  32|   0|   32|          0|
    |add_ln23_1_reg_1352   |  32|   0|   32|          0|
    |add_ln24_1_reg_1434   |  32|   0|   32|          0|
    |add_ln25_1_reg_1562   |  32|   0|   32|          0|
    |add_ln26_1_reg_1491   |  32|   0|   32|          0|
    |add_ln27_1_reg_1506   |  32|   0|   32|          0|
    |add_ln28_1_reg_1577   |  32|   0|   32|          0|
    |add_ln28_2_reg_1637   |  32|   0|   32|          0|
    |add_ln29_1_reg_1592   |  32|   0|   32|          0|
    |add_ln29_2_reg_1642   |  32|   0|   32|          0|
    |add_ln30_1_reg_1647   |  32|   0|   32|          0|
    |add_ln30_2_reg_1667   |  32|   0|   32|          0|
    |add_ln31_1_reg_1652   |  32|   0|   32|          0|
    |add_ln31_2_reg_1672   |  32|   0|   32|          0|
    |add_ln32_1_reg_1657   |  32|   0|   32|          0|
    |add_ln32_2_reg_1677   |  32|   0|   32|          0|
    |add_ln33_1_reg_1662   |  32|   0|   32|          0|
    |add_ln33_2_reg_1682   |  32|   0|   32|          0|
    |ap_CS_fsm             |  14|   0|   14|          0|
    |mul_ln18_1_reg_1224   |  32|   0|   32|          0|
    |mul_ln18_reg_1219     |  32|   0|   32|          0|
    |mul_ln19_1_reg_1239   |  32|   0|   32|          0|
    |mul_ln19_reg_1234     |  32|   0|   32|          0|
    |mul_ln20_1_reg_1388   |  32|   0|   32|          0|
    |mul_ln20_reg_1383     |  32|   0|   32|          0|
    |mul_ln21_1_reg_1542   |  32|   0|   32|          0|
    |mul_ln21_reg_1537     |  32|   0|   32|          0|
    |mul_ln22_1_reg_1332   |  32|   0|   32|          0|
    |mul_ln22_reg_1327     |  32|   0|   32|          0|
    |mul_ln23_1_reg_1347   |  32|   0|   32|          0|
    |mul_ln23_reg_1342     |  32|   0|   32|          0|
    |mul_ln24_1_reg_1429   |  32|   0|   32|          0|
    |mul_ln24_reg_1424     |  32|   0|   32|          0|
    |mul_ln25_1_reg_1557   |  32|   0|   32|          0|
    |mul_ln25_reg_1552     |  32|   0|   32|          0|
    |mul_ln26_1_reg_1486   |  32|   0|   32|          0|
    |mul_ln26_reg_1481     |  32|   0|   32|          0|
    |mul_ln27_1_reg_1501   |  32|   0|   32|          0|
    |mul_ln27_reg_1496     |  32|   0|   32|          0|
    |mul_ln28_1_reg_1572   |  32|   0|   32|          0|
    |mul_ln28_reg_1567     |  32|   0|   32|          0|
    |mul_ln29_1_reg_1587   |  32|   0|   32|          0|
    |mul_ln29_reg_1582     |  32|   0|   32|          0|
    |mul_ln30_1_reg_1602   |  32|   0|   32|          0|
    |mul_ln30_reg_1597     |  32|   0|   32|          0|
    |mul_ln31_1_reg_1612   |  32|   0|   32|          0|
    |mul_ln31_reg_1607     |  32|   0|   32|          0|
    |mul_ln32_1_reg_1622   |  32|   0|   32|          0|
    |mul_ln32_reg_1617     |  32|   0|   32|          0|
    |mul_ln33_1_reg_1632   |  32|   0|   32|          0|
    |mul_ln33_reg_1627     |  32|   0|   32|          0|
    |reg_503               |  32|   0|   32|          0|
    |reg_507               |  32|   0|   32|          0|
    +----------------------+----+----+-----+-----------+
    |Total                 |2702|   0| 2702|          0|
    +----------------------+----+----+-----+-----------+



================================================================
== Interface
================================================================
* Summary: 
+--------------+-----+-----+------------+----------------+--------------+
|   RTL Ports  | Dir | Bits|  Protocol  |  Source Object |    C Type    |
+--------------+-----+-----+------------+----------------+--------------+
|ap_clk        |  in |    1| ap_ctrl_hs | acado_multGxGx | return value |
|ap_rst        |  in |    1| ap_ctrl_hs | acado_multGxGx | return value |
|ap_start      |  in |    1| ap_ctrl_hs | acado_multGxGx | return value |
|ap_done       | out |    1| ap_ctrl_hs | acado_multGxGx | return value |
|ap_idle       | out |    1| ap_ctrl_hs | acado_multGxGx | return value |
|ap_ready      | out |    1| ap_ctrl_hs | acado_multGxGx | return value |
|Gx1_address0  | out |   10|  ap_memory |       Gx1      |     array    |
|Gx1_ce0       | out |    1|  ap_memory |       Gx1      |     array    |
|Gx1_q0        |  in |   32|  ap_memory |       Gx1      |     array    |
|Gx1_address1  | out |   10|  ap_memory |       Gx1      |     array    |
|Gx1_ce1       | out |    1|  ap_memory |       Gx1      |     array    |
|Gx1_q1        |  in |   32|  ap_memory |       Gx1      |     array    |
|Gx2_address0  | out |   10|  ap_memory |       Gx2      |     array    |
|Gx2_ce0       | out |    1|  ap_memory |       Gx2      |     array    |
|Gx2_q0        |  in |   32|  ap_memory |       Gx2      |     array    |
|Gx2_address1  | out |   10|  ap_memory |       Gx2      |     array    |
|Gx2_ce1       | out |    1|  ap_memory |       Gx2      |     array    |
|Gx2_q1        |  in |   32|  ap_memory |       Gx2      |     array    |
|Gx3_address0  | out |   10|  ap_memory |       Gx3      |     array    |
|Gx3_ce0       | out |    1|  ap_memory |       Gx3      |     array    |
|Gx3_we0       | out |    1|  ap_memory |       Gx3      |     array    |
|Gx3_d0        | out |   32|  ap_memory |       Gx3      |     array    |
|Gx3_address1  | out |   10|  ap_memory |       Gx3      |     array    |
|Gx3_ce1       | out |    1|  ap_memory |       Gx3      |     array    |
|Gx3_we1       | out |    1|  ap_memory |       Gx3      |     array    |
|Gx3_d1        | out |   32|  ap_memory |       Gx3      |     array    |
+--------------+-----+-----+------------+----------------+--------------+

