

================================================================
== Vivado HLS Report for 'kmeans'
================================================================
* Date:           Mon Apr 20 17:26:42 2020

* Version:        2019.1 (Build 2552052 on Fri May 24 15:28:33 MDT 2019)
* Project:        proj
* Solution:       sol
* Product family: kintex7
* Target device:  xc7k160t-fbg484-1


================================================================
== Performance Estimates
================================================================
+ Timing (ns): 
    * Summary: 
    +--------+-------+----------+------------+
    |  Clock | Target| Estimated| Uncertainty|
    +--------+-------+----------+------------+
    |ap_clk  |  10.00|     6.580|        1.25|
    +--------+-------+----------+------------+

+ Latency (clock cycles): 
    * Summary: 
    +-----+-----+-----+-----+---------+
    |  Latency  |  Interval | Pipeline|
    | min | max | min | max |   Type  |
    +-----+-----+-----+-----+---------+
    |    ?|    ?|    ?|    ?|   none  |
    +-----+-----+-----+-----+---------+

    + Detail: 
        * Instance: 
        N/A

        * Loop: 
        +---------------------+----------+----------+----------+-----------+-----------+---------+----------+
        |                     |       Latency       | Iteration|  Initiation Interval  |   Trip  |          |
        |      Loop Name      |    min   |    max   |  Latency |  achieved |   target  |  Count  | Pipelined|
        +---------------------+----------+----------+----------+-----------+-----------+---------+----------+
        |- Loop 1             |         ?|         ?|         2|          -|          -|        ?|    no    |
        |- Loop 2             |  16777216|  16777216|         2|          -|          -|  8388608|    no    |
        |- Loop 3             |         ?|         ?|         2|          -|          -|        ?|    no    |
        |- Loop 4             |         ?|         ?|         ?|          -|          -|      100|    no    |
        | + Loop 4.1          |         ?|         ?|         ?|          -|          -|  8388608|    no    |
        |  ++ Loop 4.1.1      |         ?|         ?|         ?|          -|          -|        ?|    no    |
        |   +++ Loop 4.1.1.1  |         ?|         ?|         4|          -|          -|        ?|    no    |
        +---------------------+----------+----------+----------+-----------+-----------+---------+----------+



================================================================
== Utilization Estimates
================================================================
* Summary: 
+-----------------+---------+-------+--------+--------+-----+
|       Name      | BRAM_18K| DSP48E|   FF   |   LUT  | URAM|
+-----------------+---------+-------+--------+--------+-----+
|DSP              |        -|      -|       -|       -|    -|
|Expression       |        -|      3|       0|     587|    -|
|FIFO             |        -|      -|       -|       -|    -|
|Instance         |        -|      -|       -|       -|    -|
|Memory           |  2041792|      -|     156|       0|    0|
|Multiplexer      |        -|      -|       -|     267|    -|
|Register         |        -|      -|     587|       -|    -|
+-----------------+---------+-------+--------+--------+-----+
|Total            |  2041792|      3|     743|     854|    0|
+-----------------+---------+-------+--------+--------+-----+
|Available        |      650|    600|  202800|  101400|    0|
+-----------------+---------+-------+--------+--------+-----+
|Utilization (%)  |   314121|   ~0  |   ~0   |   ~0   |    0|
+-----------------+---------+-------+--------+--------+-----+

+ Detail: 
    * Instance: 
    N/A

    * DSP48E: 
    N/A

    * Memory: 
    +-------------+------------------+---------+----+----+-----+-----------+-----+------+-------------+
    |    Memory   |      Module      | BRAM_18K| FF | LUT| URAM|   Words   | Bits| Banks| W*Bits*Banks|
    +-------------+------------------+---------+----+----+-----+-----------+-----+------+-------------+
    |centroids_U  |kmeans_centroids  |     1984|  62|   0|    0|     999900|   31|     1|     30996900|
    |data_in_U    |kmeans_data_in    |  2031616|  62|   0|    0|  838860800|   31|     1|    234881024|
    |data_out_U   |kmeans_data_out   |     8192|  32|   0|    0|    8388608|   16|     1|    134217728|
    +-------------+------------------+---------+----+----+-----+-----------+-----+------+-------------+
    |Total        |                  |  2041792| 156|   0|    0|  848249280|   78|     3|    400095648|
    +-------------+------------------+---------+----+----+-----+-----------+-----+------+-------------+

    * FIFO: 
    N/A

    * Expression: 
    +-------------------------+----------+-------+---+----+------------+------------+
    |      Variable Name      | Operation| DSP48E| FF| LUT| Bitwidth P0| Bitwidth P1|
    +-------------------------+----------+-------+---+----+------------+------------+
    |mul_ln38_fu_334_p2       |     *    |      3|  0|  21|          32|          32|
    |add_ln52_1_fu_445_p2     |     +    |      0|  0|  39|          32|          32|
    |add_ln52_2_fu_430_p2     |     +    |      0|  0|  39|          32|          32|
    |add_ln52_fu_435_p2       |     +    |      0|  0|  39|          32|          32|
    |add_ln56_fu_390_p2       |     +    |      0|  0|  39|          32|          32|
    |c_fu_404_p2              |     +    |      0|  0|  23|          16|           1|
    |i_1_fu_323_p2            |     +    |      0|  0|  31|          24|           1|
    |i_2_fu_347_p2            |     +    |      0|  0|  38|          31|           1|
    |i_3_fu_384_p2            |     +    |      0|  0|  31|          24|           1|
    |i_fu_306_p2              |     +    |      0|  0|  38|          31|           1|
    |j_fu_424_p2              |     +    |      0|  0|  38|          31|           1|
    |sp_fu_364_p2             |     +    |      0|  0|  15|           7|           1|
    |sum_fu_492_p2            |     +    |      0|  0|  16|          16|          16|
    |sub_ln52_fu_486_p2       |     -    |      0|  0|  16|          16|          16|
    |icmp_ln32_fu_301_p2      |   icmp   |      0|  0|  18|          32|          32|
    |icmp_ln35_fu_317_p2      |   icmp   |      0|  0|  18|          24|          25|
    |icmp_ln38_fu_342_p2      |   icmp   |      0|  0|  18|          32|          32|
    |icmp_ln45_fu_358_p2      |   icmp   |      0|  0|  11|           7|           6|
    |icmp_ln47_fu_378_p2      |   icmp   |      0|  0|  18|          24|          25|
    |icmp_ln49_fu_399_p2      |   icmp   |      0|  0|  18|          32|          32|
    |icmp_ln51_fu_419_p2      |   icmp   |      0|  0|  18|          32|          32|
    |icmp_ln54_fu_456_p2      |   icmp   |      0|  0|  13|          16|          16|
    |select_ln54_1_fu_470_p3  |  select  |      0|  0|  16|           1|          16|
    |select_ln54_fu_462_p3    |  select  |      0|  0|  16|           1|          16|
    +-------------------------+----------+-------+---+----+------------+------------+
    |Total                    |          |      3|  0| 587|         557|         431|
    +-------------------------+----------+-------+---+----+------------+------------+

    * Multiplexer: 
    +--------------------+----+-----------+-----+-----------+
    |        Name        | LUT| Input Size| Bits| Total Bits|
    +--------------------+----+-----------+-----+-----------+
    |ap_NS_fsm           |  93|         19|    1|         19|
    |centroids_address0  |  15|          3|   20|         60|
    |data_in_address0    |  15|          3|   30|         90|
    |data_out_address0   |  21|          4|   23|         92|
    |data_out_d0         |  15|          3|   16|         48|
    |i1_0_reg_159        |   9|          2|   24|         48|
    |i2_0_reg_170        |   9|          2|   31|         62|
    |i3_0_reg_195        |   9|          2|   24|         48|
    |i_0_reg_145         |   9|          2|   31|         62|
    |j_0_reg_269         |   9|          2|   31|         62|
    |min_0_reg_221       |   9|          2|   16|         32|
    |min_id_0_reg_207    |   9|          2|   16|         32|
    |min_id_reg_233      |   9|          2|   16|         32|
    |min_reg_257         |   9|          2|   16|         32|
    |phi_mul1_reg_245    |   9|          2|   32|         64|
    |phi_mul_reg_280     |   9|          2|   32|         64|
    |sp_0_reg_184        |   9|          2|    7|         14|
    +--------------------+----+-----------+-----+-----------+
    |Total               | 267|         56|  366|        861|
    +--------------------+----+-----------+-----+-----------+

    * Register: 
    +--------------------+----+----+-----+-----------+
    |        Name        | FF | LUT| Bits| Const Bits|
    +--------------------+----+----+-----+-----------+
    |add_ln52_2_reg_622  |  32|   0|   32|          0|
    |add_ln56_reg_596    |  32|   0|   32|          0|
    |ap_CS_fsm           |  18|   0|   18|          0|
    |c_reg_604           |  16|   0|   16|          0|
    |i1_0_reg_159        |  24|   0|   24|          0|
    |i2_0_reg_170        |  31|   0|   31|          0|
    |i3_0_reg_195        |  24|   0|   24|          0|
    |i_0_reg_145         |  31|   0|   31|          0|
    |i_1_reg_542         |  24|   0|   24|          0|
    |i_2_reg_560         |  31|   0|   31|          0|
    |i_3_reg_591         |  24|   0|   24|          0|
    |i_reg_529           |  31|   0|   31|          0|
    |j_0_reg_269         |  31|   0|   31|          0|
    |j_reg_617           |  31|   0|   31|          0|
    |min_0_reg_221       |  16|   0|   16|          0|
    |min_id_0_reg_207    |  16|   0|   16|          0|
    |min_id_reg_233      |  16|   0|   16|          0|
    |min_reg_257         |  16|   0|   16|          0|
    |mul_ln38_reg_552    |  32|   0|   32|          0|
    |phi_mul1_reg_245    |  32|   0|   32|          0|
    |phi_mul_reg_280     |  32|   0|   32|          0|
    |shl_ln32_reg_521    |   9|   0|   32|         23|
    |sp_0_reg_184        |   7|   0|    7|          0|
    |sp_reg_573          |   7|   0|    7|          0|
    |zext_ln47_reg_583   |  24|   0|   32|          8|
    +--------------------+----+----+-----+-----------+
    |Total               | 587|   0|  618|         31|
    +--------------------+----+----+-----+-----------+



================================================================
== Interface
================================================================
* Summary: 
+--------------+-----+-----+------------+--------------+--------------+
|   RTL Ports  | Dir | Bits|  Protocol  | Source Object|    C Type    |
+--------------+-----+-----+------------+--------------+--------------+
|ap_clk        |  in |    1| ap_ctrl_hs |    kmeans    | return value |
|ap_rst        |  in |    1| ap_ctrl_hs |    kmeans    | return value |
|ap_start      |  in |    1| ap_ctrl_hs |    kmeans    | return value |
|ap_done       | out |    1| ap_ctrl_hs |    kmeans    | return value |
|ap_idle       | out |    1| ap_ctrl_hs |    kmeans    | return value |
|ap_ready      | out |    1| ap_ctrl_hs |    kmeans    | return value |
|ap_return     | out |   32| ap_ctrl_hs |    kmeans    | return value |
|idx           |  in |   32|   ap_none  |      idx     |    scalar    |
|num_clusters  |  in |   32|   ap_none  | num_clusters |    scalar    |
|num_dim       |  in |   32|   ap_none  |    num_dim   |    scalar    |
+--------------+-----+-----+------------+--------------+--------------+

