

================================================================
== Vivado HLS Report for 'mark_for_codepoint'
================================================================
* Date:           Wed Apr  1 04:44:39 2020

* Version:        2019.1 (Build 2552052 on Fri May 24 15:28:33 MDT 2019)
* Project:        proj_extr_.kittykittyunicode-data.c_mark_for_codepoint_with_main.c
* Solution:       sol
* Product family: kintex7
* Target device:  xc7k160t-fbg484-1


================================================================
== Performance Estimates
================================================================
+ Timing (ns): 
    * Summary: 
    +--------+-------+----------+------------+
    |  Clock | Target| Estimated| Uncertainty|
    +--------+-------+----------+------------+
    |ap_clk  |  10.00|     4.156|        1.25|
    +--------+-------+----------+------------+

+ Latency (clock cycles): 
    * Summary: 
    +-----+-----+-----+-----+---------+
    |  Latency  |  Interval | Pipeline|
    | min | max | min | max |   Type  |
    +-----+-----+-----+-----+---------+
    |    0|    0|    0|    0|   none  |
    +-----+-----+-----+-----+---------+

    + Detail: 
        * Instance: 
        N/A

        * Loop: 
        N/A



================================================================
== Utilization Estimates
================================================================
* Summary: 
+-----------------+---------+-------+--------+--------+-----+
|       Name      | BRAM_18K| DSP48E|   FF   |   LUT  | URAM|
+-----------------+---------+-------+--------+--------+-----+
|DSP              |        -|      -|       -|       -|    -|
|Expression       |        -|      -|       0|    4294|    -|
|FIFO             |        -|      -|       -|       -|    -|
|Instance         |        -|      -|       -|       -|    -|
|Memory           |        -|      -|       -|       -|    -|
|Multiplexer      |        -|      -|       -|    1281|    -|
|Register         |        -|      -|       -|       -|    -|
+-----------------+---------+-------+--------+--------+-----+
|Total            |        0|      0|       0|    5575|    0|
+-----------------+---------+-------+--------+--------+-----+
|Available        |      650|    600|  202800|  101400|    0|
+-----------------+---------+-------+--------+--------+-----+
|Utilization (%)  |        0|      0|       0|       5|    0|
+-----------------+---------+-------+--------+--------+-----+

+ Detail: 
    * Instance: 
    N/A

    * DSP48E: 
    N/A

    * Memory: 
    N/A

    * FIFO: 
    N/A

    * Expression: 
    +----------------------+----------+-------+---+----+------------+------------+
    |     Variable Name    | Operation| DSP48E| FF| LUT| Bitwidth P0| Bitwidth P1|
    +----------------------+----------+-------+---+----+------------+------------+
    |add_ln100_fu_7504_p2  |     +    |      0|  0|  19|          11|          12|
    |add_ln101_fu_7493_p2  |     +    |      0|  0|  19|          11|          12|
    |add_ln102_fu_7482_p2  |     +    |      0|  0|  19|          11|          12|
    |add_ln104_fu_7471_p2  |     +    |      0|  0|  19|          11|          12|
    |add_ln105_fu_7460_p2  |     +    |      0|  0|  19|          11|          12|
    |add_ln107_fu_7449_p2  |     +    |      0|  0|  19|          11|          12|
    |add_ln109_fu_7438_p2  |     +    |      0|  0|  19|          11|          12|
    |add_ln110_fu_7427_p2  |     +    |      0|  0|  19|          11|          12|
    |add_ln112_fu_7416_p2  |     +    |      0|  0|  19|          10|          12|
    |add_ln113_fu_7405_p2  |     +    |      0|  0|  19|          10|          12|
    |add_ln115_fu_7394_p2  |     +    |      0|  0|  19|          10|          12|
    |add_ln116_fu_7383_p2  |     +    |      0|  0|  19|          10|          12|
    |add_ln117_fu_7372_p2  |     +    |      0|  0|  19|          10|          12|
    |add_ln121_fu_7361_p2  |     +    |      0|  0|  19|          10|          12|
    |add_ln122_fu_7350_p2  |     +    |      0|  0|  19|          10|          12|
    |add_ln123_fu_7339_p2  |     +    |      0|  0|  19|          10|          12|
    |add_ln124_fu_7328_p2  |     +    |      0|  0|  19|          10|          12|
    |add_ln125_fu_7317_p2  |     +    |      0|  0|  19|          10|          12|
    |add_ln127_fu_7306_p2  |     +    |      0|  0|  19|          10|          12|
    |add_ln128_fu_7295_p2  |     +    |      0|  0|  19|          10|          12|
    |add_ln129_fu_7284_p2  |     +    |      0|  0|  19|          10|          12|
    |add_ln130_fu_7273_p2  |     +    |      0|  0|  19|          10|          12|
    |add_ln131_fu_7262_p2  |     +    |      0|  0|  19|          10|          12|
    |add_ln132_fu_7251_p2  |     +    |      0|  0|  19|          10|          12|
    |add_ln133_fu_7240_p2  |     +    |      0|  0|  19|          10|          12|
    |add_ln135_fu_7229_p2  |     +    |      0|  0|  19|          10|          12|
    |add_ln136_fu_7218_p2  |     +    |      0|  0|  19|           9|          12|
    |add_ln137_fu_7207_p2  |     +    |      0|  0|  19|          12|          12|
    |add_ln138_fu_7196_p2  |     +    |      0|  0|  19|          12|          12|
    |add_ln139_fu_7185_p2  |     +    |      0|  0|  19|          12|          12|
    |add_ln140_fu_7174_p2  |     +    |      0|  0|  19|          12|          12|
    |add_ln141_fu_7163_p2  |     +    |      0|  0|  19|          12|          12|
    |add_ln143_fu_7152_p2  |     +    |      0|  0|  19|          12|          12|
    |add_ln144_fu_7141_p2  |     +    |      0|  0|  19|          12|          12|
    |add_ln146_fu_7130_p2  |     +    |      0|  0|  19|          12|          12|
    |add_ln147_fu_7119_p2  |     +    |      0|  0|  19|          12|          12|
    |add_ln148_fu_7108_p2  |     +    |      0|  0|  19|          12|          12|
    |add_ln149_fu_7097_p2  |     +    |      0|  0|  19|          12|          12|
    |add_ln150_fu_7086_p2  |     +    |      0|  0|  19|          12|          12|
    |add_ln152_fu_7075_p2  |     +    |      0|  0|  19|          12|          12|
    |add_ln153_fu_7064_p2  |     +    |      0|  0|  19|          12|          12|
    |add_ln154_fu_7053_p2  |     +    |      0|  0|  19|          12|          12|
    |add_ln155_fu_7042_p2  |     +    |      0|  0|  19|          12|          12|
    |add_ln156_fu_7031_p2  |     +    |      0|  0|  19|          11|          12|
    |add_ln157_fu_7020_p2  |     +    |      0|  0|  19|          11|          12|
    |add_ln158_fu_7009_p2  |     +    |      0|  0|  19|          11|          12|
    |add_ln159_fu_6998_p2  |     +    |      0|  0|  19|          11|          12|
    |add_ln160_fu_6987_p2  |     +    |      0|  0|  19|          11|          12|
    |add_ln161_fu_6976_p2  |     +    |      0|  0|  19|          11|          12|
    |add_ln164_fu_6965_p2  |     +    |      0|  0|  19|          11|          12|
    |add_ln165_fu_6954_p2  |     +    |      0|  0|  19|          11|          12|
    |add_ln166_fu_6943_p2  |     +    |      0|  0|  19|          11|          12|
    |add_ln168_fu_6932_p2  |     +    |      0|  0|  19|          10|          12|
    |add_ln169_fu_6921_p2  |     +    |      0|  0|  19|          11|          12|
    |add_ln171_fu_6910_p2  |     +    |      0|  0|  19|          11|          12|
    |add_ln172_fu_6899_p2  |     +    |      0|  0|  19|          11|          12|
    |add_ln173_fu_6888_p2  |     +    |      0|  0|  19|          10|          12|
    |add_ln174_fu_6877_p2  |     +    |      0|  0|  19|          11|          12|
    |add_ln175_fu_6866_p2  |     +    |      0|  0|  19|          11|          12|
    |add_ln176_fu_6855_p2  |     +    |      0|  0|  19|          11|          12|
    |add_ln177_fu_6844_p2  |     +    |      0|  0|  19|          11|          12|
    |add_ln181_fu_6833_p2  |     +    |      0|  0|  19|          11|          12|
    |add_ln182_fu_6822_p2  |     +    |      0|  0|  19|          12|          12|
    |add_ln183_fu_6811_p2  |     +    |      0|  0|  19|          12|          12|
    |add_ln184_fu_6800_p2  |     +    |      0|  0|  19|          12|          12|
    |add_ln186_fu_6789_p2  |     +    |      0|  0|  19|          12|          12|
    |add_ln187_fu_6778_p2  |     +    |      0|  0|  19|          12|          12|
    |add_ln188_fu_6767_p2  |     +    |      0|  0|  19|          12|          12|
    |add_ln189_fu_6756_p2  |     +    |      0|  0|  19|          12|          12|
    |add_ln191_fu_6745_p2  |     +    |      0|  0|  19|          12|          12|
    |add_ln193_fu_6734_p2  |     +    |      0|  0|  19|          12|          12|
    |add_ln194_fu_6723_p2  |     +    |      0|  0|  19|          12|          12|
    |add_ln196_fu_6712_p2  |     +    |      0|  0|  19|          12|          12|
    |add_ln197_fu_6701_p2  |     +    |      0|  0|  19|          12|          12|
    |add_ln198_fu_6690_p2  |     +    |      0|  0|  19|          12|          12|
    |add_ln200_fu_6679_p2  |     +    |      0|  0|  19|          12|          12|
    |add_ln201_fu_6668_p2  |     +    |      0|  0|  19|          12|          12|
    |add_ln202_fu_6657_p2  |     +    |      0|  0|  19|          12|          12|
    |add_ln203_fu_6646_p2  |     +    |      0|  0|  19|          12|          12|
    |add_ln205_fu_6635_p2  |     +    |      0|  0|  19|          11|          12|
    |add_ln206_fu_6624_p2  |     +    |      0|  0|  19|          11|          12|
    |add_ln209_fu_6613_p2  |     +    |      0|  0|  19|           9|          12|
    |add_ln20_fu_8208_p2   |     +    |      0|  0|  19|          11|          12|
    |add_ln210_fu_6602_p2  |     +    |      0|  0|  19|          12|          12|
    |add_ln211_fu_6591_p2  |     +    |      0|  0|  19|          12|          12|
    |add_ln212_fu_6580_p2  |     +    |      0|  0|  19|          12|          12|
    |add_ln213_fu_6569_p2  |     +    |      0|  0|  19|          12|          12|
    |add_ln215_fu_6558_p2  |     +    |      0|  0|  19|          12|          12|
    |add_ln216_fu_6547_p2  |     +    |      0|  0|  19|          12|          12|
    |add_ln217_fu_6536_p2  |     +    |      0|  0|  19|          11|          12|
    |add_ln218_fu_6525_p2  |     +    |      0|  0|  19|          11|          12|
    |add_ln219_fu_6514_p2  |     +    |      0|  0|  19|          11|          12|
    |add_ln21_fu_8197_p2   |     +    |      0|  0|  19|          12|          12|
    |add_ln220_fu_6503_p2  |     +    |      0|  0|  19|          11|          12|
    |add_ln221_fu_6492_p2  |     +    |      0|  0|  19|          11|          12|
    |add_ln222_fu_6481_p2  |     +    |      0|  0|  19|          11|          12|
    |add_ln223_fu_6470_p2  |     +    |      0|  0|  19|          11|          12|
    |add_ln224_fu_6459_p2  |     +    |      0|  0|  19|          11|          12|
    |add_ln226_fu_6448_p2  |     +    |      0|  0|  19|          10|          12|
    |add_ln227_fu_6437_p2  |     +    |      0|  0|  19|          10|          12|
    |add_ln228_fu_6426_p2  |     +    |      0|  0|  19|          10|          12|
    |add_ln229_fu_6415_p2  |     +    |      0|  0|  19|          10|          12|
    |add_ln22_fu_8186_p2   |     +    |      0|  0|  19|          12|          12|
    |add_ln231_fu_6404_p2  |     +    |      0|  0|  19|          10|          12|
    |add_ln232_fu_6393_p2  |     +    |      0|  0|  19|          10|          12|
    |add_ln233_fu_6382_p2  |     +    |      0|  0|  19|          10|          12|
    |add_ln234_fu_6371_p2  |     +    |      0|  0|  19|          10|          12|
    |add_ln235_fu_6360_p2  |     +    |      0|  0|  19|          10|          12|
    |add_ln236_fu_6349_p2  |     +    |      0|  0|  19|          10|          12|
    |add_ln238_fu_6338_p2  |     +    |      0|  0|  19|          10|          12|
    |add_ln239_fu_6327_p2  |     +    |      0|  0|  19|          10|          12|
    |add_ln240_fu_6316_p2  |     +    |      0|  0|  19|          10|          12|
    |add_ln241_fu_6305_p2  |     +    |      0|  0|  19|           9|          12|
    |add_ln243_fu_6294_p2  |     +    |      0|  0|  19|           9|          12|
    |add_ln244_fu_6283_p2  |     +    |      0|  0|  19|           6|          12|
    |add_ln245_fu_6272_p2  |     +    |      0|  0|  19|           6|          12|
    |add_ln246_fu_6261_p2  |     +    |      0|  0|  19|           5|          12|
    |add_ln247_fu_6250_p2  |     +    |      0|  0|  19|           7|          12|
    |add_ln248_fu_6239_p2  |     +    |      0|  0|  19|           9|          12|
    |add_ln249_fu_6228_p2  |     +    |      0|  0|  19|          10|          12|
    |add_ln24_fu_8175_p2   |     +    |      0|  0|  19|          12|          12|
    |add_ln250_fu_6217_p2  |     +    |      0|  0|  19|          11|          12|
    |add_ln251_fu_6206_p2  |     +    |      0|  0|  19|          11|          12|
    |add_ln252_fu_6195_p2  |     +    |      0|  0|  19|          11|          12|
    |add_ln254_fu_6184_p2  |     +    |      0|  0|  19|          11|          12|
    |add_ln255_fu_6173_p2  |     +    |      0|  0|  19|          11|          12|
    |add_ln256_fu_6162_p2  |     +    |      0|  0|  19|          11|          12|
    |add_ln258_fu_6151_p2  |     +    |      0|  0|  19|          11|          12|
    |add_ln259_fu_6140_p2  |     +    |      0|  0|  19|          12|          12|
    |add_ln25_fu_8164_p2   |     +    |      0|  0|  19|          12|          12|
    |add_ln260_fu_6129_p2  |     +    |      0|  0|  19|          12|          12|
    |add_ln261_fu_6118_p2  |     +    |      0|  0|  19|          12|          12|
    |add_ln262_fu_6107_p2  |     +    |      0|  0|  19|          12|          12|
    |add_ln263_fu_6096_p2  |     +    |      0|  0|  19|          12|          12|
    |add_ln264_fu_6085_p2  |     +    |      0|  0|  19|          12|          12|
    |add_ln266_fu_6074_p2  |     +    |      0|  0|  19|          12|          12|
    |add_ln267_fu_6063_p2  |     +    |      0|  0|  19|          12|          12|
    |add_ln269_fu_6052_p2  |     +    |      0|  0|  19|          12|          12|
    |add_ln270_fu_6041_p2  |     +    |      0|  0|  19|          12|          12|
    |add_ln271_fu_6030_p2  |     +    |      0|  0|  19|          12|          12|
    |add_ln272_fu_6019_p2  |     +    |      0|  0|  19|          11|          12|
    |add_ln273_fu_6008_p2  |     +    |      0|  0|  19|          12|          12|
    |add_ln274_fu_5997_p2  |     +    |      0|  0|  19|          12|          12|
    |add_ln276_fu_5986_p2  |     +    |      0|  0|  19|          11|          12|
    |add_ln277_fu_5975_p2  |     +    |      0|  0|  19|          11|          12|
    |add_ln278_fu_5964_p2  |     +    |      0|  0|  19|          12|          12|
    |add_ln279_fu_5953_p2  |     +    |      0|  0|  19|          11|          12|
    |add_ln27_fu_8153_p2   |     +    |      0|  0|  19|          12|          12|
    |add_ln280_fu_5942_p2  |     +    |      0|  0|  19|          11|          12|
    |add_ln281_fu_5931_p2  |     +    |      0|  0|  19|          11|          12|
    |add_ln282_fu_5920_p2  |     +    |      0|  0|  19|          11|          12|
    |add_ln283_fu_5909_p2  |     +    |      0|  0|  19|          11|          12|
    |add_ln284_fu_5898_p2  |     +    |      0|  0|  19|          11|          12|
    |add_ln285_fu_5887_p2  |     +    |      0|  0|  19|          11|          12|
    |add_ln286_fu_5876_p2  |     +    |      0|  0|  19|          11|          12|
    |add_ln289_fu_5865_p2  |     +    |      0|  0|  19|          11|          12|
    |add_ln28_fu_8142_p2   |     +    |      0|  0|  19|          12|          12|
    |add_ln290_fu_5854_p2  |     +    |      0|  0|  19|          11|          12|
    |add_ln291_fu_5843_p2  |     +    |      0|  0|  19|          11|          12|
    |add_ln292_fu_5832_p2  |     +    |      0|  0|  19|          11|          12|
    |add_ln293_fu_5821_p2  |     +    |      0|  0|  19|          11|          12|
    |add_ln294_fu_5810_p2  |     +    |      0|  0|  19|          11|          12|
    |add_ln295_fu_5799_p2  |     +    |      0|  0|  19|          11|          12|
    |add_ln296_fu_5788_p2  |     +    |      0|  0|  19|          11|          12|
    |add_ln297_fu_5777_p2  |     +    |      0|  0|  19|          11|          12|
    |add_ln298_fu_5766_p2  |     +    |      0|  0|  19|           9|          12|
    |add_ln299_fu_5755_p2  |     +    |      0|  0|  19|          10|          12|
    |add_ln300_fu_5744_p2  |     +    |      0|  0|  19|          10|          12|
    |add_ln301_fu_8219_p2  |     +    |      0|  0|  19|          11|          12|
    |add_ln30_fu_8131_p2   |     +    |      0|  0|  19|          12|          12|
    |add_ln31_fu_8120_p2   |     +    |      0|  0|  19|          12|          12|
    |add_ln32_fu_8109_p2   |     +    |      0|  0|  19|          12|          12|
    |add_ln33_fu_8098_p2   |     +    |      0|  0|  19|          12|          12|
    |add_ln35_fu_8087_p2   |     +    |      0|  0|  19|          12|          12|
    |add_ln36_fu_8076_p2   |     +    |      0|  0|  19|          12|          12|
    |add_ln37_fu_8065_p2   |     +    |      0|  0|  19|          12|          12|
    |add_ln39_fu_8054_p2   |     +    |      0|  0|  19|          12|          12|
    |add_ln40_fu_8043_p2   |     +    |      0|  0|  19|          12|          12|
    |add_ln41_fu_8032_p2   |     +    |      0|  0|  19|          12|          12|
    |add_ln42_fu_8021_p2   |     +    |      0|  0|  19|          12|          12|
    |add_ln43_fu_8010_p2   |     +    |      0|  0|  19|          12|          12|
    |add_ln44_fu_7999_p2   |     +    |      0|  0|  19|          12|          12|
    |add_ln45_fu_7988_p2   |     +    |      0|  0|  19|          12|          12|
    |add_ln46_fu_7977_p2   |     +    |      0|  0|  19|          12|          12|
    |add_ln47_fu_7966_p2   |     +    |      0|  0|  19|          12|          12|
    |add_ln48_fu_7955_p2   |     +    |      0|  0|  19|          12|          12|
    |add_ln49_fu_7944_p2   |     +    |      0|  0|  19|          12|          12|
    |add_ln50_fu_7933_p2   |     +    |      0|  0|  19|          11|          12|
    |add_ln52_fu_7922_p2   |     +    |      0|  0|  19|          11|          12|
    |add_ln53_fu_7911_p2   |     +    |      0|  0|  19|          11|          12|
    |add_ln54_fu_7900_p2   |     +    |      0|  0|  19|          11|          12|
    |add_ln56_fu_7889_p2   |     +    |      0|  0|  19|          11|          12|
    |add_ln58_fu_7878_p2   |     +    |      0|  0|  19|          11|          12|
    |add_ln60_fu_7867_p2   |     +    |      0|  0|  19|          11|          12|
    |add_ln61_fu_7856_p2   |     +    |      0|  0|  19|          11|          12|
    |add_ln62_fu_7845_p2   |     +    |      0|  0|  19|          11|          12|
    |add_ln64_fu_7834_p2   |     +    |      0|  0|  19|          11|          12|
    |add_ln66_fu_7823_p2   |     +    |      0|  0|  19|          11|          12|
    |add_ln68_fu_7812_p2   |     +    |      0|  0|  19|          11|          12|
    |add_ln69_fu_7801_p2   |     +    |      0|  0|  19|          11|          12|
    |add_ln70_fu_7790_p2   |     +    |      0|  0|  19|          11|          12|
    |add_ln71_fu_7779_p2   |     +    |      0|  0|  19|          11|          12|
    |add_ln72_fu_7768_p2   |     +    |      0|  0|  19|          11|          12|
    |add_ln73_fu_7757_p2   |     +    |      0|  0|  19|          11|          12|
    |add_ln75_fu_7746_p2   |     +    |      0|  0|  19|          11|          12|
    |add_ln76_fu_7735_p2   |     +    |      0|  0|  19|          11|          12|
    |add_ln77_fu_7724_p2   |     +    |      0|  0|  19|          11|          12|
    |add_ln78_fu_7713_p2   |     +    |      0|  0|  19|          11|          12|
    |add_ln79_fu_7702_p2   |     +    |      0|  0|  19|          11|          12|
    |add_ln81_fu_7691_p2   |     +    |      0|  0|  19|          11|          12|
    |add_ln82_fu_7680_p2   |     +    |      0|  0|  19|          11|          12|
    |add_ln83_fu_7669_p2   |     +    |      0|  0|  19|          11|          12|
    |add_ln85_fu_7658_p2   |     +    |      0|  0|  19|          11|          12|
    |add_ln86_fu_7647_p2   |     +    |      0|  0|  19|          11|          12|
    |add_ln87_fu_7636_p2   |     +    |      0|  0|  19|          11|          12|
    |add_ln88_fu_7625_p2   |     +    |      0|  0|  19|          11|          12|
    |add_ln89_fu_7614_p2   |     +    |      0|  0|  19|          11|          12|
    |add_ln90_fu_7603_p2   |     +    |      0|  0|  19|          11|          12|
    |add_ln91_fu_7592_p2   |     +    |      0|  0|  19|          11|          12|
    |add_ln93_fu_7581_p2   |     +    |      0|  0|  19|          11|          12|
    |add_ln94_fu_7570_p2   |     +    |      0|  0|  19|          11|          12|
    |add_ln95_fu_7559_p2   |     +    |      0|  0|  19|          11|          12|
    |add_ln96_fu_7548_p2   |     +    |      0|  0|  19|          11|          12|
    |add_ln97_fu_7537_p2   |     +    |      0|  0|  19|          11|          12|
    |add_ln98_fu_7526_p2   |     +    |      0|  0|  19|          11|          12|
    |add_ln99_fu_7515_p2   |     +    |      0|  0|  19|          11|          12|
    +----------------------+----------+-------+---+----+------------+------------+
    |Total                 |          |      0|  0|4294|        2495|        2712|
    +----------------------+----------+-------+---+----+------------+------------+

    * Multiplexer: 
    +---------------------------------+------+-----------+-----+-----------+
    |               Name              |  LUT | Input Size| Bits| Total Bits|
    +---------------------------------+------+-----------+-----+-----------+
    |ap_phi_mux_p_0_phi_fu_5115_p566  |  1281|        284|   12|       3408|
    +---------------------------------+------+-----------+-----+-----------+
    |Total                            |  1281|        284|   12|       3408|
    +---------------------------------+------+-----------+-----+-----------+

    * Register: 
    N/A



================================================================
== Interface
================================================================
* Summary: 
+-----------+-----+-----+------------+--------------------+--------------+
| RTL Ports | Dir | Bits|  Protocol  |    Source Object   |    C Type    |
+-----------+-----+-----+------------+--------------------+--------------+
|ap_start   |  in |    1| ap_ctrl_hs | mark_for_codepoint | return value |
|ap_done    | out |    1| ap_ctrl_hs | mark_for_codepoint | return value |
|ap_idle    | out |    1| ap_ctrl_hs | mark_for_codepoint | return value |
|ap_ready   | out |    1| ap_ctrl_hs | mark_for_codepoint | return value |
|ap_return  | out |   32| ap_ctrl_hs | mark_for_codepoint | return value |
|c          |  in |   32|   ap_none  |          c         |    scalar    |
+-----------+-----+-----+------------+--------------------+--------------+

