

================================================================
== Vivado HLS Report for 'poly5'
================================================================
* Date:           Mon Apr 27 12:25:18 2020

* Version:        2019.1 (Build 2552052 on Fri May 24 15:28:33 MDT 2019)
* Project:        proj
* Solution:       sol
* Product family: virtexuplus
* Target device:  xcvu9p-flgb2104-2-i


================================================================
== Performance Estimates
================================================================
+ Timing (ns): 
    * Summary: 
    +--------+-------+----------+------------+
    |  Clock | Target| Estimated| Uncertainty|
    +--------+-------+----------+------------+
    |ap_clk  |  10.00|     8.167|        1.25|
    +--------+-------+----------+------------+

+ Latency (clock cycles): 
    * Summary: 
    +-------+-------+-------+-------+---------+
    |    Latency    |    Interval   | Pipeline|
    |  min  |  max  |  min  |  max  |   Type  |
    +-------+-------+-------+-------+---------+
    |  30202|  30202|  30202|  30202|   none  |
    +-------+-------+-------+-------+---------+

    + Detail: 
        * Instance: 
        N/A

        * Loop: 
        +-------------+-------+-------+----------+-----------+-----------+------+----------+
        |             |    Latency    | Iteration|  Initiation Interval  | Trip |          |
        |  Loop Name  |  min  |  max  |  Latency |  achieved |   target  | Count| Pipelined|
        +-------------+-------+-------+----------+-----------+-----------+------+----------+
        |- Loop 1     |  30200|  30200|       302|          -|          -|   100|    no    |
        | + Loop 1.1  |    300|    300|         3|          -|          -|   100|    no    |
        +-------------+-------+-------+----------+-----------+-----------+------+----------+



================================================================
== Utilization Estimates
================================================================
* Summary: 
+---------------------+---------+-------+---------+---------+-----+
|         Name        | BRAM_18K| DSP48E|    FF   |   LUT   | URAM|
+---------------------+---------+-------+---------+---------+-----+
|DSP                  |        -|      7|        -|        -|    -|
|Expression           |        -|     10|        0|      248|    -|
|FIFO                 |        -|      -|        -|        -|    -|
|Instance             |        -|      -|        -|        -|    -|
|Memory               |        -|      -|        -|        -|    -|
|Multiplexer          |        -|      -|        -|       71|    -|
|Register             |        -|      -|      185|        -|    -|
+---------------------+---------+-------+---------+---------+-----+
|Total                |        0|     17|      185|      319|    0|
+---------------------+---------+-------+---------+---------+-----+
|Available SLR        |     1440|   2280|   788160|   394080|  320|
+---------------------+---------+-------+---------+---------+-----+
|Utilization SLR (%)  |        0|   ~0  |    ~0   |    ~0   |    0|
+---------------------+---------+-------+---------+---------+-----+
|Available            |     4320|   6840|  2364480|  1182240|  960|
+---------------------+---------+-------+---------+---------+-----+
|Utilization (%)      |        0|   ~0  |    ~0   |    ~0   |    0|
+---------------------+---------+-------+---------+---------+-----+

+ Detail: 
    * Instance: 
    N/A

    * DSP48E: 
    +-----------------------------------------------+--------------------------------------------+---------------------+
    |                    Instance                   |                   Module                   |      Expression     |
    +-----------------------------------------------+--------------------------------------------+---------------------+
    |poly5_am_addmul_24s_22s_16s_32_1_1_U4          |poly5_am_addmul_24s_22s_16s_32_1_1          |    i0 * (i1 + i2)   |
    |poly5_ama_addmuladd_16s_9s_16s_13ns_32_1_1_U5  |poly5_ama_addmuladd_16s_9s_16s_13ns_32_1_1  | i0 * (i1 + i2) + i3 |
    |poly5_mac_muladd_16s_16s_17ns_32_1_1_U1        |poly5_mac_muladd_16s_16s_17ns_32_1_1        |     i0 * i1 + i2    |
    |poly5_mac_muladd_16s_23s_32s_32_1_1_U3         |poly5_mac_muladd_16s_23s_32s_32_1_1         |     i0 + i1 * i2    |
    |poly5_mac_muladd_16s_8ns_15s_23_1_1_U2         |poly5_mac_muladd_16s_8ns_15s_23_1_1         |     i0 * i1 + i2    |
    |poly5_mac_mulsub_16s_18s_32s_32_1_1_U6         |poly5_mac_mulsub_16s_18s_32s_32_1_1         |     i0 - i1 * i2    |
    |poly5_mul_mul_16s_16s_32_1_1_U7                |poly5_mul_mul_16s_16s_32_1_1                |       i0 * i1       |
    +-----------------------------------------------+--------------------------------------------+---------------------+

    * Memory: 
    N/A

    * FIFO: 
    N/A

    * Expression: 
    +----------------------+----------+-------+---+----+------------+------------+
    |     Variable Name    | Operation| DSP48E| FF| LUT| Bitwidth P0| Bitwidth P1|
    +----------------------+----------+-------+---+----+------------+------------+
    |mul_ln13_1_fu_210_p2  |     *    |      2|  0|  20|          16|          32|
    |mul_ln13_5_fu_298_p2  |     *    |      3|  0|  20|          32|          32|
    |mul_ln13_8_fu_305_p2  |     *    |      2|  0|  20|          16|          32|
    |out_r_d0              |     *    |      3|  0|  20|          32|          32|
    |add_ln13_2_fu_215_p2  |     +    |      0|  0|  32|          32|          23|
    |add_ln13_7_fu_282_p2  |     +    |      0|  0|  18|          18|           8|
    |add_ln13_8_fu_256_p2  |     +    |      0|  0|  22|          22|          14|
    |add_ln13_fu_187_p2    |     +    |      0|  0|  10|          10|          10|
    |i_fu_158_p2           |     +    |      0|  0|   7|           7|           1|
    |k_fu_174_p2           |     +    |      0|  0|   7|           7|           1|
    |tmp_fu_310_p2         |     +    |      0|  0|  32|          32|          32|
    |sub_ln13_fu_288_p2    |     -    |      0|  0|  18|          18|          18|
    |icmp_ln10_fu_152_p2   |   icmp   |      0|  0|  11|           7|           6|
    |icmp_ln12_fu_168_p2   |   icmp   |      0|  0|  11|           7|           6|
    +----------------------+----------+-------+---+----+------------+------------+
    |Total                 |          |     10|  0| 248|         256|         247|
    +----------------------+----------+-------+---+----+------------+------------+

    * Multiplexer: 
    +----------------+----+-----------+-----+-----------+
    |      Name      | LUT| Input Size| Bits| Total Bits|
    +----------------+----+-----------+-----+-----------+
    |ap_NS_fsm       |  38|          7|    1|          7|
    |i_0_reg_130     |   9|          2|    7|         14|
    |k_0_reg_141     |   9|          2|    7|         14|
    |out_r_address0  |  15|          3|    7|         21|
    +----------------+----+-----------+-----+-----------+
    |Total           |  71|         14|   22|         56|
    +----------------+----+-----------+-----+-----------+

    * Register: 
    +---------------------+----+----+-----+-----------+
    |         Name        | FF | LUT| Bits| Const Bits|
    +---------------------+----+----+-----+-----------+
    |add_ln13_2_reg_426   |  32|   0|   32|          0|
    |add_ln13_5_reg_436   |  32|   0|   32|          0|
    |ap_CS_fsm            |   6|   0|    6|          0|
    |c_load_reg_441       |  16|   0|   16|          0|
    |i_0_reg_130          |   7|   0|    7|          0|
    |i_reg_388            |   7|   0|    7|          0|
    |k_0_reg_141          |   7|   0|    7|          0|
    |k_reg_396            |   7|   0|    7|          0|
    |sext_ln13_3_reg_431  |  32|   0|   32|          0|
    |sub_ln13_1_reg_446   |  32|   0|   32|          0|
    |zext_ln13_reg_401    |   7|   0|   64|         57|
    +---------------------+----+----+-----+-----------+
    |Total                | 185|   0|  242|         57|
    +---------------------+----+----+-----+-----------+



================================================================
== Interface
================================================================
* Summary: 
+----------------+-----+-----+------------+--------------+--------------+
|    RTL Ports   | Dir | Bits|  Protocol  | Source Object|    C Type    |
+----------------+-----+-----+------------+--------------+--------------+
|ap_clk          |  in |    1| ap_ctrl_hs |     poly5    | return value |
|ap_rst          |  in |    1| ap_ctrl_hs |     poly5    | return value |
|ap_start        |  in |    1| ap_ctrl_hs |     poly5    | return value |
|ap_done         | out |    1| ap_ctrl_hs |     poly5    | return value |
|ap_idle         | out |    1| ap_ctrl_hs |     poly5    | return value |
|ap_ready        | out |    1| ap_ctrl_hs |     poly5    | return value |
|ap_return       | out |   32| ap_ctrl_hs |     poly5    | return value |
|a_address0      | out |    7|  ap_memory |       a      |     array    |
|a_ce0           | out |    1|  ap_memory |       a      |     array    |
|a_q0            |  in |   16|  ap_memory |       a      |     array    |
|a_address1      | out |    7|  ap_memory |       a      |     array    |
|a_ce1           | out |    1|  ap_memory |       a      |     array    |
|a_q1            |  in |   16|  ap_memory |       a      |     array    |
|b_address0      | out |    7|  ap_memory |       b      |     array    |
|b_ce0           | out |    1|  ap_memory |       b      |     array    |
|b_q0            |  in |   16|  ap_memory |       b      |     array    |
|c_address0      | out |    7|  ap_memory |       c      |     array    |
|c_ce0           | out |    1|  ap_memory |       c      |     array    |
|c_q0            |  in |   16|  ap_memory |       c      |     array    |
|out_r_address0  | out |    7|  ap_memory |     out_r    |     array    |
|out_r_ce0       | out |    1|  ap_memory |     out_r    |     array    |
|out_r_we0       | out |    1|  ap_memory |     out_r    |     array    |
|out_r_d0        | out |   32|  ap_memory |     out_r    |     array    |
|out_r_q0        |  in |   32|  ap_memory |     out_r    |     array    |
+----------------+-----+-----+------------+--------------+--------------+

