

================================================================
== Vivado HLS Report for 'resolveResolved'
================================================================
* Date:           Tue May 26 03:40:14 2020

* Version:        2019.1 (Build 2552052 on Fri May 24 15:28:33 MDT 2019)
* Project:        proj_extr_.reactosdllwin32usp10bidi.c_resolveResolved_with_main.c
* Solution:       solution1
* Product family: kintex7
* Target device:  xc7k160t-fbg484-1


================================================================
== Performance Estimates
================================================================
+ Timing (ns): 
    * Summary: 
    +--------+-------+----------+------------+
    |  Clock | Target| Estimated| Uncertainty|
    +--------+-------+----------+------------+
    |ap_clk  |  10.00|     4.449|        1.25|
    +--------+-------+----------+------------+

+ Latency (clock cycles): 
    * Summary: 
    +-----+-----+-----+-----+---------+
    |  Latency  |  Interval | Pipeline|
    | min | max | min | max |   Type  |
    +-----+-----+-----+-----+---------+
    |    ?|    ?|    ?|    ?|   none  |
    +-----+-----+-----+-----+---------+

    + Detail: 
        * Instance: 
        N/A

        * Loop: 
        +-------------+-----+-----+----------+-----------+-----------+------+----------+
        |             |  Latency  | Iteration|  Initiation Interval  | Trip |          |
        |  Loop Name  | min | max |  Latency |  achieved |   target  | Count| Pipelined|
        +-------------+-----+-----+----------+-----------+-----------+------+----------+
        |- Loop 1     |    ?|    ?|         ?|          -|          -|     ?|    no    |
        | + Loop 1.1  |    ?|    ?|         2|          -|          -|     ?|    no    |
        | + Loop 1.2  |    ?|    ?|         2|          -|          -|     ?|    no    |
        +-------------+-----+-----+----------+-----------+-----------+------+----------+



================================================================
== Utilization Estimates
================================================================
* Summary: 
+-----------------+---------+-------+--------+--------+-----+
|       Name      | BRAM_18K| DSP48E|   FF   |   LUT  | URAM|
+-----------------+---------+-------+--------+--------+-----+
|DSP              |        -|      -|       -|       -|    -|
|Expression       |        -|      -|       0|     249|    -|
|FIFO             |        -|      -|       -|       -|    -|
|Instance         |        -|      -|       -|       -|    -|
|Memory           |        -|      -|       -|       -|    -|
|Multiplexer      |        -|      -|       -|     119|    -|
|Register         |        -|      -|     342|       -|    -|
+-----------------+---------+-------+--------+--------+-----+
|Total            |        0|      0|     342|     368|    0|
+-----------------+---------+-------+--------+--------+-----+
|Available        |      650|    600|  202800|  101400|    0|
+-----------------+---------+-------+--------+--------+-----+
|Utilization (%)  |        0|      0|   ~0   |   ~0   |    0|
+-----------------+---------+-------+--------+--------+-----+

+ Detail: 
    * Instance: 
    N/A

    * DSP48E: 
    N/A

    * Memory: 
    N/A

    * FIFO: 
    N/A

    * Expression: 
    +-----------------------+----------+-------+---+----+------------+------------+
    |     Variable Name     | Operation| DSP48E| FF| LUT| Bitwidth P0| Bitwidth P1|
    +-----------------------+----------+-------+---+----+------------+------------+
    |i_fu_215_p2            |     +    |      0|  0|  39|          32|           1|
    |j_2_fu_209_p2          |     +    |      0|  0|  39|          32|           2|
    |j_fu_173_p2            |     +    |      0|  0|  39|          32|           2|
    |ap_condition_208       |    and   |      0|  0|   6|           1|           1|
    |ap_condition_211       |    and   |      0|  0|   6|           1|           1|
    |grp_fu_141_p2          |   icmp   |      0|  0|  18|          32|           1|
    |icmp_ln34_fu_152_p2    |   icmp   |      0|  0|  18|          32|          32|
    |icmp_ln39_1_fu_179_p2  |   icmp   |      0|  0|  18|          32|          32|
    |icmp_ln39_fu_162_p2    |   icmp   |      0|  0|  18|          32|          32|
    |icmp_ln51_fu_194_p2    |   icmp   |      0|  0|  18|          32|          32|
    |icmp_ln57_fu_199_p2    |   icmp   |      0|  0|  18|          32|          32|
    |or_ln39_fu_184_p2      |    or    |      0|  0|   6|           1|           1|
    |xor_ln39_fu_167_p2     |    xor   |      0|  0|   6|           1|           2|
    +-----------------------+----------+-------+---+----+------------+------------+
    |Total                  |          |      0|  0| 249|         292|         171|
    +-----------------------+----------+-------+---+----+------------+------------+

    * Multiplexer: 
    +-----------------+----+-----------+-----+-----------+
    |       Name      | LUT| Input Size| Bits| Total Bits|
    +-----------------+----+-----------+-----+-----------+
    |ap_NS_fsm        |  44|          9|    1|          9|
    |j1_0_reg_131     |   9|          2|   32|         64|
    |j_0_in_reg_121   |   9|          2|   32|         64|
    |j_1_reg_111      |   9|          2|   32|         64|
    |pcls_address0    |  27|          5|    8|         40|
    |plevel_address0  |  21|          4|    8|         32|
    +-----------------+----+-----------+-----+-----------+
    |Total            | 119|         24|  113|        273|
    +-----------------+----+-----------+-----+-----------+

    * Register: 
    +---------------------+----+----+-----+-----------+
    |         Name        | FF | LUT| Bits| Const Bits|
    +---------------------+----+----+-----+-----------+
    |ap_CS_fsm            |   8|   0|    8|          0|
    |icmp_ln36_reg_259    |   1|   0|    1|          0|
    |icmp_ln51_1_reg_294  |   1|   0|    1|          0|
    |icmp_ln51_reg_290    |   1|   0|    1|          0|
    |icmp_ln57_reg_298    |   1|   0|    1|          0|
    |j1_0_reg_131         |  32|   0|   32|          0|
    |j_0_in_reg_121       |  32|   0|   32|          0|
    |j_1_reg_111          |  32|   0|   32|          0|
    |j_reg_268            |  32|   0|   32|          0|
    |or_ln39_reg_273      |   1|   0|    1|          0|
    |pcls_addr_2_reg_241  |   8|   0|    8|          0|
    |sext_ln36_reg_249    |  64|   0|   64|          0|
    |sext_ln39_reg_277    |  64|   0|   64|          0|
    |sext_ln57_reg_302    |  64|   0|   64|          0|
    |xor_ln39_reg_263     |   1|   0|    1|          0|
    +---------------------+----+----+-----+-----------+
    |Total                | 342|   0|  342|          0|
    +---------------------+----+----+-----+-----------+



================================================================
== Interface
================================================================
* Summary: 
+-----------------+-----+-----+------------+-----------------+--------------+
|    RTL Ports    | Dir | Bits|  Protocol  |  Source Object  |    C Type    |
+-----------------+-----+-----+------------+-----------------+--------------+
|ap_clk           |  in |    1| ap_ctrl_hs | resolveResolved | return value |
|ap_rst           |  in |    1| ap_ctrl_hs | resolveResolved | return value |
|ap_start         |  in |    1| ap_ctrl_hs | resolveResolved | return value |
|ap_done          | out |    1| ap_ctrl_hs | resolveResolved | return value |
|ap_idle          | out |    1| ap_ctrl_hs | resolveResolved | return value |
|ap_ready         | out |    1| ap_ctrl_hs | resolveResolved | return value |
|baselevel        |  in |   32|   ap_none  |    baselevel    |    scalar    |
|pcls_address0    | out |    8|  ap_memory |       pcls      |     array    |
|pcls_ce0         | out |    1|  ap_memory |       pcls      |     array    |
|pcls_q0          |  in |   32|  ap_memory |       pcls      |     array    |
|plevel_address0  | out |    8|  ap_memory |      plevel     |     array    |
|plevel_ce0       | out |    1|  ap_memory |      plevel     |     array    |
|plevel_we0       | out |    1|  ap_memory |      plevel     |     array    |
|plevel_d0        | out |   32|  ap_memory |      plevel     |     array    |
|sos              |  in |   32|   ap_none  |       sos       |    scalar    |
|eos              |  in |   32|   ap_none  |       eos       |    scalar    |
+-----------------+-----+-----+------------+-----------------+--------------+

