

================================================================
== Vivado HLS Report for 'getPixelColorRGBA16'
================================================================
* Date:           Tue May 26 00:08:49 2020

* Version:        2019.1 (Build 2552052 on Fri May 24 15:28:33 MDT 2019)
* Project:        proj_extr_.Craftdepslodepnglodepng.c_getPixelColorRGBA16_with_main.c
* Solution:       solution1
* Product family: kintex7
* Target device:  xc7k160t-fbg484-1


================================================================
== Performance Estimates
================================================================
+ Timing (ns): 
    * Summary: 
    +--------+-------+----------+------------+
    |  Clock | Target| Estimated| Uncertainty|
    +--------+-------+----------+------------+
    |ap_clk  |  10.00|     7.494|        1.25|
    +--------+-------+----------+------------+

+ Latency (clock cycles): 
    * Summary: 
    +-----+-----+-----+-----+---------+
    |  Latency  |  Interval | Pipeline|
    | min | max | min | max |   Type  |
    +-----+-----+-----+-----+---------+
    |    2|    3|    2|    3|   none  |
    +-----+-----+-----+-----+---------+

    + Detail: 
        * Instance: 
        N/A

        * Loop: 
        N/A

============================================================
+ Verbose Summary: Synthesis Manager
============================================================
InlineROM: 1
ExposeGlobal: 0
============================================================
+ Verbose Summary: CDFG Model
============================================================
IsTopModel: 1
ResetActiveHigh: 1
IsCombinational: 0
IsDatapathOnly: 0
HasWiredReturn: 1
HasMFsm: 0
HasVarLatency: 1
IsPipeline: 0
IsRtlPipelined: 0
IsInstanceOverlapped: 0
IsDontTouch: 0
HasImplIP: 0
IsGatedGlobalClock: 0


============================================================
+ Verbose Summary: Schedule
============================================================
* Number of FSM states : 4
* Pipeline : 0
* Dataflow Pipeline: 0

* FSM state transitions: 
1 --> 2 
2 --> 3 4 
3 --> 4 
4 --> 

* FSM state operations: 

State 1 <SV = 0> <Delay = 2.66>
ST_1 : Operation 5 [1/1] (0.00ns)   --->   "%mode_bitdepth_addr = getelementptr [1000 x i32]* %mode_bitdepth, i64 0, i64 0" [extr_.Craftdepslodepnglodepng.c_getPixelColorRGBA16_with_main.c:23]   --->   Operation 5 'getelementptr' 'mode_bitdepth_addr' <Predicate = true> <Delay = 0.00>
ST_1 : Operation 6 [2/2] (2.66ns)   --->   "%mode_bitdepth_load = load i32* %mode_bitdepth_addr, align 4" [extr_.Craftdepslodepnglodepng.c_getPixelColorRGBA16_with_main.c:25]   --->   Operation 6 'load' 'mode_bitdepth_load' <Predicate = true> <Delay = 2.66> <Core = "RAM">   --->   Core 37 'RAM' <Latency = 1> <II = 1> <Delay = 2.66> <Storage> <Opcode : 'load' 'store'> <Ports = 2> <Width = 16> <Depth = 1000> <RAM>

State 2 <SV = 1> <Delay = 5.27>
ST_2 : Operation 7 [1/1] (0.00ns)   --->   "call void (...)* @_ssdm_op_SpecBitsMap([1000 x i16]* %r), !map !35"   --->   Operation 7 'specbitsmap' <Predicate = true> <Delay = 0.00>
ST_2 : Operation 8 [1/1] (0.00ns)   --->   "call void (...)* @_ssdm_op_SpecBitsMap([1000 x i16]* %g), !map !41"   --->   Operation 8 'specbitsmap' <Predicate = true> <Delay = 0.00>
ST_2 : Operation 9 [1/1] (0.00ns)   --->   "call void (...)* @_ssdm_op_SpecBitsMap([1000 x i16]* %b), !map !45"   --->   Operation 9 'specbitsmap' <Predicate = true> <Delay = 0.00>
ST_2 : Operation 10 [1/1] (0.00ns)   --->   "call void (...)* @_ssdm_op_SpecBitsMap([1000 x i16]* %a), !map !49"   --->   Operation 10 'specbitsmap' <Predicate = true> <Delay = 0.00>
ST_2 : Operation 11 [1/1] (0.00ns)   --->   "call void (...)* @_ssdm_op_SpecBitsMap([1000 x i8]* %in_r), !map !53"   --->   Operation 11 'specbitsmap' <Predicate = true> <Delay = 0.00>
ST_2 : Operation 12 [1/1] (0.00ns)   --->   "call void (...)* @_ssdm_op_SpecBitsMap(i64 %i), !map !57"   --->   Operation 12 'specbitsmap' <Predicate = true> <Delay = 0.00>
ST_2 : Operation 13 [1/1] (0.00ns)   --->   "call void (...)* @_ssdm_op_SpecBitsMap([1000 x i32]* %mode_bitdepth), !map !63"   --->   Operation 13 'specbitsmap' <Predicate = true> <Delay = 0.00>
ST_2 : Operation 14 [1/1] (0.00ns)   --->   "call void (...)* @_ssdm_op_SpecBitsMap([1000 x i32]* %mode_colortype), !map !67"   --->   Operation 14 'specbitsmap' <Predicate = true> <Delay = 0.00>
ST_2 : Operation 15 [1/1] (0.00ns)   --->   "call void (...)* @_ssdm_op_SpecBitsMap([1000 x i32]* %mode_key_r), !map !71"   --->   Operation 15 'specbitsmap' <Predicate = true> <Delay = 0.00>
ST_2 : Operation 16 [1/1] (0.00ns)   --->   "call void (...)* @_ssdm_op_SpecBitsMap([1000 x i32]* %mode_key_g), !map !75"   --->   Operation 16 'specbitsmap' <Predicate = true> <Delay = 0.00>
ST_2 : Operation 17 [1/1] (0.00ns)   --->   "call void (...)* @_ssdm_op_SpecBitsMap([1000 x i32]* %mode_key_b), !map !79"   --->   Operation 17 'specbitsmap' <Predicate = true> <Delay = 0.00>
ST_2 : Operation 18 [1/1] (0.00ns)   --->   "call void (...)* @_ssdm_op_SpecBitsMap([1000 x i32]* %mode_key_defined), !map !83"   --->   Operation 18 'specbitsmap' <Predicate = true> <Delay = 0.00>
ST_2 : Operation 19 [1/1] (0.00ns)   --->   "%i_read = call i64 @_ssdm_op_Read.ap_auto.i64(i64 %i)" [extr_.Craftdepslodepnglodepng.c_getPixelColorRGBA16_with_main.c:23]   --->   Operation 19 'read' 'i_read' <Predicate = true> <Delay = 0.00>
ST_2 : Operation 20 [1/1] (0.00ns)   --->   "%mode_key_defined_add = getelementptr [1000 x i32]* %mode_key_defined, i64 0, i64 0" [extr_.Craftdepslodepnglodepng.c_getPixelColorRGBA16_with_main.c:23]   --->   Operation 20 'getelementptr' 'mode_key_defined_add' <Predicate = true> <Delay = 0.00>
ST_2 : Operation 21 [1/1] (0.00ns)   --->   "%mode_key_r_addr = getelementptr [1000 x i32]* %mode_key_r, i64 0, i64 0" [extr_.Craftdepslodepnglodepng.c_getPixelColorRGBA16_with_main.c:23]   --->   Operation 21 'getelementptr' 'mode_key_r_addr' <Predicate = true> <Delay = 0.00>
ST_2 : Operation 22 [1/1] (0.00ns)   --->   "%mode_colortype_addr = getelementptr [1000 x i32]* %mode_colortype, i64 0, i64 0" [extr_.Craftdepslodepnglodepng.c_getPixelColorRGBA16_with_main.c:23]   --->   Operation 22 'getelementptr' 'mode_colortype_addr' <Predicate = true> <Delay = 0.00>
ST_2 : Operation 23 [1/1] (0.00ns)   --->   "%a_addr = getelementptr [1000 x i16]* %a, i64 0, i64 0" [extr_.Craftdepslodepnglodepng.c_getPixelColorRGBA16_with_main.c:22]   --->   Operation 23 'getelementptr' 'a_addr' <Predicate = true> <Delay = 0.00>
ST_2 : Operation 24 [1/1] (0.00ns)   --->   "%b_addr = getelementptr [1000 x i16]* %b, i64 0, i64 0" [extr_.Craftdepslodepnglodepng.c_getPixelColorRGBA16_with_main.c:22]   --->   Operation 24 'getelementptr' 'b_addr' <Predicate = true> <Delay = 0.00>
ST_2 : Operation 25 [1/1] (0.00ns)   --->   "%g_addr = getelementptr [1000 x i16]* %g, i64 0, i64 0" [extr_.Craftdepslodepnglodepng.c_getPixelColorRGBA16_with_main.c:22]   --->   Operation 25 'getelementptr' 'g_addr' <Predicate = true> <Delay = 0.00>
ST_2 : Operation 26 [1/1] (0.00ns)   --->   "%r_addr = getelementptr [1000 x i16]* %r, i64 0, i64 0" [extr_.Craftdepslodepnglodepng.c_getPixelColorRGBA16_with_main.c:22]   --->   Operation 26 'getelementptr' 'r_addr' <Predicate = true> <Delay = 0.00>
ST_2 : Operation 27 [1/1] (0.00ns)   --->   "call void (...)* @_ssdm_op_SpecBitsMap(i32 0) nounwind, !map !87"   --->   Operation 27 'specbitsmap' <Predicate = true> <Delay = 0.00>
ST_2 : Operation 28 [1/1] (0.00ns)   --->   "call void (...)* @_ssdm_op_SpecTopModule([20 x i8]* @getPixelColorRGBA16_s) nounwind"   --->   Operation 28 'spectopmodule' <Predicate = true> <Delay = 0.00>
ST_2 : Operation 29 [1/2] (2.66ns)   --->   "%mode_bitdepth_load = load i32* %mode_bitdepth_addr, align 4" [extr_.Craftdepslodepnglodepng.c_getPixelColorRGBA16_with_main.c:25]   --->   Operation 29 'load' 'mode_bitdepth_load' <Predicate = true> <Delay = 2.66> <Core = "RAM">   --->   Core 37 'RAM' <Latency = 1> <II = 1> <Delay = 2.66> <Storage> <Opcode : 'load' 'store'> <Ports = 2> <Width = 16> <Depth = 1000> <RAM>
ST_2 : Operation 30 [1/1] (1.54ns)   --->   "%icmp_ln25 = icmp eq i32 %mode_bitdepth_load, 16" [extr_.Craftdepslodepnglodepng.c_getPixelColorRGBA16_with_main.c:25]   --->   Operation 30 'icmp' 'icmp_ln25' <Predicate = true> <Delay = 1.54> <Core = "Cmp">   --->   Core 25 'Cmp' <Latency = 0> <II = 1> <Delay = 1.54> <FuncUnit> <Opcode : 'icmp'> <InPorts = 2> <OutPorts = 1>
ST_2 : Operation 31 [1/1] (1.06ns)   --->   "br i1 %icmp_ln25, label %1, label %._crit_edge" [extr_.Craftdepslodepnglodepng.c_getPixelColorRGBA16_with_main.c:25]   --->   Operation 31 'br' <Predicate = true> <Delay = 1.06>
ST_2 : Operation 32 [2/2] (2.66ns)   --->   "%mode_colortype_load = load i32* %mode_colortype_addr, align 4" [extr_.Craftdepslodepnglodepng.c_getPixelColorRGBA16_with_main.c:27]   --->   Operation 32 'load' 'mode_colortype_load' <Predicate = (icmp_ln25)> <Delay = 2.66> <Core = "RAM">   --->   Core 37 'RAM' <Latency = 1> <II = 1> <Delay = 2.66> <Storage> <Opcode : 'load' 'store'> <Ports = 2> <Width = 16> <Depth = 1000> <RAM>

State 3 <SV = 2> <Delay = 5.27>
ST_3 : Operation 33 [1/2] (2.66ns)   --->   "%mode_colortype_load = load i32* %mode_colortype_addr, align 4" [extr_.Craftdepslodepnglodepng.c_getPixelColorRGBA16_with_main.c:27]   --->   Operation 33 'load' 'mode_colortype_load' <Predicate = true> <Delay = 2.66> <Core = "RAM">   --->   Core 37 'RAM' <Latency = 1> <II = 1> <Delay = 2.66> <Storage> <Opcode : 'load' 'store'> <Ports = 2> <Width = 16> <Depth = 1000> <RAM>
ST_3 : Operation 34 [1/1] (1.54ns)   --->   "%icmp_ln27 = icmp eq i32 %mode_colortype_load, 0" [extr_.Craftdepslodepnglodepng.c_getPixelColorRGBA16_with_main.c:27]   --->   Operation 34 'icmp' 'icmp_ln27' <Predicate = true> <Delay = 1.54> <Core = "Cmp">   --->   Core 25 'Cmp' <Latency = 0> <II = 1> <Delay = 1.54> <FuncUnit> <Opcode : 'icmp'> <InPorts = 2> <OutPorts = 1>
ST_3 : Operation 35 [1/1] (1.06ns)   --->   "br i1 %icmp_ln27, label %_ifconv, label %._crit_edge" [extr_.Craftdepslodepnglodepng.c_getPixelColorRGBA16_with_main.c:27]   --->   Operation 35 'br' <Predicate = true> <Delay = 1.06>
ST_3 : Operation 36 [1/1] (0.00ns)   --->   "%trunc_ln29 = trunc i64 %i_read to i10" [extr_.Craftdepslodepnglodepng.c_getPixelColorRGBA16_with_main.c:29]   --->   Operation 36 'trunc' 'trunc_ln29' <Predicate = (icmp_ln27)> <Delay = 0.00>
ST_3 : Operation 37 [1/1] (0.00ns)   --->   "%shl_ln = call i11 @_ssdm_op_BitConcatenate.i11.i10.i1(i10 %trunc_ln29, i1 false)" [extr_.Craftdepslodepnglodepng.c_getPixelColorRGBA16_with_main.c:29]   --->   Operation 37 'bitconcatenate' 'shl_ln' <Predicate = (icmp_ln27)> <Delay = 0.00>
ST_3 : Operation 38 [1/1] (0.00ns)   --->   "%zext_ln29 = zext i11 %shl_ln to i64" [extr_.Craftdepslodepnglodepng.c_getPixelColorRGBA16_with_main.c:29]   --->   Operation 38 'zext' 'zext_ln29' <Predicate = (icmp_ln27)> <Delay = 0.00>
ST_3 : Operation 39 [1/1] (0.00ns)   --->   "%in_addr = getelementptr [1000 x i8]* %in_r, i64 0, i64 %zext_ln29" [extr_.Craftdepslodepnglodepng.c_getPixelColorRGBA16_with_main.c:29]   --->   Operation 39 'getelementptr' 'in_addr' <Predicate = (icmp_ln27)> <Delay = 0.00>
ST_3 : Operation 40 [2/2] (2.66ns)   --->   "%in_load = load i8* %in_addr, align 1" [extr_.Craftdepslodepnglodepng.c_getPixelColorRGBA16_with_main.c:29]   --->   Operation 40 'load' 'in_load' <Predicate = (icmp_ln27)> <Delay = 2.66> <Core = "RAM">   --->   Core 37 'RAM' <Latency = 1> <II = 1> <Delay = 2.66> <Storage> <Opcode : 'load' 'store'> <Ports = 2> <Width = 16> <Depth = 1000> <RAM>
ST_3 : Operation 41 [1/1] (0.00ns)   --->   "%or_ln29 = or i11 %shl_ln, 1" [extr_.Craftdepslodepnglodepng.c_getPixelColorRGBA16_with_main.c:29]   --->   Operation 41 'or' 'or_ln29' <Predicate = (icmp_ln27)> <Delay = 0.00>
ST_3 : Operation 42 [1/1] (0.00ns)   --->   "%zext_ln29_1 = zext i11 %or_ln29 to i64" [extr_.Craftdepslodepnglodepng.c_getPixelColorRGBA16_with_main.c:29]   --->   Operation 42 'zext' 'zext_ln29_1' <Predicate = (icmp_ln27)> <Delay = 0.00>
ST_3 : Operation 43 [1/1] (0.00ns)   --->   "%in_addr_1 = getelementptr [1000 x i8]* %in_r, i64 0, i64 %zext_ln29_1" [extr_.Craftdepslodepnglodepng.c_getPixelColorRGBA16_with_main.c:29]   --->   Operation 43 'getelementptr' 'in_addr_1' <Predicate = (icmp_ln27)> <Delay = 0.00>
ST_3 : Operation 44 [2/2] (2.66ns)   --->   "%in_load_1 = load i8* %in_addr_1, align 1" [extr_.Craftdepslodepnglodepng.c_getPixelColorRGBA16_with_main.c:29]   --->   Operation 44 'load' 'in_load_1' <Predicate = (icmp_ln27)> <Delay = 2.66> <Core = "RAM">   --->   Core 37 'RAM' <Latency = 1> <II = 1> <Delay = 2.66> <Storage> <Opcode : 'load' 'store'> <Ports = 2> <Width = 16> <Depth = 1000> <RAM>
ST_3 : Operation 45 [2/2] (2.66ns)   --->   "%mode_key_defined_loa = load i32* %mode_key_defined_add, align 4" [extr_.Craftdepslodepnglodepng.c_getPixelColorRGBA16_with_main.c:30]   --->   Operation 45 'load' 'mode_key_defined_loa' <Predicate = (icmp_ln27)> <Delay = 2.66> <Core = "RAM">   --->   Core 37 'RAM' <Latency = 1> <II = 1> <Delay = 2.66> <Storage> <Opcode : 'load' 'store'> <Ports = 2> <Width = 16> <Depth = 1000> <RAM>
ST_3 : Operation 46 [2/2] (2.66ns)   --->   "%mode_key_r_load = load i32* %mode_key_r_addr, align 4" [extr_.Craftdepslodepnglodepng.c_getPixelColorRGBA16_with_main.c:30]   --->   Operation 46 'load' 'mode_key_r_load' <Predicate = (icmp_ln27)> <Delay = 2.66> <Core = "RAM">   --->   Core 37 'RAM' <Latency = 1> <II = 1> <Delay = 2.66> <Storage> <Opcode : 'load' 'store'> <Ports = 2> <Width = 16> <Depth = 1000> <RAM>

State 4 <SV = 3> <Delay = 7.49>
ST_4 : Operation 47 [1/2] (2.66ns)   --->   "%in_load = load i8* %in_addr, align 1" [extr_.Craftdepslodepnglodepng.c_getPixelColorRGBA16_with_main.c:29]   --->   Operation 47 'load' 'in_load' <Predicate = (icmp_ln25 & icmp_ln27)> <Delay = 2.66> <Core = "RAM">   --->   Core 37 'RAM' <Latency = 1> <II = 1> <Delay = 2.66> <Storage> <Opcode : 'load' 'store'> <Ports = 2> <Width = 16> <Depth = 1000> <RAM>
ST_4 : Operation 48 [1/2] (2.66ns)   --->   "%in_load_1 = load i8* %in_addr_1, align 1" [extr_.Craftdepslodepnglodepng.c_getPixelColorRGBA16_with_main.c:29]   --->   Operation 48 'load' 'in_load_1' <Predicate = (icmp_ln25 & icmp_ln27)> <Delay = 2.66> <Core = "RAM">   --->   Core 37 'RAM' <Latency = 1> <II = 1> <Delay = 2.66> <Storage> <Opcode : 'load' 'store'> <Ports = 2> <Width = 16> <Depth = 1000> <RAM>
ST_4 : Operation 49 [1/1] (0.00ns)   --->   "%tmp = call i16 @_ssdm_op_BitConcatenate.i16.i8.i8(i8 %in_load, i8 %in_load_1)" [extr_.Craftdepslodepnglodepng.c_getPixelColorRGBA16_with_main.c:29]   --->   Operation 49 'bitconcatenate' 'tmp' <Predicate = (icmp_ln25 & icmp_ln27)> <Delay = 0.00>
ST_4 : Operation 50 [1/1] (2.66ns)   --->   "store i16 %tmp, i16* %b_addr, align 2" [extr_.Craftdepslodepnglodepng.c_getPixelColorRGBA16_with_main.c:29]   --->   Operation 50 'store' <Predicate = (icmp_ln25 & icmp_ln27)> <Delay = 2.66> <Core = "RAM">   --->   Core 37 'RAM' <Latency = 1> <II = 1> <Delay = 2.66> <Storage> <Opcode : 'load' 'store'> <Ports = 2> <Width = 16> <Depth = 1000> <RAM>
ST_4 : Operation 51 [1/1] (2.66ns)   --->   "store i16 %tmp, i16* %g_addr, align 2" [extr_.Craftdepslodepnglodepng.c_getPixelColorRGBA16_with_main.c:29]   --->   Operation 51 'store' <Predicate = (icmp_ln25 & icmp_ln27)> <Delay = 2.66> <Core = "RAM">   --->   Core 37 'RAM' <Latency = 1> <II = 1> <Delay = 2.66> <Storage> <Opcode : 'load' 'store'> <Ports = 2> <Width = 16> <Depth = 1000> <RAM>
ST_4 : Operation 52 [1/1] (2.66ns)   --->   "store i16 %tmp, i16* %r_addr, align 2" [extr_.Craftdepslodepnglodepng.c_getPixelColorRGBA16_with_main.c:29]   --->   Operation 52 'store' <Predicate = (icmp_ln25 & icmp_ln27)> <Delay = 2.66> <Core = "RAM">   --->   Core 37 'RAM' <Latency = 1> <II = 1> <Delay = 2.66> <Storage> <Opcode : 'load' 'store'> <Ports = 2> <Width = 16> <Depth = 1000> <RAM>
ST_4 : Operation 53 [1/2] (2.66ns)   --->   "%mode_key_defined_loa = load i32* %mode_key_defined_add, align 4" [extr_.Craftdepslodepnglodepng.c_getPixelColorRGBA16_with_main.c:30]   --->   Operation 53 'load' 'mode_key_defined_loa' <Predicate = (icmp_ln25 & icmp_ln27)> <Delay = 2.66> <Core = "RAM">   --->   Core 37 'RAM' <Latency = 1> <II = 1> <Delay = 2.66> <Storage> <Opcode : 'load' 'store'> <Ports = 2> <Width = 16> <Depth = 1000> <RAM>
ST_4 : Operation 54 [1/1] (0.00ns)   --->   "%zext_ln30 = zext i16 %tmp to i32" [extr_.Craftdepslodepnglodepng.c_getPixelColorRGBA16_with_main.c:30]   --->   Operation 54 'zext' 'zext_ln30' <Predicate = (icmp_ln25 & icmp_ln27)> <Delay = 0.00>
ST_4 : Operation 55 [1/2] (2.66ns)   --->   "%mode_key_r_load = load i32* %mode_key_r_addr, align 4" [extr_.Craftdepslodepnglodepng.c_getPixelColorRGBA16_with_main.c:30]   --->   Operation 55 'load' 'mode_key_r_load' <Predicate = (icmp_ln25 & icmp_ln27)> <Delay = 2.66> <Core = "RAM">   --->   Core 37 'RAM' <Latency = 1> <II = 1> <Delay = 2.66> <Storage> <Opcode : 'load' 'store'> <Ports = 2> <Width = 16> <Depth = 1000> <RAM>
ST_4 : Operation 56 [1/1] (1.54ns)   --->   "%icmp_ln30 = icmp eq i32 %mode_key_defined_loa, 0" [extr_.Craftdepslodepnglodepng.c_getPixelColorRGBA16_with_main.c:30]   --->   Operation 56 'icmp' 'icmp_ln30' <Predicate = (icmp_ln25 & icmp_ln27)> <Delay = 1.54> <Core = "Cmp">   --->   Core 25 'Cmp' <Latency = 0> <II = 1> <Delay = 1.54> <FuncUnit> <Opcode : 'icmp'> <InPorts = 2> <OutPorts = 1>
ST_4 : Operation 57 [1/1] (1.54ns)   --->   "%icmp_ln30_1 = icmp ne i32 %zext_ln30, %mode_key_r_load" [extr_.Craftdepslodepnglodepng.c_getPixelColorRGBA16_with_main.c:30]   --->   Operation 57 'icmp' 'icmp_ln30_1' <Predicate = (icmp_ln25 & icmp_ln27)> <Delay = 1.54> <Core = "Cmp">   --->   Core 25 'Cmp' <Latency = 0> <II = 1> <Delay = 1.54> <FuncUnit> <Opcode : 'icmp'> <InPorts = 2> <OutPorts = 1>
ST_4 : Operation 58 [1/1] (0.00ns) (grouped into LUT with out node select_ln30)   --->   "%or_ln30 = or i1 %icmp_ln30_1, %icmp_ln30" [extr_.Craftdepslodepnglodepng.c_getPixelColorRGBA16_with_main.c:30]   --->   Operation 58 'or' 'or_ln30' <Predicate = (icmp_ln25 & icmp_ln27)> <Delay = 0.00> <Core = "LogicGate">   --->   Core 27 'LogicGate' <Latency = 0> <II = 1> <Delay = 0.61> <FuncUnit> <Opcode : 'and' 'or' 'xor'> <InPorts = 2> <OutPorts = 1>
ST_4 : Operation 59 [1/1] (0.62ns) (out node of the LUT)   --->   "%select_ln30 = select i1 %or_ln30, i16 -1, i16 0" [extr_.Craftdepslodepnglodepng.c_getPixelColorRGBA16_with_main.c:30]   --->   Operation 59 'select' 'select_ln30' <Predicate = (icmp_ln25 & icmp_ln27)> <Delay = 0.62> <Core = "Sel">   --->   Core 26 'Sel' <Latency = 0> <II = 1> <Delay = 0.62> <FuncUnit> <Opcode : 'select'> <InPorts = 3> <OutPorts = 1>
ST_4 : Operation 60 [1/1] (2.66ns)   --->   "store i16 %select_ln30, i16* %a_addr, align 2" [extr_.Craftdepslodepnglodepng.c_getPixelColorRGBA16_with_main.c:30]   --->   Operation 60 'store' <Predicate = (icmp_ln25 & icmp_ln27)> <Delay = 2.66> <Core = "RAM">   --->   Core 37 'RAM' <Latency = 1> <II = 1> <Delay = 2.66> <Storage> <Opcode : 'load' 'store'> <Ports = 2> <Width = 16> <Depth = 1000> <RAM>
ST_4 : Operation 61 [1/1] (1.06ns)   --->   "br label %._crit_edge" [extr_.Craftdepslodepnglodepng.c_getPixelColorRGBA16_with_main.c:57]   --->   Operation 61 'br' <Predicate = (icmp_ln25 & icmp_ln27)> <Delay = 1.06>
ST_4 : Operation 62 [1/1] (0.00ns)   --->   "%p_0 = phi i7 [ 0, %_ifconv ], [ -43, %0 ], [ -43, %1 ]"   --->   Operation 62 'phi' 'p_0' <Predicate = true> <Delay = 0.00>
ST_4 : Operation 63 [1/1] (0.00ns)   --->   "%zext_ln58 = zext i7 %p_0 to i32" [extr_.Craftdepslodepnglodepng.c_getPixelColorRGBA16_with_main.c:58]   --->   Operation 63 'zext' 'zext_ln58' <Predicate = true> <Delay = 0.00>
ST_4 : Operation 64 [1/1] (0.00ns)   --->   "ret i32 %zext_ln58" [extr_.Craftdepslodepnglodepng.c_getPixelColorRGBA16_with_main.c:58]   --->   Operation 64 'ret' <Predicate = true> <Delay = 0.00>


============================================================
+ Verbose Summary: Timing violations
============================================================
Target clock period: 10ns, clock uncertainty: 1.25ns.

 <State 1>: 2.66ns
The critical path consists of the following:
	'getelementptr' operation ('mode_bitdepth_addr', extr_.Craftdepslodepnglodepng.c_getPixelColorRGBA16_with_main.c:23) [29]  (0 ns)
	'load' operation ('mode_bitdepth_load', extr_.Craftdepslodepnglodepng.c_getPixelColorRGBA16_with_main.c:25) on array 'mode_bitdepth' [36]  (2.66 ns)

 <State 2>: 5.27ns
The critical path consists of the following:
	'load' operation ('mode_bitdepth_load', extr_.Craftdepslodepnglodepng.c_getPixelColorRGBA16_with_main.c:25) on array 'mode_bitdepth' [36]  (2.66 ns)
	'icmp' operation ('icmp_ln25', extr_.Craftdepslodepnglodepng.c_getPixelColorRGBA16_with_main.c:25) [37]  (1.55 ns)
	multiplexor before 'phi' operation ('p_0') [67]  (1.06 ns)

 <State 3>: 5.27ns
The critical path consists of the following:
	'load' operation ('mode_colortype_load', extr_.Craftdepslodepnglodepng.c_getPixelColorRGBA16_with_main.c:27) on array 'mode_colortype' [40]  (2.66 ns)
	'icmp' operation ('icmp_ln27', extr_.Craftdepslodepnglodepng.c_getPixelColorRGBA16_with_main.c:27) [41]  (1.55 ns)
	multiplexor before 'phi' operation ('p_0') [67]  (1.06 ns)

 <State 4>: 7.49ns
The critical path consists of the following:
	'load' operation ('in_load', extr_.Craftdepslodepnglodepng.c_getPixelColorRGBA16_with_main.c:29) on array 'in_r' [48]  (2.66 ns)
	'icmp' operation ('icmp_ln30_1', extr_.Craftdepslodepnglodepng.c_getPixelColorRGBA16_with_main.c:30) [61]  (1.55 ns)
	'or' operation ('or_ln30', extr_.Craftdepslodepnglodepng.c_getPixelColorRGBA16_with_main.c:30) [62]  (0 ns)
	'select' operation ('select_ln30', extr_.Craftdepslodepnglodepng.c_getPixelColorRGBA16_with_main.c:30) [63]  (0.62 ns)
	'store' operation ('store_ln30', extr_.Craftdepslodepnglodepng.c_getPixelColorRGBA16_with_main.c:30) of variable 'select_ln30', extr_.Craftdepslodepnglodepng.c_getPixelColorRGBA16_with_main.c:30 on array 'a' [64]  (2.66 ns)


============================================================
+ Verbose Summary: Binding
============================================================
N/A
* FSMD analyzer results:
  - Output states:
 - Input state : 
  - Chain level:
	State 1
	State 2
	State 3
	State 4


============================================================
+ Verbose Summary: Datapath Resource usage 
============================================================
N/A
