

================================================================
== Vivado HLS Report for 'fwht16'
================================================================
* Date:           Tue May 26 02:01:44 2020

* Version:        2019.1 (Build 2552052 on Fri May 24 15:28:33 MDT 2019)
* Project:        proj_extr_.linuxdriversmediaplatformvicodecvicodec-codec.c_fwht16_with_main.c
* Solution:       solution1
* Product family: kintex7
* Target device:  xc7k160t-fbg484-1


================================================================
== Performance Estimates
================================================================
+ Timing (ns): 
    * Summary: 
    +--------+-------+----------+------------+
    |  Clock | Target| Estimated| Uncertainty|
    +--------+-------+----------+------------+
    |ap_clk  |  10.00|     8.019|        1.25|
    +--------+-------+----------+------------+

+ Latency (clock cycles): 
    * Summary: 
    +-----+-----+-----+-----+---------+
    |  Latency  |  Interval | Pipeline|
    | min | max | min | max |   Type  |
    +-----+-----+-----+-----+---------+
    |  146|  146|  146|  146|   none  |
    +-----+-----+-----+-----+---------+

    + Detail: 
        * Instance: 
        N/A

        * Loop: 
        +----------+-----+-----+----------+-----------+-----------+------+----------+
        |          |  Latency  | Iteration|  Initiation Interval  | Trip |          |
        | Loop Name| min | max |  Latency |  achieved |   target  | Count| Pipelined|
        +----------+-----+-----+----------+-----------+-----------+------+----------+
        |- Loop 1  |   72|   72|         9|          -|          -|     8|    no    |
        |- Loop 2  |   72|   72|         9|          -|          -|     8|    no    |
        +----------+-----+-----+----------+-----------+-----------+------+----------+

============================================================
+ Verbose Summary: Synthesis Manager
============================================================
InlineROM: 1
ExposeGlobal: 0
============================================================
+ Verbose Summary: CDFG Model
============================================================
IsTopModel: 1
ResetActiveHigh: 1
IsCombinational: 0
IsDatapathOnly: 0
HasWiredReturn: 1
HasMFsm: 0
HasVarLatency: 1
IsPipeline: 0
IsRtlPipelined: 0
IsInstanceOverlapped: 0
IsDontTouch: 0
HasImplIP: 0
IsGatedGlobalClock: 0


============================================================
+ Verbose Summary: Schedule
============================================================
* Number of FSM states : 19
* Pipeline : 0
* Dataflow Pipeline: 0

* FSM state transitions: 
1 --> 2 
2 --> 3 11 
3 --> 4 
4 --> 5 
5 --> 6 
6 --> 7 
7 --> 8 
8 --> 9 
9 --> 10 
10 --> 2 
11 --> 12 
12 --> 13 
13 --> 14 
14 --> 15 
15 --> 16 
16 --> 17 
17 --> 18 
18 --> 19 
19 --> 11 

* FSM state operations: 

State 1 <SV = 0> <Delay = 1.06>
ST_1 : Operation 20 [1/1] (0.00ns)   --->   "call void (...)* @_ssdm_op_SpecBitsMap([100 x i32]* %block_r) nounwind, !map !13"   --->   Operation 20 'specbitsmap' <Predicate = true> <Delay = 0.00>
ST_1 : Operation 21 [1/1] (0.00ns)   --->   "call void (...)* @_ssdm_op_SpecBitsMap([100 x i32]* %output_block) nounwind, !map !19"   --->   Operation 21 'specbitsmap' <Predicate = true> <Delay = 0.00>
ST_1 : Operation 22 [1/1] (0.00ns)   --->   "call void (...)* @_ssdm_op_SpecBitsMap(i32 %stride) nounwind, !map !23"   --->   Operation 22 'specbitsmap' <Predicate = true> <Delay = 0.00>
ST_1 : Operation 23 [1/1] (0.00ns)   --->   "call void (...)* @_ssdm_op_SpecBitsMap(i32 %intra) nounwind, !map !29"   --->   Operation 23 'specbitsmap' <Predicate = true> <Delay = 0.00>
ST_1 : Operation 24 [1/1] (0.00ns)   --->   "call void (...)* @_ssdm_op_SpecTopModule([7 x i8]* @fwht16_str) nounwind"   --->   Operation 24 'spectopmodule' <Predicate = true> <Delay = 0.00>
ST_1 : Operation 25 [1/1] (0.00ns)   --->   "%stride_read = call i32 @_ssdm_op_Read.ap_auto.i32(i32 %stride) nounwind" [extr_.linuxdriversmediaplatformvicodecvicodec-codec.c_fwht16_with_main.c:17]   --->   Operation 25 'read' 'stride_read' <Predicate = true> <Delay = 0.00>
ST_1 : Operation 26 [1/1] (0.00ns)   --->   "%sext_ln25 = sext i32 %stride_read to i35" [extr_.linuxdriversmediaplatformvicodecvicodec-codec.c_fwht16_with_main.c:25]   --->   Operation 26 'sext' 'sext_ln25' <Predicate = true> <Delay = 0.00>
ST_1 : Operation 27 [1/1] (1.06ns)   --->   "br label %1" [extr_.linuxdriversmediaplatformvicodecvicodec-codec.c_fwht16_with_main.c:25]   --->   Operation 27 'br' <Predicate = true> <Delay = 1.06>

State 2 <SV = 1> <Delay = 4.05>
ST_2 : Operation 28 [1/1] (0.00ns)   --->   "%tmp_0_rec = phi i35 [ 0, %0 ], [ %add_ln25, %2 ]" [extr_.linuxdriversmediaplatformvicodecvicodec-codec.c_fwht16_with_main.c:25]   --->   Operation 28 'phi' 'tmp_0_rec' <Predicate = true> <Delay = 0.00>
ST_2 : Operation 29 [1/1] (0.00ns)   --->   "%out_0_rec = phi i7 [ 0, %0 ], [ %add_ln25_1, %2 ]" [extr_.linuxdriversmediaplatformvicodecvicodec-codec.c_fwht16_with_main.c:25]   --->   Operation 29 'phi' 'out_0_rec' <Predicate = true> <Delay = 0.00>
ST_2 : Operation 30 [1/1] (0.00ns)   --->   "%i_0 = phi i4 [ 0, %0 ], [ %i, %2 ]"   --->   Operation 30 'phi' 'i_0' <Predicate = true> <Delay = 0.00>
ST_2 : Operation 31 [1/1] (0.00ns)   --->   "%tmp_0_rec_cast = sext i35 %tmp_0_rec to i64" [extr_.linuxdriversmediaplatformvicodecvicodec-codec.c_fwht16_with_main.c:25]   --->   Operation 31 'sext' 'tmp_0_rec_cast' <Predicate = true> <Delay = 0.00>
ST_2 : Operation 32 [1/1] (0.00ns)   --->   "%out_0_rec_cast = zext i7 %out_0_rec to i64" [extr_.linuxdriversmediaplatformvicodecvicodec-codec.c_fwht16_with_main.c:25]   --->   Operation 32 'zext' 'out_0_rec_cast' <Predicate = true> <Delay = 0.00>
ST_2 : Operation 33 [1/1] (0.00ns)   --->   "%output_block_addr = getelementptr [100 x i32]* %output_block, i64 0, i64 %out_0_rec_cast" [extr_.linuxdriversmediaplatformvicodecvicodec-codec.c_fwht16_with_main.c:25]   --->   Operation 33 'getelementptr' 'output_block_addr' <Predicate = true> <Delay = 0.00>
ST_2 : Operation 34 [1/1] (0.00ns)   --->   "%block_addr = getelementptr [100 x i32]* %block_r, i64 0, i64 %tmp_0_rec_cast" [extr_.linuxdriversmediaplatformvicodecvicodec-codec.c_fwht16_with_main.c:25]   --->   Operation 34 'getelementptr' 'block_addr' <Predicate = true> <Delay = 0.00>
ST_2 : Operation 35 [1/1] (1.08ns)   --->   "%icmp_ln25 = icmp eq i4 %i_0, -8" [extr_.linuxdriversmediaplatformvicodecvicodec-codec.c_fwht16_with_main.c:25]   --->   Operation 35 'icmp' 'icmp_ln25' <Predicate = true> <Delay = 1.08> <Core = "Cmp">   --->   Core 25 'Cmp' <Latency = 0> <II = 1> <Delay = 1.08> <FuncUnit> <Opcode : 'icmp'> <InPorts = 2> <OutPorts = 1>
ST_2 : Operation 36 [1/1] (0.00ns)   --->   "%empty = call i32 (...)* @_ssdm_op_SpecLoopTripCount(i64 8, i64 8, i64 8) nounwind"   --->   Operation 36 'speclooptripcount' 'empty' <Predicate = true> <Delay = 0.00>
ST_2 : Operation 37 [1/1] (1.32ns)   --->   "%i = add i4 %i_0, 1" [extr_.linuxdriversmediaplatformvicodecvicodec-codec.c_fwht16_with_main.c:25]   --->   Operation 37 'add' 'i' <Predicate = true> <Delay = 1.32> <Core = "AddSub">   --->   Core 14 'AddSub' <Latency = 0> <II = 1> <Delay = 1.78> <FuncUnit> <Opcode : 'add' 'sub'> <InPorts = 2> <OutPorts = 1>
ST_2 : Operation 38 [1/1] (0.00ns)   --->   "br i1 %icmp_ln25, label %.preheader.preheader, label %2" [extr_.linuxdriversmediaplatformvicodecvicodec-codec.c_fwht16_with_main.c:25]   --->   Operation 38 'br' <Predicate = true> <Delay = 0.00>
ST_2 : Operation 39 [2/2] (2.66ns)   --->   "%block_load = load i32* %block_addr, align 4" [extr_.linuxdriversmediaplatformvicodecvicodec-codec.c_fwht16_with_main.c:27]   --->   Operation 39 'load' 'block_load' <Predicate = (!icmp_ln25)> <Delay = 2.66> <Core = "RAM">   --->   Core 37 'RAM' <Latency = 1> <II = 1> <Delay = 2.66> <Storage> <Opcode : 'load' 'store'> <Ports = 2> <Width = 32> <Depth = 100> <RAM>
ST_2 : Operation 40 [1/1] (0.00ns)   --->   "%empty_2 = trunc i35 %tmp_0_rec to i8" [extr_.linuxdriversmediaplatformvicodecvicodec-codec.c_fwht16_with_main.c:25]   --->   Operation 40 'trunc' 'empty_2' <Predicate = (!icmp_ln25)> <Delay = 0.00>
ST_2 : Operation 41 [1/1] (1.39ns)   --->   "%add_ln27 = add i8 1, %empty_2" [extr_.linuxdriversmediaplatformvicodecvicodec-codec.c_fwht16_with_main.c:27]   --->   Operation 41 'add' 'add_ln27' <Predicate = (!icmp_ln25)> <Delay = 1.39> <Core = "AddSub">   --->   Core 14 'AddSub' <Latency = 0> <II = 1> <Delay = 1.78> <FuncUnit> <Opcode : 'add' 'sub'> <InPorts = 2> <OutPorts = 1>
ST_2 : Operation 42 [1/1] (0.00ns)   --->   "%zext_ln27 = zext i8 %add_ln27 to i64" [extr_.linuxdriversmediaplatformvicodecvicodec-codec.c_fwht16_with_main.c:27]   --->   Operation 42 'zext' 'zext_ln27' <Predicate = (!icmp_ln25)> <Delay = 0.00>
ST_2 : Operation 43 [1/1] (0.00ns)   --->   "%block_addr_1 = getelementptr [100 x i32]* %block_r, i64 0, i64 %zext_ln27" [extr_.linuxdriversmediaplatformvicodecvicodec-codec.c_fwht16_with_main.c:27]   --->   Operation 43 'getelementptr' 'block_addr_1' <Predicate = (!icmp_ln25)> <Delay = 0.00>
ST_2 : Operation 44 [2/2] (2.66ns)   --->   "%block_load_1 = load i32* %block_addr_1, align 4" [extr_.linuxdriversmediaplatformvicodecvicodec-codec.c_fwht16_with_main.c:27]   --->   Operation 44 'load' 'block_load_1' <Predicate = (!icmp_ln25)> <Delay = 2.66> <Core = "RAM">   --->   Core 37 'RAM' <Latency = 1> <II = 1> <Delay = 2.66> <Storage> <Opcode : 'load' 'store'> <Ports = 2> <Width = 32> <Depth = 100> <RAM>
ST_2 : Operation 45 [1/1] (0.00ns)   --->   "%empty_3 = trunc i7 %out_0_rec to i6" [extr_.linuxdriversmediaplatformvicodecvicodec-codec.c_fwht16_with_main.c:25]   --->   Operation 45 'trunc' 'empty_3' <Predicate = (!icmp_ln25)> <Delay = 0.00>
ST_2 : Operation 46 [1/1] (1.74ns)   --->   "%add_ln25 = add i35 %tmp_0_rec, %sext_ln25" [extr_.linuxdriversmediaplatformvicodecvicodec-codec.c_fwht16_with_main.c:25]   --->   Operation 46 'add' 'add_ln25' <Predicate = (!icmp_ln25)> <Delay = 1.74> <Core = "AddSub">   --->   Core 14 'AddSub' <Latency = 0> <II = 1> <Delay = 1.78> <FuncUnit> <Opcode : 'add' 'sub'> <InPorts = 2> <OutPorts = 1>
ST_2 : Operation 47 [1/1] (1.37ns)   --->   "%add_ln25_1 = add i7 8, %out_0_rec" [extr_.linuxdriversmediaplatformvicodecvicodec-codec.c_fwht16_with_main.c:25]   --->   Operation 47 'add' 'add_ln25_1' <Predicate = (!icmp_ln25)> <Delay = 1.37> <Core = "AddSub">   --->   Core 14 'AddSub' <Latency = 0> <II = 1> <Delay = 1.78> <FuncUnit> <Opcode : 'add' 'sub'> <InPorts = 2> <OutPorts = 1>
ST_2 : Operation 48 [1/1] (1.06ns)   --->   "br label %.preheader"   --->   Operation 48 'br' <Predicate = (icmp_ln25)> <Delay = 1.06>

State 3 <SV = 2> <Delay = 4.05>
ST_3 : Operation 49 [1/2] (2.66ns)   --->   "%block_load = load i32* %block_addr, align 4" [extr_.linuxdriversmediaplatformvicodecvicodec-codec.c_fwht16_with_main.c:27]   --->   Operation 49 'load' 'block_load' <Predicate = true> <Delay = 2.66> <Core = "RAM">   --->   Core 37 'RAM' <Latency = 1> <II = 1> <Delay = 2.66> <Storage> <Opcode : 'load' 'store'> <Ports = 2> <Width = 32> <Depth = 100> <RAM>
ST_3 : Operation 50 [1/2] (2.66ns)   --->   "%block_load_1 = load i32* %block_addr_1, align 4" [extr_.linuxdriversmediaplatformvicodecvicodec-codec.c_fwht16_with_main.c:27]   --->   Operation 50 'load' 'block_load_1' <Predicate = true> <Delay = 2.66> <Core = "RAM">   --->   Core 37 'RAM' <Latency = 1> <II = 1> <Delay = 2.66> <Storage> <Opcode : 'load' 'store'> <Ports = 2> <Width = 32> <Depth = 100> <RAM>
ST_3 : Operation 51 [1/1] (1.39ns)   --->   "%add_ln30 = add i8 2, %empty_2" [extr_.linuxdriversmediaplatformvicodecvicodec-codec.c_fwht16_with_main.c:30]   --->   Operation 51 'add' 'add_ln30' <Predicate = true> <Delay = 1.39> <Core = "AddSub">   --->   Core 14 'AddSub' <Latency = 0> <II = 1> <Delay = 1.78> <FuncUnit> <Opcode : 'add' 'sub'> <InPorts = 2> <OutPorts = 1>
ST_3 : Operation 52 [1/1] (0.00ns)   --->   "%zext_ln30 = zext i8 %add_ln30 to i64" [extr_.linuxdriversmediaplatformvicodecvicodec-codec.c_fwht16_with_main.c:30]   --->   Operation 52 'zext' 'zext_ln30' <Predicate = true> <Delay = 0.00>
ST_3 : Operation 53 [1/1] (0.00ns)   --->   "%block_addr_2 = getelementptr [100 x i32]* %block_r, i64 0, i64 %zext_ln30" [extr_.linuxdriversmediaplatformvicodecvicodec-codec.c_fwht16_with_main.c:30]   --->   Operation 53 'getelementptr' 'block_addr_2' <Predicate = true> <Delay = 0.00>
ST_3 : Operation 54 [2/2] (2.66ns)   --->   "%block_load_2 = load i32* %block_addr_2, align 4" [extr_.linuxdriversmediaplatformvicodecvicodec-codec.c_fwht16_with_main.c:30]   --->   Operation 54 'load' 'block_load_2' <Predicate = true> <Delay = 2.66> <Core = "RAM">   --->   Core 37 'RAM' <Latency = 1> <II = 1> <Delay = 2.66> <Storage> <Opcode : 'load' 'store'> <Ports = 2> <Width = 32> <Depth = 100> <RAM>
ST_3 : Operation 55 [1/1] (1.39ns)   --->   "%add_ln30_1 = add i8 3, %empty_2" [extr_.linuxdriversmediaplatformvicodecvicodec-codec.c_fwht16_with_main.c:30]   --->   Operation 55 'add' 'add_ln30_1' <Predicate = true> <Delay = 1.39> <Core = "AddSub">   --->   Core 14 'AddSub' <Latency = 0> <II = 1> <Delay = 1.78> <FuncUnit> <Opcode : 'add' 'sub'> <InPorts = 2> <OutPorts = 1>
ST_3 : Operation 56 [1/1] (0.00ns)   --->   "%zext_ln30_1 = zext i8 %add_ln30_1 to i64" [extr_.linuxdriversmediaplatformvicodecvicodec-codec.c_fwht16_with_main.c:30]   --->   Operation 56 'zext' 'zext_ln30_1' <Predicate = true> <Delay = 0.00>
ST_3 : Operation 57 [1/1] (0.00ns)   --->   "%block_addr_3 = getelementptr [100 x i32]* %block_r, i64 0, i64 %zext_ln30_1" [extr_.linuxdriversmediaplatformvicodecvicodec-codec.c_fwht16_with_main.c:30]   --->   Operation 57 'getelementptr' 'block_addr_3' <Predicate = true> <Delay = 0.00>
ST_3 : Operation 58 [2/2] (2.66ns)   --->   "%block_load_3 = load i32* %block_addr_3, align 4" [extr_.linuxdriversmediaplatformvicodecvicodec-codec.c_fwht16_with_main.c:30]   --->   Operation 58 'load' 'block_load_3' <Predicate = true> <Delay = 2.66> <Core = "RAM">   --->   Core 37 'RAM' <Latency = 1> <II = 1> <Delay = 2.66> <Storage> <Opcode : 'load' 'store'> <Ports = 2> <Width = 32> <Depth = 100> <RAM>

State 4 <SV = 3> <Delay = 4.05>
ST_4 : Operation 59 [1/2] (2.66ns)   --->   "%block_load_2 = load i32* %block_addr_2, align 4" [extr_.linuxdriversmediaplatformvicodecvicodec-codec.c_fwht16_with_main.c:30]   --->   Operation 59 'load' 'block_load_2' <Predicate = true> <Delay = 2.66> <Core = "RAM">   --->   Core 37 'RAM' <Latency = 1> <II = 1> <Delay = 2.66> <Storage> <Opcode : 'load' 'store'> <Ports = 2> <Width = 32> <Depth = 100> <RAM>
ST_4 : Operation 60 [1/2] (2.66ns)   --->   "%block_load_3 = load i32* %block_addr_3, align 4" [extr_.linuxdriversmediaplatformvicodecvicodec-codec.c_fwht16_with_main.c:30]   --->   Operation 60 'load' 'block_load_3' <Predicate = true> <Delay = 2.66> <Core = "RAM">   --->   Core 37 'RAM' <Latency = 1> <II = 1> <Delay = 2.66> <Storage> <Opcode : 'load' 'store'> <Ports = 2> <Width = 32> <Depth = 100> <RAM>
ST_4 : Operation 61 [1/1] (1.39ns)   --->   "%add_ln33 = add i8 4, %empty_2" [extr_.linuxdriversmediaplatformvicodecvicodec-codec.c_fwht16_with_main.c:33]   --->   Operation 61 'add' 'add_ln33' <Predicate = true> <Delay = 1.39> <Core = "AddSub">   --->   Core 14 'AddSub' <Latency = 0> <II = 1> <Delay = 1.78> <FuncUnit> <Opcode : 'add' 'sub'> <InPorts = 2> <OutPorts = 1>
ST_4 : Operation 62 [1/1] (0.00ns)   --->   "%zext_ln33 = zext i8 %add_ln33 to i64" [extr_.linuxdriversmediaplatformvicodecvicodec-codec.c_fwht16_with_main.c:33]   --->   Operation 62 'zext' 'zext_ln33' <Predicate = true> <Delay = 0.00>
ST_4 : Operation 63 [1/1] (0.00ns)   --->   "%block_addr_4 = getelementptr [100 x i32]* %block_r, i64 0, i64 %zext_ln33" [extr_.linuxdriversmediaplatformvicodecvicodec-codec.c_fwht16_with_main.c:33]   --->   Operation 63 'getelementptr' 'block_addr_4' <Predicate = true> <Delay = 0.00>
ST_4 : Operation 64 [2/2] (2.66ns)   --->   "%block_load_4 = load i32* %block_addr_4, align 4" [extr_.linuxdriversmediaplatformvicodecvicodec-codec.c_fwht16_with_main.c:33]   --->   Operation 64 'load' 'block_load_4' <Predicate = true> <Delay = 2.66> <Core = "RAM">   --->   Core 37 'RAM' <Latency = 1> <II = 1> <Delay = 2.66> <Storage> <Opcode : 'load' 'store'> <Ports = 2> <Width = 32> <Depth = 100> <RAM>
ST_4 : Operation 65 [1/1] (1.39ns)   --->   "%add_ln33_1 = add i8 5, %empty_2" [extr_.linuxdriversmediaplatformvicodecvicodec-codec.c_fwht16_with_main.c:33]   --->   Operation 65 'add' 'add_ln33_1' <Predicate = true> <Delay = 1.39> <Core = "AddSub">   --->   Core 14 'AddSub' <Latency = 0> <II = 1> <Delay = 1.78> <FuncUnit> <Opcode : 'add' 'sub'> <InPorts = 2> <OutPorts = 1>
ST_4 : Operation 66 [1/1] (0.00ns)   --->   "%zext_ln33_1 = zext i8 %add_ln33_1 to i64" [extr_.linuxdriversmediaplatformvicodecvicodec-codec.c_fwht16_with_main.c:33]   --->   Operation 66 'zext' 'zext_ln33_1' <Predicate = true> <Delay = 0.00>
ST_4 : Operation 67 [1/1] (0.00ns)   --->   "%block_addr_5 = getelementptr [100 x i32]* %block_r, i64 0, i64 %zext_ln33_1" [extr_.linuxdriversmediaplatformvicodecvicodec-codec.c_fwht16_with_main.c:33]   --->   Operation 67 'getelementptr' 'block_addr_5' <Predicate = true> <Delay = 0.00>
ST_4 : Operation 68 [2/2] (2.66ns)   --->   "%block_load_5 = load i32* %block_addr_5, align 4" [extr_.linuxdriversmediaplatformvicodecvicodec-codec.c_fwht16_with_main.c:33]   --->   Operation 68 'load' 'block_load_5' <Predicate = true> <Delay = 2.66> <Core = "RAM">   --->   Core 37 'RAM' <Latency = 1> <II = 1> <Delay = 2.66> <Storage> <Opcode : 'load' 'store'> <Ports = 2> <Width = 32> <Depth = 100> <RAM>

State 5 <SV = 4> <Delay = 4.05>
ST_5 : Operation 69 [1/2] (2.66ns)   --->   "%block_load_4 = load i32* %block_addr_4, align 4" [extr_.linuxdriversmediaplatformvicodecvicodec-codec.c_fwht16_with_main.c:33]   --->   Operation 69 'load' 'block_load_4' <Predicate = true> <Delay = 2.66> <Core = "RAM">   --->   Core 37 'RAM' <Latency = 1> <II = 1> <Delay = 2.66> <Storage> <Opcode : 'load' 'store'> <Ports = 2> <Width = 32> <Depth = 100> <RAM>
ST_5 : Operation 70 [1/2] (2.66ns)   --->   "%block_load_5 = load i32* %block_addr_5, align 4" [extr_.linuxdriversmediaplatformvicodecvicodec-codec.c_fwht16_with_main.c:33]   --->   Operation 70 'load' 'block_load_5' <Predicate = true> <Delay = 2.66> <Core = "RAM">   --->   Core 37 'RAM' <Latency = 1> <II = 1> <Delay = 2.66> <Storage> <Opcode : 'load' 'store'> <Ports = 2> <Width = 32> <Depth = 100> <RAM>
ST_5 : Operation 71 [1/1] (1.39ns)   --->   "%add_ln36 = add i8 6, %empty_2" [extr_.linuxdriversmediaplatformvicodecvicodec-codec.c_fwht16_with_main.c:36]   --->   Operation 71 'add' 'add_ln36' <Predicate = true> <Delay = 1.39> <Core = "AddSub">   --->   Core 14 'AddSub' <Latency = 0> <II = 1> <Delay = 1.78> <FuncUnit> <Opcode : 'add' 'sub'> <InPorts = 2> <OutPorts = 1>
ST_5 : Operation 72 [1/1] (0.00ns)   --->   "%zext_ln36 = zext i8 %add_ln36 to i64" [extr_.linuxdriversmediaplatformvicodecvicodec-codec.c_fwht16_with_main.c:36]   --->   Operation 72 'zext' 'zext_ln36' <Predicate = true> <Delay = 0.00>
ST_5 : Operation 73 [1/1] (0.00ns)   --->   "%block_addr_6 = getelementptr [100 x i32]* %block_r, i64 0, i64 %zext_ln36" [extr_.linuxdriversmediaplatformvicodecvicodec-codec.c_fwht16_with_main.c:36]   --->   Operation 73 'getelementptr' 'block_addr_6' <Predicate = true> <Delay = 0.00>
ST_5 : Operation 74 [2/2] (2.66ns)   --->   "%block_load_6 = load i32* %block_addr_6, align 4" [extr_.linuxdriversmediaplatformvicodecvicodec-codec.c_fwht16_with_main.c:36]   --->   Operation 74 'load' 'block_load_6' <Predicate = true> <Delay = 2.66> <Core = "RAM">   --->   Core 37 'RAM' <Latency = 1> <II = 1> <Delay = 2.66> <Storage> <Opcode : 'load' 'store'> <Ports = 2> <Width = 32> <Depth = 100> <RAM>
ST_5 : Operation 75 [1/1] (1.39ns)   --->   "%add_ln36_1 = add i8 7, %empty_2" [extr_.linuxdriversmediaplatformvicodecvicodec-codec.c_fwht16_with_main.c:36]   --->   Operation 75 'add' 'add_ln36_1' <Predicate = true> <Delay = 1.39> <Core = "AddSub">   --->   Core 14 'AddSub' <Latency = 0> <II = 1> <Delay = 1.78> <FuncUnit> <Opcode : 'add' 'sub'> <InPorts = 2> <OutPorts = 1>
ST_5 : Operation 76 [1/1] (0.00ns)   --->   "%zext_ln36_1 = zext i8 %add_ln36_1 to i64" [extr_.linuxdriversmediaplatformvicodecvicodec-codec.c_fwht16_with_main.c:36]   --->   Operation 76 'zext' 'zext_ln36_1' <Predicate = true> <Delay = 0.00>
ST_5 : Operation 77 [1/1] (0.00ns)   --->   "%block_addr_7 = getelementptr [100 x i32]* %block_r, i64 0, i64 %zext_ln36_1" [extr_.linuxdriversmediaplatformvicodecvicodec-codec.c_fwht16_with_main.c:36]   --->   Operation 77 'getelementptr' 'block_addr_7' <Predicate = true> <Delay = 0.00>
ST_5 : Operation 78 [2/2] (2.66ns)   --->   "%block_load_7 = load i32* %block_addr_7, align 4" [extr_.linuxdriversmediaplatformvicodecvicodec-codec.c_fwht16_with_main.c:36]   --->   Operation 78 'load' 'block_load_7' <Predicate = true> <Delay = 2.66> <Core = "RAM">   --->   Core 37 'RAM' <Latency = 1> <II = 1> <Delay = 2.66> <Storage> <Opcode : 'load' 'store'> <Ports = 2> <Width = 32> <Depth = 100> <RAM>

State 6 <SV = 5> <Delay = 2.66>
ST_6 : Operation 79 [1/2] (2.66ns)   --->   "%block_load_6 = load i32* %block_addr_6, align 4" [extr_.linuxdriversmediaplatformvicodecvicodec-codec.c_fwht16_with_main.c:36]   --->   Operation 79 'load' 'block_load_6' <Predicate = true> <Delay = 2.66> <Core = "RAM">   --->   Core 37 'RAM' <Latency = 1> <II = 1> <Delay = 2.66> <Storage> <Opcode : 'load' 'store'> <Ports = 2> <Width = 32> <Depth = 100> <RAM>
ST_6 : Operation 80 [1/2] (2.66ns)   --->   "%block_load_7 = load i32* %block_addr_7, align 4" [extr_.linuxdriversmediaplatformvicodecvicodec-codec.c_fwht16_with_main.c:36]   --->   Operation 80 'load' 'block_load_7' <Predicate = true> <Delay = 2.66> <Core = "RAM">   --->   Core 37 'RAM' <Latency = 1> <II = 1> <Delay = 2.66> <Storage> <Opcode : 'load' 'store'> <Ports = 2> <Width = 32> <Depth = 100> <RAM>

State 7 <SV = 6> <Delay = 8.01>
ST_7 : Operation 81 [1/1] (1.78ns)   --->   "%add_ln27_1 = add nsw i32 %block_load, %block_load_1" [extr_.linuxdriversmediaplatformvicodecvicodec-codec.c_fwht16_with_main.c:27]   --->   Operation 81 'add' 'add_ln27_1' <Predicate = true> <Delay = 1.78> <Core = "AddSub">   --->   Core 14 'AddSub' <Latency = 0> <II = 1> <Delay = 1.78> <FuncUnit> <Opcode : 'add' 'sub'> <InPorts = 2> <OutPorts = 1>
ST_7 : Operation 82 [1/1] (1.78ns)   --->   "%sub_ln28 = sub nsw i32 %block_load, %block_load_1" [extr_.linuxdriversmediaplatformvicodecvicodec-codec.c_fwht16_with_main.c:28]   --->   Operation 82 'sub' 'sub_ln28' <Predicate = true> <Delay = 1.78> <Core = "AddSub">   --->   Core 14 'AddSub' <Latency = 0> <II = 1> <Delay = 1.78> <FuncUnit> <Opcode : 'add' 'sub'> <InPorts = 2> <OutPorts = 1>
ST_7 : Operation 83 [1/1] (1.78ns)   --->   "%add_ln30_2 = add nsw i32 %block_load_2, %block_load_3" [extr_.linuxdriversmediaplatformvicodecvicodec-codec.c_fwht16_with_main.c:30]   --->   Operation 83 'add' 'add_ln30_2' <Predicate = true> <Delay = 1.78> <Core = "AddSub">   --->   Core 14 'AddSub' <Latency = 0> <II = 1> <Delay = 1.78> <FuncUnit> <Opcode : 'add' 'sub'> <InPorts = 2> <OutPorts = 1>
ST_7 : Operation 84 [1/1] (1.78ns)   --->   "%sub_ln31 = sub nsw i32 %block_load_2, %block_load_3" [extr_.linuxdriversmediaplatformvicodecvicodec-codec.c_fwht16_with_main.c:31]   --->   Operation 84 'sub' 'sub_ln31' <Predicate = true> <Delay = 1.78> <Core = "AddSub">   --->   Core 14 'AddSub' <Latency = 0> <II = 1> <Delay = 1.78> <FuncUnit> <Opcode : 'add' 'sub'> <InPorts = 2> <OutPorts = 1>
ST_7 : Operation 85 [1/1] (1.78ns)   --->   "%add_ln33_2 = add nsw i32 %block_load_4, %block_load_5" [extr_.linuxdriversmediaplatformvicodecvicodec-codec.c_fwht16_with_main.c:33]   --->   Operation 85 'add' 'add_ln33_2' <Predicate = true> <Delay = 1.78> <Core = "AddSub">   --->   Core 14 'AddSub' <Latency = 0> <II = 1> <Delay = 1.78> <FuncUnit> <Opcode : 'add' 'sub'> <InPorts = 2> <OutPorts = 1>
ST_7 : Operation 86 [1/1] (1.78ns)   --->   "%sub_ln34 = sub nsw i32 %block_load_4, %block_load_5" [extr_.linuxdriversmediaplatformvicodecvicodec-codec.c_fwht16_with_main.c:34]   --->   Operation 86 'sub' 'sub_ln34' <Predicate = true> <Delay = 1.78> <Core = "AddSub">   --->   Core 14 'AddSub' <Latency = 0> <II = 1> <Delay = 1.78> <FuncUnit> <Opcode : 'add' 'sub'> <InPorts = 2> <OutPorts = 1>
ST_7 : Operation 87 [1/1] (1.78ns)   --->   "%add_ln36_2 = add nsw i32 %block_load_6, %block_load_7" [extr_.linuxdriversmediaplatformvicodecvicodec-codec.c_fwht16_with_main.c:36]   --->   Operation 87 'add' 'add_ln36_2' <Predicate = true> <Delay = 1.78> <Core = "AddSub">   --->   Core 14 'AddSub' <Latency = 0> <II = 1> <Delay = 1.78> <FuncUnit> <Opcode : 'add' 'sub'> <InPorts = 2> <OutPorts = 1>
ST_7 : Operation 88 [1/1] (1.78ns)   --->   "%sub_ln37 = sub nsw i32 %block_load_6, %block_load_7" [extr_.linuxdriversmediaplatformvicodecvicodec-codec.c_fwht16_with_main.c:37]   --->   Operation 88 'sub' 'sub_ln37' <Predicate = true> <Delay = 1.78> <Core = "AddSub">   --->   Core 14 'AddSub' <Latency = 0> <II = 1> <Delay = 1.78> <FuncUnit> <Opcode : 'add' 'sub'> <InPorts = 2> <OutPorts = 1>
ST_7 : Operation 89 [1/1] (1.78ns)   --->   "%add_ln40 = add nsw i32 %add_ln27_1, %add_ln30_2" [extr_.linuxdriversmediaplatformvicodecvicodec-codec.c_fwht16_with_main.c:40]   --->   Operation 89 'add' 'add_ln40' <Predicate = true> <Delay = 1.78> <Core = "AddSub">   --->   Core 14 'AddSub' <Latency = 0> <II = 1> <Delay = 1.78> <FuncUnit> <Opcode : 'add' 'sub'> <InPorts = 2> <OutPorts = 1>
ST_7 : Operation 90 [1/1] (1.78ns)   --->   "%sub_ln41 = sub nsw i32 %add_ln27_1, %add_ln30_2" [extr_.linuxdriversmediaplatformvicodecvicodec-codec.c_fwht16_with_main.c:41]   --->   Operation 90 'sub' 'sub_ln41' <Predicate = true> <Delay = 1.78> <Core = "AddSub">   --->   Core 14 'AddSub' <Latency = 0> <II = 1> <Delay = 1.78> <FuncUnit> <Opcode : 'add' 'sub'> <InPorts = 2> <OutPorts = 1>
ST_7 : Operation 91 [1/1] (1.78ns)   --->   "%add_ln45 = add nsw i32 %add_ln33_2, %add_ln36_2" [extr_.linuxdriversmediaplatformvicodecvicodec-codec.c_fwht16_with_main.c:45]   --->   Operation 91 'add' 'add_ln45' <Predicate = true> <Delay = 1.78> <Core = "AddSub">   --->   Core 14 'AddSub' <Latency = 0> <II = 1> <Delay = 1.78> <FuncUnit> <Opcode : 'add' 'sub'> <InPorts = 2> <OutPorts = 1>
ST_7 : Operation 92 [1/1] (1.78ns)   --->   "%sub_ln46 = sub nsw i32 %add_ln33_2, %add_ln36_2" [extr_.linuxdriversmediaplatformvicodecvicodec-codec.c_fwht16_with_main.c:46]   --->   Operation 92 'sub' 'sub_ln46' <Predicate = true> <Delay = 1.78> <Core = "AddSub">   --->   Core 14 'AddSub' <Latency = 0> <II = 1> <Delay = 1.78> <FuncUnit> <Opcode : 'add' 'sub'> <InPorts = 2> <OutPorts = 1>
ST_7 : Operation 93 [1/1] (1.78ns)   --->   "%add_ln51 = add nsw i32 %add_ln40, %add_ln45" [extr_.linuxdriversmediaplatformvicodecvicodec-codec.c_fwht16_with_main.c:51]   --->   Operation 93 'add' 'add_ln51' <Predicate = true> <Delay = 1.78> <Core = "AddSub">   --->   Core 14 'AddSub' <Latency = 0> <II = 1> <Delay = 1.78> <FuncUnit> <Opcode : 'add' 'sub'> <InPorts = 2> <OutPorts = 1>
ST_7 : Operation 94 [1/1] (2.66ns)   --->   "store i32 %add_ln51, i32* %output_block_addr, align 4" [extr_.linuxdriversmediaplatformvicodecvicodec-codec.c_fwht16_with_main.c:51]   --->   Operation 94 'store' <Predicate = true> <Delay = 2.66> <Core = "RAM">   --->   Core 37 'RAM' <Latency = 1> <II = 1> <Delay = 2.66> <Storage> <Opcode : 'load' 'store'> <Ports = 2> <Width = 32> <Depth = 100> <RAM>
ST_7 : Operation 95 [1/1] (1.78ns)   --->   "%sub_ln52 = sub nsw i32 %add_ln40, %add_ln45" [extr_.linuxdriversmediaplatformvicodecvicodec-codec.c_fwht16_with_main.c:52]   --->   Operation 95 'sub' 'sub_ln52' <Predicate = true> <Delay = 1.78> <Core = "AddSub">   --->   Core 14 'AddSub' <Latency = 0> <II = 1> <Delay = 1.78> <FuncUnit> <Opcode : 'add' 'sub'> <InPorts = 2> <OutPorts = 1>
ST_7 : Operation 96 [1/1] (0.00ns)   --->   "%or_ln52 = or i6 %empty_3, 1" [extr_.linuxdriversmediaplatformvicodecvicodec-codec.c_fwht16_with_main.c:52]   --->   Operation 96 'or' 'or_ln52' <Predicate = true> <Delay = 0.00>
ST_7 : Operation 97 [1/1] (0.00ns)   --->   "%zext_ln52 = zext i6 %or_ln52 to i64" [extr_.linuxdriversmediaplatformvicodecvicodec-codec.c_fwht16_with_main.c:52]   --->   Operation 97 'zext' 'zext_ln52' <Predicate = true> <Delay = 0.00>
ST_7 : Operation 98 [1/1] (0.00ns)   --->   "%output_block_addr_2 = getelementptr [100 x i32]* %output_block, i64 0, i64 %zext_ln52" [extr_.linuxdriversmediaplatformvicodecvicodec-codec.c_fwht16_with_main.c:52]   --->   Operation 98 'getelementptr' 'output_block_addr_2' <Predicate = true> <Delay = 0.00>
ST_7 : Operation 99 [1/1] (2.66ns)   --->   "store i32 %sub_ln52, i32* %output_block_addr_2, align 4" [extr_.linuxdriversmediaplatformvicodecvicodec-codec.c_fwht16_with_main.c:52]   --->   Operation 99 'store' <Predicate = true> <Delay = 2.66> <Core = "RAM">   --->   Core 37 'RAM' <Latency = 1> <II = 1> <Delay = 2.66> <Storage> <Opcode : 'load' 'store'> <Ports = 2> <Width = 32> <Depth = 100> <RAM>

State 8 <SV = 7> <Delay = 4.44>
ST_8 : Operation 100 [1/1] (1.78ns)   --->   "%sub_ln53 = sub nsw i32 %sub_ln41, %sub_ln46" [extr_.linuxdriversmediaplatformvicodecvicodec-codec.c_fwht16_with_main.c:53]   --->   Operation 100 'sub' 'sub_ln53' <Predicate = true> <Delay = 1.78> <Core = "AddSub">   --->   Core 14 'AddSub' <Latency = 0> <II = 1> <Delay = 1.78> <FuncUnit> <Opcode : 'add' 'sub'> <InPorts = 2> <OutPorts = 1>
ST_8 : Operation 101 [1/1] (0.00ns)   --->   "%or_ln53 = or i6 %empty_3, 2" [extr_.linuxdriversmediaplatformvicodecvicodec-codec.c_fwht16_with_main.c:53]   --->   Operation 101 'or' 'or_ln53' <Predicate = true> <Delay = 0.00>
ST_8 : Operation 102 [1/1] (0.00ns)   --->   "%zext_ln53 = zext i6 %or_ln53 to i64" [extr_.linuxdriversmediaplatformvicodecvicodec-codec.c_fwht16_with_main.c:53]   --->   Operation 102 'zext' 'zext_ln53' <Predicate = true> <Delay = 0.00>
ST_8 : Operation 103 [1/1] (0.00ns)   --->   "%output_block_addr_3 = getelementptr [100 x i32]* %output_block, i64 0, i64 %zext_ln53" [extr_.linuxdriversmediaplatformvicodecvicodec-codec.c_fwht16_with_main.c:53]   --->   Operation 103 'getelementptr' 'output_block_addr_3' <Predicate = true> <Delay = 0.00>
ST_8 : Operation 104 [1/1] (2.66ns)   --->   "store i32 %sub_ln53, i32* %output_block_addr_3, align 4" [extr_.linuxdriversmediaplatformvicodecvicodec-codec.c_fwht16_with_main.c:53]   --->   Operation 104 'store' <Predicate = true> <Delay = 2.66> <Core = "RAM">   --->   Core 37 'RAM' <Latency = 1> <II = 1> <Delay = 2.66> <Storage> <Opcode : 'load' 'store'> <Ports = 2> <Width = 32> <Depth = 100> <RAM>
ST_8 : Operation 105 [1/1] (1.78ns)   --->   "%add_ln54 = add nsw i32 %sub_ln41, %sub_ln46" [extr_.linuxdriversmediaplatformvicodecvicodec-codec.c_fwht16_with_main.c:54]   --->   Operation 105 'add' 'add_ln54' <Predicate = true> <Delay = 1.78> <Core = "AddSub">   --->   Core 14 'AddSub' <Latency = 0> <II = 1> <Delay = 1.78> <FuncUnit> <Opcode : 'add' 'sub'> <InPorts = 2> <OutPorts = 1>
ST_8 : Operation 106 [1/1] (0.00ns)   --->   "%or_ln54 = or i6 %empty_3, 3" [extr_.linuxdriversmediaplatformvicodecvicodec-codec.c_fwht16_with_main.c:54]   --->   Operation 106 'or' 'or_ln54' <Predicate = true> <Delay = 0.00>
ST_8 : Operation 107 [1/1] (0.00ns)   --->   "%zext_ln54 = zext i6 %or_ln54 to i64" [extr_.linuxdriversmediaplatformvicodecvicodec-codec.c_fwht16_with_main.c:54]   --->   Operation 107 'zext' 'zext_ln54' <Predicate = true> <Delay = 0.00>
ST_8 : Operation 108 [1/1] (0.00ns)   --->   "%output_block_addr_4 = getelementptr [100 x i32]* %output_block, i64 0, i64 %zext_ln54" [extr_.linuxdriversmediaplatformvicodecvicodec-codec.c_fwht16_with_main.c:54]   --->   Operation 108 'getelementptr' 'output_block_addr_4' <Predicate = true> <Delay = 0.00>
ST_8 : Operation 109 [1/1] (2.66ns)   --->   "store i32 %add_ln54, i32* %output_block_addr_4, align 4" [extr_.linuxdriversmediaplatformvicodecvicodec-codec.c_fwht16_with_main.c:54]   --->   Operation 109 'store' <Predicate = true> <Delay = 2.66> <Core = "RAM">   --->   Core 37 'RAM' <Latency = 1> <II = 1> <Delay = 2.66> <Storage> <Opcode : 'load' 'store'> <Ports = 2> <Width = 32> <Depth = 100> <RAM>

State 9 <SV = 8> <Delay = 6.23>
ST_9 : Operation 110 [1/1] (1.78ns)   --->   "%sub_ln42 = sub nsw i32 %sub_ln28, %sub_ln31" [extr_.linuxdriversmediaplatformvicodecvicodec-codec.c_fwht16_with_main.c:42]   --->   Operation 110 'sub' 'sub_ln42' <Predicate = true> <Delay = 1.78> <Core = "AddSub">   --->   Core 14 'AddSub' <Latency = 0> <II = 1> <Delay = 1.78> <FuncUnit> <Opcode : 'add' 'sub'> <InPorts = 2> <OutPorts = 1>
ST_9 : Operation 111 [1/1] (1.78ns)   --->   "%add_ln43 = add nsw i32 %sub_ln28, %sub_ln31" [extr_.linuxdriversmediaplatformvicodecvicodec-codec.c_fwht16_with_main.c:43]   --->   Operation 111 'add' 'add_ln43' <Predicate = true> <Delay = 1.78> <Core = "AddSub">   --->   Core 14 'AddSub' <Latency = 0> <II = 1> <Delay = 1.78> <FuncUnit> <Opcode : 'add' 'sub'> <InPorts = 2> <OutPorts = 1>
ST_9 : Operation 112 [1/1] (1.78ns)   --->   "%sub_ln47 = sub nsw i32 %sub_ln34, %sub_ln37" [extr_.linuxdriversmediaplatformvicodecvicodec-codec.c_fwht16_with_main.c:47]   --->   Operation 112 'sub' 'sub_ln47' <Predicate = true> <Delay = 1.78> <Core = "AddSub">   --->   Core 14 'AddSub' <Latency = 0> <II = 1> <Delay = 1.78> <FuncUnit> <Opcode : 'add' 'sub'> <InPorts = 2> <OutPorts = 1>
ST_9 : Operation 113 [1/1] (1.78ns)   --->   "%add_ln48 = add nsw i32 %sub_ln34, %sub_ln37" [extr_.linuxdriversmediaplatformvicodecvicodec-codec.c_fwht16_with_main.c:48]   --->   Operation 113 'add' 'add_ln48' <Predicate = true> <Delay = 1.78> <Core = "AddSub">   --->   Core 14 'AddSub' <Latency = 0> <II = 1> <Delay = 1.78> <FuncUnit> <Opcode : 'add' 'sub'> <InPorts = 2> <OutPorts = 1>
ST_9 : Operation 114 [1/1] (1.78ns)   --->   "%add_ln55 = add nsw i32 %sub_ln42, %sub_ln47" [extr_.linuxdriversmediaplatformvicodecvicodec-codec.c_fwht16_with_main.c:55]   --->   Operation 114 'add' 'add_ln55' <Predicate = true> <Delay = 1.78> <Core = "AddSub">   --->   Core 14 'AddSub' <Latency = 0> <II = 1> <Delay = 1.78> <FuncUnit> <Opcode : 'add' 'sub'> <InPorts = 2> <OutPorts = 1>
ST_9 : Operation 115 [1/1] (0.00ns)   --->   "%or_ln55 = or i6 %empty_3, 4" [extr_.linuxdriversmediaplatformvicodecvicodec-codec.c_fwht16_with_main.c:55]   --->   Operation 115 'or' 'or_ln55' <Predicate = true> <Delay = 0.00>
ST_9 : Operation 116 [1/1] (0.00ns)   --->   "%zext_ln55 = zext i6 %or_ln55 to i64" [extr_.linuxdriversmediaplatformvicodecvicodec-codec.c_fwht16_with_main.c:55]   --->   Operation 116 'zext' 'zext_ln55' <Predicate = true> <Delay = 0.00>
ST_9 : Operation 117 [1/1] (0.00ns)   --->   "%output_block_addr_5 = getelementptr [100 x i32]* %output_block, i64 0, i64 %zext_ln55" [extr_.linuxdriversmediaplatformvicodecvicodec-codec.c_fwht16_with_main.c:55]   --->   Operation 117 'getelementptr' 'output_block_addr_5' <Predicate = true> <Delay = 0.00>
ST_9 : Operation 118 [1/1] (2.66ns)   --->   "store i32 %add_ln55, i32* %output_block_addr_5, align 4" [extr_.linuxdriversmediaplatformvicodecvicodec-codec.c_fwht16_with_main.c:55]   --->   Operation 118 'store' <Predicate = true> <Delay = 2.66> <Core = "RAM">   --->   Core 37 'RAM' <Latency = 1> <II = 1> <Delay = 2.66> <Storage> <Opcode : 'load' 'store'> <Ports = 2> <Width = 32> <Depth = 100> <RAM>
ST_9 : Operation 119 [1/1] (1.78ns)   --->   "%sub_ln56 = sub nsw i32 %sub_ln42, %sub_ln47" [extr_.linuxdriversmediaplatformvicodecvicodec-codec.c_fwht16_with_main.c:56]   --->   Operation 119 'sub' 'sub_ln56' <Predicate = true> <Delay = 1.78> <Core = "AddSub">   --->   Core 14 'AddSub' <Latency = 0> <II = 1> <Delay = 1.78> <FuncUnit> <Opcode : 'add' 'sub'> <InPorts = 2> <OutPorts = 1>
ST_9 : Operation 120 [1/1] (0.00ns)   --->   "%or_ln56 = or i6 %empty_3, 5" [extr_.linuxdriversmediaplatformvicodecvicodec-codec.c_fwht16_with_main.c:56]   --->   Operation 120 'or' 'or_ln56' <Predicate = true> <Delay = 0.00>
ST_9 : Operation 121 [1/1] (0.00ns)   --->   "%zext_ln56 = zext i6 %or_ln56 to i64" [extr_.linuxdriversmediaplatformvicodecvicodec-codec.c_fwht16_with_main.c:56]   --->   Operation 121 'zext' 'zext_ln56' <Predicate = true> <Delay = 0.00>
ST_9 : Operation 122 [1/1] (0.00ns)   --->   "%output_block_addr_6 = getelementptr [100 x i32]* %output_block, i64 0, i64 %zext_ln56" [extr_.linuxdriversmediaplatformvicodecvicodec-codec.c_fwht16_with_main.c:56]   --->   Operation 122 'getelementptr' 'output_block_addr_6' <Predicate = true> <Delay = 0.00>
ST_9 : Operation 123 [1/1] (2.66ns)   --->   "store i32 %sub_ln56, i32* %output_block_addr_6, align 4" [extr_.linuxdriversmediaplatformvicodecvicodec-codec.c_fwht16_with_main.c:56]   --->   Operation 123 'store' <Predicate = true> <Delay = 2.66> <Core = "RAM">   --->   Core 37 'RAM' <Latency = 1> <II = 1> <Delay = 2.66> <Storage> <Opcode : 'load' 'store'> <Ports = 2> <Width = 32> <Depth = 100> <RAM>

State 10 <SV = 9> <Delay = 4.44>
ST_10 : Operation 124 [1/1] (1.78ns)   --->   "%sub_ln57 = sub nsw i32 %add_ln43, %add_ln48" [extr_.linuxdriversmediaplatformvicodecvicodec-codec.c_fwht16_with_main.c:57]   --->   Operation 124 'sub' 'sub_ln57' <Predicate = true> <Delay = 1.78> <Core = "AddSub">   --->   Core 14 'AddSub' <Latency = 0> <II = 1> <Delay = 1.78> <FuncUnit> <Opcode : 'add' 'sub'> <InPorts = 2> <OutPorts = 1>
ST_10 : Operation 125 [1/1] (0.00ns)   --->   "%or_ln57 = or i6 %empty_3, 6" [extr_.linuxdriversmediaplatformvicodecvicodec-codec.c_fwht16_with_main.c:57]   --->   Operation 125 'or' 'or_ln57' <Predicate = true> <Delay = 0.00>
ST_10 : Operation 126 [1/1] (0.00ns)   --->   "%zext_ln57 = zext i6 %or_ln57 to i64" [extr_.linuxdriversmediaplatformvicodecvicodec-codec.c_fwht16_with_main.c:57]   --->   Operation 126 'zext' 'zext_ln57' <Predicate = true> <Delay = 0.00>
ST_10 : Operation 127 [1/1] (0.00ns)   --->   "%output_block_addr_7 = getelementptr [100 x i32]* %output_block, i64 0, i64 %zext_ln57" [extr_.linuxdriversmediaplatformvicodecvicodec-codec.c_fwht16_with_main.c:57]   --->   Operation 127 'getelementptr' 'output_block_addr_7' <Predicate = true> <Delay = 0.00>
ST_10 : Operation 128 [1/1] (2.66ns)   --->   "store i32 %sub_ln57, i32* %output_block_addr_7, align 4" [extr_.linuxdriversmediaplatformvicodecvicodec-codec.c_fwht16_with_main.c:57]   --->   Operation 128 'store' <Predicate = true> <Delay = 2.66> <Core = "RAM">   --->   Core 37 'RAM' <Latency = 1> <II = 1> <Delay = 2.66> <Storage> <Opcode : 'load' 'store'> <Ports = 2> <Width = 32> <Depth = 100> <RAM>
ST_10 : Operation 129 [1/1] (1.78ns)   --->   "%add_ln58 = add nsw i32 %add_ln43, %add_ln48" [extr_.linuxdriversmediaplatformvicodecvicodec-codec.c_fwht16_with_main.c:58]   --->   Operation 129 'add' 'add_ln58' <Predicate = true> <Delay = 1.78> <Core = "AddSub">   --->   Core 14 'AddSub' <Latency = 0> <II = 1> <Delay = 1.78> <FuncUnit> <Opcode : 'add' 'sub'> <InPorts = 2> <OutPorts = 1>
ST_10 : Operation 130 [1/1] (0.00ns)   --->   "%or_ln58 = or i6 %empty_3, 7" [extr_.linuxdriversmediaplatformvicodecvicodec-codec.c_fwht16_with_main.c:58]   --->   Operation 130 'or' 'or_ln58' <Predicate = true> <Delay = 0.00>
ST_10 : Operation 131 [1/1] (0.00ns)   --->   "%zext_ln58 = zext i6 %or_ln58 to i64" [extr_.linuxdriversmediaplatformvicodecvicodec-codec.c_fwht16_with_main.c:58]   --->   Operation 131 'zext' 'zext_ln58' <Predicate = true> <Delay = 0.00>
ST_10 : Operation 132 [1/1] (0.00ns)   --->   "%output_block_addr_8 = getelementptr [100 x i32]* %output_block, i64 0, i64 %zext_ln58" [extr_.linuxdriversmediaplatformvicodecvicodec-codec.c_fwht16_with_main.c:58]   --->   Operation 132 'getelementptr' 'output_block_addr_8' <Predicate = true> <Delay = 0.00>
ST_10 : Operation 133 [1/1] (2.66ns)   --->   "store i32 %add_ln58, i32* %output_block_addr_8, align 4" [extr_.linuxdriversmediaplatformvicodecvicodec-codec.c_fwht16_with_main.c:58]   --->   Operation 133 'store' <Predicate = true> <Delay = 2.66> <Core = "RAM">   --->   Core 37 'RAM' <Latency = 1> <II = 1> <Delay = 2.66> <Storage> <Opcode : 'load' 'store'> <Ports = 2> <Width = 32> <Depth = 100> <RAM>
ST_10 : Operation 134 [1/1] (0.00ns)   --->   "br label %1" [extr_.linuxdriversmediaplatformvicodecvicodec-codec.c_fwht16_with_main.c:25]   --->   Operation 134 'br' <Predicate = true> <Delay = 0.00>

State 11 <SV = 2> <Delay = 3.28>
ST_11 : Operation 135 [1/1] (0.00ns)   --->   "%out_1_rec = phi i4 [ %i_1, %3 ], [ 0, %.preheader.preheader ]"   --->   Operation 135 'phi' 'out_1_rec' <Predicate = true> <Delay = 0.00>
ST_11 : Operation 136 [1/1] (0.00ns)   --->   "%out_1_rec_cast2 = zext i4 %out_1_rec to i6" [extr_.linuxdriversmediaplatformvicodecvicodec-codec.c_fwht16_with_main.c:63]   --->   Operation 136 'zext' 'out_1_rec_cast2' <Predicate = true> <Delay = 0.00>
ST_11 : Operation 137 [1/1] (0.00ns)   --->   "%out_1_rec_cast = zext i4 %out_1_rec to i64" [extr_.linuxdriversmediaplatformvicodecvicodec-codec.c_fwht16_with_main.c:63]   --->   Operation 137 'zext' 'out_1_rec_cast' <Predicate = true> <Delay = 0.00>
ST_11 : Operation 138 [1/1] (0.00ns)   --->   "%output_block_addr_1 = getelementptr [100 x i32]* %output_block, i64 0, i64 %out_1_rec_cast" [extr_.linuxdriversmediaplatformvicodecvicodec-codec.c_fwht16_with_main.c:63]   --->   Operation 138 'getelementptr' 'output_block_addr_1' <Predicate = true> <Delay = 0.00>
ST_11 : Operation 139 [1/1] (1.08ns)   --->   "%icmp_ln63 = icmp eq i4 %out_1_rec, -8" [extr_.linuxdriversmediaplatformvicodecvicodec-codec.c_fwht16_with_main.c:63]   --->   Operation 139 'icmp' 'icmp_ln63' <Predicate = true> <Delay = 1.08> <Core = "Cmp">   --->   Core 25 'Cmp' <Latency = 0> <II = 1> <Delay = 1.08> <FuncUnit> <Opcode : 'icmp'> <InPorts = 2> <OutPorts = 1>
ST_11 : Operation 140 [1/1] (0.00ns)   --->   "%empty_4 = call i32 (...)* @_ssdm_op_SpecLoopTripCount(i64 8, i64 8, i64 8) nounwind"   --->   Operation 140 'speclooptripcount' 'empty_4' <Predicate = true> <Delay = 0.00>
ST_11 : Operation 141 [1/1] (1.32ns)   --->   "%i_1 = add i4 %out_1_rec, 1" [extr_.linuxdriversmediaplatformvicodecvicodec-codec.c_fwht16_with_main.c:63]   --->   Operation 141 'add' 'i_1' <Predicate = true> <Delay = 1.32> <Core = "AddSub">   --->   Core 14 'AddSub' <Latency = 0> <II = 1> <Delay = 1.78> <FuncUnit> <Opcode : 'add' 'sub'> <InPorts = 2> <OutPorts = 1>
ST_11 : Operation 142 [1/1] (0.00ns)   --->   "br i1 %icmp_ln63, label %4, label %3" [extr_.linuxdriversmediaplatformvicodecvicodec-codec.c_fwht16_with_main.c:63]   --->   Operation 142 'br' <Predicate = true> <Delay = 0.00>
ST_11 : Operation 143 [2/2] (2.66ns)   --->   "%output_block_load = load i32* %output_block_addr_1, align 4" [extr_.linuxdriversmediaplatformvicodecvicodec-codec.c_fwht16_with_main.c:65]   --->   Operation 143 'load' 'output_block_load' <Predicate = (!icmp_ln63)> <Delay = 2.66> <Core = "RAM">   --->   Core 37 'RAM' <Latency = 1> <II = 1> <Delay = 2.66> <Storage> <Opcode : 'load' 'store'> <Ports = 2> <Width = 32> <Depth = 100> <RAM>
ST_11 : Operation 144 [1/1] (0.61ns)   --->   "%xor_ln65 = xor i4 %out_1_rec, -8" [extr_.linuxdriversmediaplatformvicodecvicodec-codec.c_fwht16_with_main.c:65]   --->   Operation 144 'xor' 'xor_ln65' <Predicate = (!icmp_ln63)> <Delay = 0.61> <Core = "LogicGate">   --->   Core 27 'LogicGate' <Latency = 0> <II = 1> <Delay = 0.61> <FuncUnit> <Opcode : 'and' 'or' 'xor'> <InPorts = 2> <OutPorts = 1>
ST_11 : Operation 145 [1/1] (0.00ns)   --->   "%zext_ln65 = zext i4 %xor_ln65 to i64" [extr_.linuxdriversmediaplatformvicodecvicodec-codec.c_fwht16_with_main.c:65]   --->   Operation 145 'zext' 'zext_ln65' <Predicate = (!icmp_ln63)> <Delay = 0.00>
ST_11 : Operation 146 [1/1] (0.00ns)   --->   "%output_block_addr_9 = getelementptr [100 x i32]* %output_block, i64 0, i64 %zext_ln65" [extr_.linuxdriversmediaplatformvicodecvicodec-codec.c_fwht16_with_main.c:65]   --->   Operation 146 'getelementptr' 'output_block_addr_9' <Predicate = (!icmp_ln63)> <Delay = 0.00>
ST_11 : Operation 147 [2/2] (2.66ns)   --->   "%output_block_load_1 = load i32* %output_block_addr_9, align 4" [extr_.linuxdriversmediaplatformvicodecvicodec-codec.c_fwht16_with_main.c:65]   --->   Operation 147 'load' 'output_block_load_1' <Predicate = (!icmp_ln63)> <Delay = 2.66> <Core = "RAM">   --->   Core 37 'RAM' <Latency = 1> <II = 1> <Delay = 2.66> <Storage> <Opcode : 'load' 'store'> <Ports = 2> <Width = 32> <Depth = 100> <RAM>
ST_11 : Operation 148 [1/1] (0.00ns)   --->   "ret void" [extr_.linuxdriversmediaplatformvicodecvicodec-codec.c_fwht16_with_main.c:98]   --->   Operation 148 'ret' <Predicate = (icmp_ln63)> <Delay = 0.00>

State 12 <SV = 3> <Delay = 2.66>
ST_12 : Operation 149 [1/2] (2.66ns)   --->   "%output_block_load = load i32* %output_block_addr_1, align 4" [extr_.linuxdriversmediaplatformvicodecvicodec-codec.c_fwht16_with_main.c:65]   --->   Operation 149 'load' 'output_block_load' <Predicate = true> <Delay = 2.66> <Core = "RAM">   --->   Core 37 'RAM' <Latency = 1> <II = 1> <Delay = 2.66> <Storage> <Opcode : 'load' 'store'> <Ports = 2> <Width = 32> <Depth = 100> <RAM>
ST_12 : Operation 150 [1/2] (2.66ns)   --->   "%output_block_load_1 = load i32* %output_block_addr_9, align 4" [extr_.linuxdriversmediaplatformvicodecvicodec-codec.c_fwht16_with_main.c:65]   --->   Operation 150 'load' 'output_block_load_1' <Predicate = true> <Delay = 2.66> <Core = "RAM">   --->   Core 37 'RAM' <Latency = 1> <II = 1> <Delay = 2.66> <Storage> <Opcode : 'load' 'store'> <Ports = 2> <Width = 32> <Depth = 100> <RAM>
ST_12 : Operation 151 [1/1] (0.00ns)   --->   "%or_ln = call i5 @_ssdm_op_BitConcatenate.i5.i1.i4(i1 true, i4 %out_1_rec)" [extr_.linuxdriversmediaplatformvicodecvicodec-codec.c_fwht16_with_main.c:68]   --->   Operation 151 'bitconcatenate' 'or_ln' <Predicate = true> <Delay = 0.00>
ST_12 : Operation 152 [1/1] (0.00ns)   --->   "%zext_ln68 = zext i5 %or_ln to i64" [extr_.linuxdriversmediaplatformvicodecvicodec-codec.c_fwht16_with_main.c:68]   --->   Operation 152 'zext' 'zext_ln68' <Predicate = true> <Delay = 0.00>
ST_12 : Operation 153 [1/1] (0.00ns)   --->   "%output_block_addr_10 = getelementptr [100 x i32]* %output_block, i64 0, i64 %zext_ln68" [extr_.linuxdriversmediaplatformvicodecvicodec-codec.c_fwht16_with_main.c:68]   --->   Operation 153 'getelementptr' 'output_block_addr_10' <Predicate = true> <Delay = 0.00>
ST_12 : Operation 154 [2/2] (2.66ns)   --->   "%output_block_load_2 = load i32* %output_block_addr_10, align 4" [extr_.linuxdriversmediaplatformvicodecvicodec-codec.c_fwht16_with_main.c:68]   --->   Operation 154 'load' 'output_block_load_2' <Predicate = true> <Delay = 2.66> <Core = "RAM">   --->   Core 37 'RAM' <Latency = 1> <II = 1> <Delay = 2.66> <Storage> <Opcode : 'load' 'store'> <Ports = 2> <Width = 32> <Depth = 100> <RAM>
ST_12 : Operation 155 [1/1] (0.00ns)   --->   "%sext_ln68 = sext i4 %xor_ln65 to i5" [extr_.linuxdriversmediaplatformvicodecvicodec-codec.c_fwht16_with_main.c:68]   --->   Operation 155 'sext' 'sext_ln68' <Predicate = true> <Delay = 0.00>
ST_12 : Operation 156 [1/1] (0.00ns)   --->   "%zext_ln68_1 = zext i5 %sext_ln68 to i64" [extr_.linuxdriversmediaplatformvicodecvicodec-codec.c_fwht16_with_main.c:68]   --->   Operation 156 'zext' 'zext_ln68_1' <Predicate = true> <Delay = 0.00>
ST_12 : Operation 157 [1/1] (0.00ns)   --->   "%output_block_addr_11 = getelementptr [100 x i32]* %output_block, i64 0, i64 %zext_ln68_1" [extr_.linuxdriversmediaplatformvicodecvicodec-codec.c_fwht16_with_main.c:68]   --->   Operation 157 'getelementptr' 'output_block_addr_11' <Predicate = true> <Delay = 0.00>
ST_12 : Operation 158 [2/2] (2.66ns)   --->   "%output_block_load_3 = load i32* %output_block_addr_11, align 4" [extr_.linuxdriversmediaplatformvicodecvicodec-codec.c_fwht16_with_main.c:68]   --->   Operation 158 'load' 'output_block_load_3' <Predicate = true> <Delay = 2.66> <Core = "RAM">   --->   Core 37 'RAM' <Latency = 1> <II = 1> <Delay = 2.66> <Storage> <Opcode : 'load' 'store'> <Ports = 2> <Width = 32> <Depth = 100> <RAM>

State 13 <SV = 4> <Delay = 4.02>
ST_13 : Operation 159 [1/2] (2.66ns)   --->   "%output_block_load_2 = load i32* %output_block_addr_10, align 4" [extr_.linuxdriversmediaplatformvicodecvicodec-codec.c_fwht16_with_main.c:68]   --->   Operation 159 'load' 'output_block_load_2' <Predicate = true> <Delay = 2.66> <Core = "RAM">   --->   Core 37 'RAM' <Latency = 1> <II = 1> <Delay = 2.66> <Storage> <Opcode : 'load' 'store'> <Ports = 2> <Width = 32> <Depth = 100> <RAM>
ST_13 : Operation 160 [1/2] (2.66ns)   --->   "%output_block_load_3 = load i32* %output_block_addr_11, align 4" [extr_.linuxdriversmediaplatformvicodecvicodec-codec.c_fwht16_with_main.c:68]   --->   Operation 160 'load' 'output_block_load_3' <Predicate = true> <Delay = 2.66> <Core = "RAM">   --->   Core 37 'RAM' <Latency = 1> <II = 1> <Delay = 2.66> <Storage> <Opcode : 'load' 'store'> <Ports = 2> <Width = 32> <Depth = 100> <RAM>
ST_13 : Operation 161 [1/1] (0.00ns)   --->   "%or_ln1 = call i6 @_ssdm_op_BitConcatenate.i6.i2.i4(i2 -2, i4 %out_1_rec)" [extr_.linuxdriversmediaplatformvicodecvicodec-codec.c_fwht16_with_main.c:71]   --->   Operation 161 'bitconcatenate' 'or_ln1' <Predicate = true> <Delay = 0.00>
ST_13 : Operation 162 [1/1] (0.00ns)   --->   "%zext_ln71 = zext i6 %or_ln1 to i64" [extr_.linuxdriversmediaplatformvicodecvicodec-codec.c_fwht16_with_main.c:71]   --->   Operation 162 'zext' 'zext_ln71' <Predicate = true> <Delay = 0.00>
ST_13 : Operation 163 [1/1] (0.00ns)   --->   "%output_block_addr_12 = getelementptr [100 x i32]* %output_block, i64 0, i64 %zext_ln71" [extr_.linuxdriversmediaplatformvicodecvicodec-codec.c_fwht16_with_main.c:71]   --->   Operation 163 'getelementptr' 'output_block_addr_12' <Predicate = true> <Delay = 0.00>
ST_13 : Operation 164 [2/2] (2.66ns)   --->   "%output_block_load_4 = load i32* %output_block_addr_12, align 4" [extr_.linuxdriversmediaplatformvicodecvicodec-codec.c_fwht16_with_main.c:71]   --->   Operation 164 'load' 'output_block_load_4' <Predicate = true> <Delay = 2.66> <Core = "RAM">   --->   Core 37 'RAM' <Latency = 1> <II = 1> <Delay = 2.66> <Storage> <Opcode : 'load' 'store'> <Ports = 2> <Width = 32> <Depth = 100> <RAM>
ST_13 : Operation 165 [1/1] (1.35ns)   --->   "%add_ln71 = add i6 %out_1_rec_cast2, -24" [extr_.linuxdriversmediaplatformvicodecvicodec-codec.c_fwht16_with_main.c:71]   --->   Operation 165 'add' 'add_ln71' <Predicate = true> <Delay = 1.35> <Core = "AddSub">   --->   Core 14 'AddSub' <Latency = 0> <II = 1> <Delay = 1.78> <FuncUnit> <Opcode : 'add' 'sub'> <InPorts = 2> <OutPorts = 1>
ST_13 : Operation 166 [1/1] (0.00ns)   --->   "%zext_ln71_1 = zext i6 %add_ln71 to i64" [extr_.linuxdriversmediaplatformvicodecvicodec-codec.c_fwht16_with_main.c:71]   --->   Operation 166 'zext' 'zext_ln71_1' <Predicate = true> <Delay = 0.00>
ST_13 : Operation 167 [1/1] (0.00ns)   --->   "%output_block_addr_13 = getelementptr [100 x i32]* %output_block, i64 0, i64 %zext_ln71_1" [extr_.linuxdriversmediaplatformvicodecvicodec-codec.c_fwht16_with_main.c:71]   --->   Operation 167 'getelementptr' 'output_block_addr_13' <Predicate = true> <Delay = 0.00>
ST_13 : Operation 168 [2/2] (2.66ns)   --->   "%output_block_load_5 = load i32* %output_block_addr_13, align 4" [extr_.linuxdriversmediaplatformvicodecvicodec-codec.c_fwht16_with_main.c:71]   --->   Operation 168 'load' 'output_block_load_5' <Predicate = true> <Delay = 2.66> <Core = "RAM">   --->   Core 37 'RAM' <Latency = 1> <II = 1> <Delay = 2.66> <Storage> <Opcode : 'load' 'store'> <Ports = 2> <Width = 32> <Depth = 100> <RAM>

State 14 <SV = 5> <Delay = 2.66>
ST_14 : Operation 169 [1/2] (2.66ns)   --->   "%output_block_load_4 = load i32* %output_block_addr_12, align 4" [extr_.linuxdriversmediaplatformvicodecvicodec-codec.c_fwht16_with_main.c:71]   --->   Operation 169 'load' 'output_block_load_4' <Predicate = true> <Delay = 2.66> <Core = "RAM">   --->   Core 37 'RAM' <Latency = 1> <II = 1> <Delay = 2.66> <Storage> <Opcode : 'load' 'store'> <Ports = 2> <Width = 32> <Depth = 100> <RAM>
ST_14 : Operation 170 [1/2] (2.66ns)   --->   "%output_block_load_5 = load i32* %output_block_addr_13, align 4" [extr_.linuxdriversmediaplatformvicodecvicodec-codec.c_fwht16_with_main.c:71]   --->   Operation 170 'load' 'output_block_load_5' <Predicate = true> <Delay = 2.66> <Core = "RAM">   --->   Core 37 'RAM' <Latency = 1> <II = 1> <Delay = 2.66> <Storage> <Opcode : 'load' 'store'> <Ports = 2> <Width = 32> <Depth = 100> <RAM>
ST_14 : Operation 171 [1/1] (0.00ns)   --->   "%sext_ln74 = sext i5 %or_ln to i6" [extr_.linuxdriversmediaplatformvicodecvicodec-codec.c_fwht16_with_main.c:74]   --->   Operation 171 'sext' 'sext_ln74' <Predicate = true> <Delay = 0.00>
ST_14 : Operation 172 [1/1] (0.00ns)   --->   "%zext_ln74 = zext i6 %sext_ln74 to i64" [extr_.linuxdriversmediaplatformvicodecvicodec-codec.c_fwht16_with_main.c:74]   --->   Operation 172 'zext' 'zext_ln74' <Predicate = true> <Delay = 0.00>
ST_14 : Operation 173 [1/1] (0.00ns)   --->   "%output_block_addr_14 = getelementptr [100 x i32]* %output_block, i64 0, i64 %zext_ln74" [extr_.linuxdriversmediaplatformvicodecvicodec-codec.c_fwht16_with_main.c:74]   --->   Operation 173 'getelementptr' 'output_block_addr_14' <Predicate = true> <Delay = 0.00>
ST_14 : Operation 174 [2/2] (2.66ns)   --->   "%output_block_load_6 = load i32* %output_block_addr_14, align 4" [extr_.linuxdriversmediaplatformvicodecvicodec-codec.c_fwht16_with_main.c:74]   --->   Operation 174 'load' 'output_block_load_6' <Predicate = true> <Delay = 2.66> <Core = "RAM">   --->   Core 37 'RAM' <Latency = 1> <II = 1> <Delay = 2.66> <Storage> <Opcode : 'load' 'store'> <Ports = 2> <Width = 32> <Depth = 100> <RAM>
ST_14 : Operation 175 [1/1] (0.00ns)   --->   "%sext_ln74_1 = sext i4 %xor_ln65 to i6" [extr_.linuxdriversmediaplatformvicodecvicodec-codec.c_fwht16_with_main.c:74]   --->   Operation 175 'sext' 'sext_ln74_1' <Predicate = true> <Delay = 0.00>
ST_14 : Operation 176 [1/1] (0.00ns)   --->   "%zext_ln74_1 = zext i6 %sext_ln74_1 to i64" [extr_.linuxdriversmediaplatformvicodecvicodec-codec.c_fwht16_with_main.c:74]   --->   Operation 176 'zext' 'zext_ln74_1' <Predicate = true> <Delay = 0.00>
ST_14 : Operation 177 [1/1] (0.00ns)   --->   "%output_block_addr_15 = getelementptr [100 x i32]* %output_block, i64 0, i64 %zext_ln74_1" [extr_.linuxdriversmediaplatformvicodecvicodec-codec.c_fwht16_with_main.c:74]   --->   Operation 177 'getelementptr' 'output_block_addr_15' <Predicate = true> <Delay = 0.00>
ST_14 : Operation 178 [2/2] (2.66ns)   --->   "%output_block_load_7 = load i32* %output_block_addr_15, align 4" [extr_.linuxdriversmediaplatformvicodecvicodec-codec.c_fwht16_with_main.c:74]   --->   Operation 178 'load' 'output_block_load_7' <Predicate = true> <Delay = 2.66> <Core = "RAM">   --->   Core 37 'RAM' <Latency = 1> <II = 1> <Delay = 2.66> <Storage> <Opcode : 'load' 'store'> <Ports = 2> <Width = 32> <Depth = 100> <RAM>

State 15 <SV = 6> <Delay = 2.66>
ST_15 : Operation 179 [1/2] (2.66ns)   --->   "%output_block_load_6 = load i32* %output_block_addr_14, align 4" [extr_.linuxdriversmediaplatformvicodecvicodec-codec.c_fwht16_with_main.c:74]   --->   Operation 179 'load' 'output_block_load_6' <Predicate = true> <Delay = 2.66> <Core = "RAM">   --->   Core 37 'RAM' <Latency = 1> <II = 1> <Delay = 2.66> <Storage> <Opcode : 'load' 'store'> <Ports = 2> <Width = 32> <Depth = 100> <RAM>
ST_15 : Operation 180 [1/2] (2.66ns)   --->   "%output_block_load_7 = load i32* %output_block_addr_15, align 4" [extr_.linuxdriversmediaplatformvicodecvicodec-codec.c_fwht16_with_main.c:74]   --->   Operation 180 'load' 'output_block_load_7' <Predicate = true> <Delay = 2.66> <Core = "RAM">   --->   Core 37 'RAM' <Latency = 1> <II = 1> <Delay = 2.66> <Storage> <Opcode : 'load' 'store'> <Ports = 2> <Width = 32> <Depth = 100> <RAM>

State 16 <SV = 7> <Delay = 8.01>
ST_16 : Operation 181 [1/1] (1.78ns)   --->   "%add_ln65 = add nsw i32 %output_block_load_1, %output_block_load" [extr_.linuxdriversmediaplatformvicodecvicodec-codec.c_fwht16_with_main.c:65]   --->   Operation 181 'add' 'add_ln65' <Predicate = true> <Delay = 1.78> <Core = "AddSub">   --->   Core 14 'AddSub' <Latency = 0> <II = 1> <Delay = 1.78> <FuncUnit> <Opcode : 'add' 'sub'> <InPorts = 2> <OutPorts = 1>
ST_16 : Operation 182 [1/1] (1.78ns)   --->   "%sub_ln66 = sub nsw i32 %output_block_load, %output_block_load_1" [extr_.linuxdriversmediaplatformvicodecvicodec-codec.c_fwht16_with_main.c:66]   --->   Operation 182 'sub' 'sub_ln66' <Predicate = true> <Delay = 1.78> <Core = "AddSub">   --->   Core 14 'AddSub' <Latency = 0> <II = 1> <Delay = 1.78> <FuncUnit> <Opcode : 'add' 'sub'> <InPorts = 2> <OutPorts = 1>
ST_16 : Operation 183 [1/1] (1.78ns)   --->   "%add_ln68 = add nsw i32 %output_block_load_3, %output_block_load_2" [extr_.linuxdriversmediaplatformvicodecvicodec-codec.c_fwht16_with_main.c:68]   --->   Operation 183 'add' 'add_ln68' <Predicate = true> <Delay = 1.78> <Core = "AddSub">   --->   Core 14 'AddSub' <Latency = 0> <II = 1> <Delay = 1.78> <FuncUnit> <Opcode : 'add' 'sub'> <InPorts = 2> <OutPorts = 1>
ST_16 : Operation 184 [1/1] (1.78ns)   --->   "%sub_ln69 = sub nsw i32 %output_block_load_2, %output_block_load_3" [extr_.linuxdriversmediaplatformvicodecvicodec-codec.c_fwht16_with_main.c:69]   --->   Operation 184 'sub' 'sub_ln69' <Predicate = true> <Delay = 1.78> <Core = "AddSub">   --->   Core 14 'AddSub' <Latency = 0> <II = 1> <Delay = 1.78> <FuncUnit> <Opcode : 'add' 'sub'> <InPorts = 2> <OutPorts = 1>
ST_16 : Operation 185 [1/1] (1.78ns)   --->   "%add_ln71_1 = add nsw i32 %output_block_load_5, %output_block_load_4" [extr_.linuxdriversmediaplatformvicodecvicodec-codec.c_fwht16_with_main.c:71]   --->   Operation 185 'add' 'add_ln71_1' <Predicate = true> <Delay = 1.78> <Core = "AddSub">   --->   Core 14 'AddSub' <Latency = 0> <II = 1> <Delay = 1.78> <FuncUnit> <Opcode : 'add' 'sub'> <InPorts = 2> <OutPorts = 1>
ST_16 : Operation 186 [1/1] (1.78ns)   --->   "%sub_ln72 = sub nsw i32 %output_block_load_4, %output_block_load_5" [extr_.linuxdriversmediaplatformvicodecvicodec-codec.c_fwht16_with_main.c:72]   --->   Operation 186 'sub' 'sub_ln72' <Predicate = true> <Delay = 1.78> <Core = "AddSub">   --->   Core 14 'AddSub' <Latency = 0> <II = 1> <Delay = 1.78> <FuncUnit> <Opcode : 'add' 'sub'> <InPorts = 2> <OutPorts = 1>
ST_16 : Operation 187 [1/1] (1.78ns)   --->   "%add_ln74 = add nsw i32 %output_block_load_7, %output_block_load_6" [extr_.linuxdriversmediaplatformvicodecvicodec-codec.c_fwht16_with_main.c:74]   --->   Operation 187 'add' 'add_ln74' <Predicate = true> <Delay = 1.78> <Core = "AddSub">   --->   Core 14 'AddSub' <Latency = 0> <II = 1> <Delay = 1.78> <FuncUnit> <Opcode : 'add' 'sub'> <InPorts = 2> <OutPorts = 1>
ST_16 : Operation 188 [1/1] (1.78ns)   --->   "%sub_ln75 = sub nsw i32 %output_block_load_6, %output_block_load_7" [extr_.linuxdriversmediaplatformvicodecvicodec-codec.c_fwht16_with_main.c:75]   --->   Operation 188 'sub' 'sub_ln75' <Predicate = true> <Delay = 1.78> <Core = "AddSub">   --->   Core 14 'AddSub' <Latency = 0> <II = 1> <Delay = 1.78> <FuncUnit> <Opcode : 'add' 'sub'> <InPorts = 2> <OutPorts = 1>
ST_16 : Operation 189 [1/1] (1.78ns)   --->   "%add_ln78 = add nsw i32 %add_ln68, %add_ln65" [extr_.linuxdriversmediaplatformvicodecvicodec-codec.c_fwht16_with_main.c:78]   --->   Operation 189 'add' 'add_ln78' <Predicate = true> <Delay = 1.78> <Core = "AddSub">   --->   Core 14 'AddSub' <Latency = 0> <II = 1> <Delay = 1.78> <FuncUnit> <Opcode : 'add' 'sub'> <InPorts = 2> <OutPorts = 1>
ST_16 : Operation 190 [1/1] (1.78ns)   --->   "%sub_ln79 = sub nsw i32 %add_ln65, %add_ln68" [extr_.linuxdriversmediaplatformvicodecvicodec-codec.c_fwht16_with_main.c:79]   --->   Operation 190 'sub' 'sub_ln79' <Predicate = true> <Delay = 1.78> <Core = "AddSub">   --->   Core 14 'AddSub' <Latency = 0> <II = 1> <Delay = 1.78> <FuncUnit> <Opcode : 'add' 'sub'> <InPorts = 2> <OutPorts = 1>
ST_16 : Operation 191 [1/1] (1.78ns)   --->   "%add_ln83 = add nsw i32 %add_ln74, %add_ln71_1" [extr_.linuxdriversmediaplatformvicodecvicodec-codec.c_fwht16_with_main.c:83]   --->   Operation 191 'add' 'add_ln83' <Predicate = true> <Delay = 1.78> <Core = "AddSub">   --->   Core 14 'AddSub' <Latency = 0> <II = 1> <Delay = 1.78> <FuncUnit> <Opcode : 'add' 'sub'> <InPorts = 2> <OutPorts = 1>
ST_16 : Operation 192 [1/1] (1.78ns)   --->   "%sub_ln84 = sub nsw i32 %add_ln71_1, %add_ln74" [extr_.linuxdriversmediaplatformvicodecvicodec-codec.c_fwht16_with_main.c:84]   --->   Operation 192 'sub' 'sub_ln84' <Predicate = true> <Delay = 1.78> <Core = "AddSub">   --->   Core 14 'AddSub' <Latency = 0> <II = 1> <Delay = 1.78> <FuncUnit> <Opcode : 'add' 'sub'> <InPorts = 2> <OutPorts = 1>
ST_16 : Operation 193 [1/1] (1.78ns)   --->   "%add_ln89 = add nsw i32 %add_ln83, %add_ln78" [extr_.linuxdriversmediaplatformvicodecvicodec-codec.c_fwht16_with_main.c:89]   --->   Operation 193 'add' 'add_ln89' <Predicate = true> <Delay = 1.78> <Core = "AddSub">   --->   Core 14 'AddSub' <Latency = 0> <II = 1> <Delay = 1.78> <FuncUnit> <Opcode : 'add' 'sub'> <InPorts = 2> <OutPorts = 1>
ST_16 : Operation 194 [1/1] (1.78ns)   --->   "%sub_ln90 = sub nsw i32 %add_ln78, %add_ln83" [extr_.linuxdriversmediaplatformvicodecvicodec-codec.c_fwht16_with_main.c:90]   --->   Operation 194 'sub' 'sub_ln90' <Predicate = true> <Delay = 1.78> <Core = "AddSub">   --->   Core 14 'AddSub' <Latency = 0> <II = 1> <Delay = 1.78> <FuncUnit> <Opcode : 'add' 'sub'> <InPorts = 2> <OutPorts = 1>
ST_16 : Operation 195 [1/1] (2.66ns)   --->   "store i32 %sub_ln90, i32* %output_block_addr_9, align 4" [extr_.linuxdriversmediaplatformvicodecvicodec-codec.c_fwht16_with_main.c:90]   --->   Operation 195 'store' <Predicate = true> <Delay = 2.66> <Core = "RAM">   --->   Core 37 'RAM' <Latency = 1> <II = 1> <Delay = 2.66> <Storage> <Opcode : 'load' 'store'> <Ports = 2> <Width = 32> <Depth = 100> <RAM>
ST_16 : Operation 196 [1/1] (1.78ns)   --->   "%sub_ln91 = sub nsw i32 %sub_ln79, %sub_ln84" [extr_.linuxdriversmediaplatformvicodecvicodec-codec.c_fwht16_with_main.c:91]   --->   Operation 196 'sub' 'sub_ln91' <Predicate = true> <Delay = 1.78> <Core = "AddSub">   --->   Core 14 'AddSub' <Latency = 0> <II = 1> <Delay = 1.78> <FuncUnit> <Opcode : 'add' 'sub'> <InPorts = 2> <OutPorts = 1>
ST_16 : Operation 197 [1/1] (2.66ns)   --->   "store i32 %sub_ln91, i32* %output_block_addr_10, align 4" [extr_.linuxdriversmediaplatformvicodecvicodec-codec.c_fwht16_with_main.c:91]   --->   Operation 197 'store' <Predicate = true> <Delay = 2.66> <Core = "RAM">   --->   Core 37 'RAM' <Latency = 1> <II = 1> <Delay = 2.66> <Storage> <Opcode : 'load' 'store'> <Ports = 2> <Width = 32> <Depth = 100> <RAM>
ST_16 : Operation 198 [1/1] (1.78ns)   --->   "%add_ln92 = add nsw i32 %sub_ln84, %sub_ln79" [extr_.linuxdriversmediaplatformvicodecvicodec-codec.c_fwht16_with_main.c:92]   --->   Operation 198 'add' 'add_ln92' <Predicate = true> <Delay = 1.78> <Core = "AddSub">   --->   Core 14 'AddSub' <Latency = 0> <II = 1> <Delay = 1.78> <FuncUnit> <Opcode : 'add' 'sub'> <InPorts = 2> <OutPorts = 1>

State 17 <SV = 8> <Delay = 2.66>
ST_17 : Operation 199 [1/1] (2.66ns)   --->   "store i32 %add_ln89, i32* %output_block_addr_1, align 4" [extr_.linuxdriversmediaplatformvicodecvicodec-codec.c_fwht16_with_main.c:89]   --->   Operation 199 'store' <Predicate = true> <Delay = 2.66> <Core = "RAM">   --->   Core 37 'RAM' <Latency = 1> <II = 1> <Delay = 2.66> <Storage> <Opcode : 'load' 'store'> <Ports = 2> <Width = 32> <Depth = 100> <RAM>
ST_17 : Operation 200 [1/1] (2.66ns)   --->   "store i32 %add_ln92, i32* %output_block_addr_11, align 4" [extr_.linuxdriversmediaplatformvicodecvicodec-codec.c_fwht16_with_main.c:92]   --->   Operation 200 'store' <Predicate = true> <Delay = 2.66> <Core = "RAM">   --->   Core 37 'RAM' <Latency = 1> <II = 1> <Delay = 2.66> <Storage> <Opcode : 'load' 'store'> <Ports = 2> <Width = 32> <Depth = 100> <RAM>

State 18 <SV = 9> <Delay = 6.23>
ST_18 : Operation 201 [1/1] (1.78ns)   --->   "%sub_ln80 = sub nsw i32 %sub_ln66, %sub_ln69" [extr_.linuxdriversmediaplatformvicodecvicodec-codec.c_fwht16_with_main.c:80]   --->   Operation 201 'sub' 'sub_ln80' <Predicate = true> <Delay = 1.78> <Core = "AddSub">   --->   Core 14 'AddSub' <Latency = 0> <II = 1> <Delay = 1.78> <FuncUnit> <Opcode : 'add' 'sub'> <InPorts = 2> <OutPorts = 1>
ST_18 : Operation 202 [1/1] (1.78ns)   --->   "%add_ln81 = add nsw i32 %sub_ln69, %sub_ln66" [extr_.linuxdriversmediaplatformvicodecvicodec-codec.c_fwht16_with_main.c:81]   --->   Operation 202 'add' 'add_ln81' <Predicate = true> <Delay = 1.78> <Core = "AddSub">   --->   Core 14 'AddSub' <Latency = 0> <II = 1> <Delay = 1.78> <FuncUnit> <Opcode : 'add' 'sub'> <InPorts = 2> <OutPorts = 1>
ST_18 : Operation 203 [1/1] (1.78ns)   --->   "%sub_ln85 = sub nsw i32 %sub_ln72, %sub_ln75" [extr_.linuxdriversmediaplatformvicodecvicodec-codec.c_fwht16_with_main.c:85]   --->   Operation 203 'sub' 'sub_ln85' <Predicate = true> <Delay = 1.78> <Core = "AddSub">   --->   Core 14 'AddSub' <Latency = 0> <II = 1> <Delay = 1.78> <FuncUnit> <Opcode : 'add' 'sub'> <InPorts = 2> <OutPorts = 1>
ST_18 : Operation 204 [1/1] (1.78ns)   --->   "%add_ln86 = add nsw i32 %sub_ln75, %sub_ln72" [extr_.linuxdriversmediaplatformvicodecvicodec-codec.c_fwht16_with_main.c:86]   --->   Operation 204 'add' 'add_ln86' <Predicate = true> <Delay = 1.78> <Core = "AddSub">   --->   Core 14 'AddSub' <Latency = 0> <II = 1> <Delay = 1.78> <FuncUnit> <Opcode : 'add' 'sub'> <InPorts = 2> <OutPorts = 1>
ST_18 : Operation 205 [1/1] (1.78ns)   --->   "%add_ln93 = add nsw i32 %sub_ln85, %sub_ln80" [extr_.linuxdriversmediaplatformvicodecvicodec-codec.c_fwht16_with_main.c:93]   --->   Operation 205 'add' 'add_ln93' <Predicate = true> <Delay = 1.78> <Core = "AddSub">   --->   Core 14 'AddSub' <Latency = 0> <II = 1> <Delay = 1.78> <FuncUnit> <Opcode : 'add' 'sub'> <InPorts = 2> <OutPorts = 1>
ST_18 : Operation 206 [1/1] (2.66ns)   --->   "store i32 %add_ln93, i32* %output_block_addr_12, align 4" [extr_.linuxdriversmediaplatformvicodecvicodec-codec.c_fwht16_with_main.c:93]   --->   Operation 206 'store' <Predicate = true> <Delay = 2.66> <Core = "RAM">   --->   Core 37 'RAM' <Latency = 1> <II = 1> <Delay = 2.66> <Storage> <Opcode : 'load' 'store'> <Ports = 2> <Width = 32> <Depth = 100> <RAM>
ST_18 : Operation 207 [1/1] (1.78ns)   --->   "%sub_ln94 = sub nsw i32 %sub_ln80, %sub_ln85" [extr_.linuxdriversmediaplatformvicodecvicodec-codec.c_fwht16_with_main.c:94]   --->   Operation 207 'sub' 'sub_ln94' <Predicate = true> <Delay = 1.78> <Core = "AddSub">   --->   Core 14 'AddSub' <Latency = 0> <II = 1> <Delay = 1.78> <FuncUnit> <Opcode : 'add' 'sub'> <InPorts = 2> <OutPorts = 1>
ST_18 : Operation 208 [1/1] (2.66ns)   --->   "store i32 %sub_ln94, i32* %output_block_addr_13, align 4" [extr_.linuxdriversmediaplatformvicodecvicodec-codec.c_fwht16_with_main.c:94]   --->   Operation 208 'store' <Predicate = true> <Delay = 2.66> <Core = "RAM">   --->   Core 37 'RAM' <Latency = 1> <II = 1> <Delay = 2.66> <Storage> <Opcode : 'load' 'store'> <Ports = 2> <Width = 32> <Depth = 100> <RAM>

State 19 <SV = 10> <Delay = 4.44>
ST_19 : Operation 209 [1/1] (1.78ns)   --->   "%sub_ln95 = sub nsw i32 %add_ln81, %add_ln86" [extr_.linuxdriversmediaplatformvicodecvicodec-codec.c_fwht16_with_main.c:95]   --->   Operation 209 'sub' 'sub_ln95' <Predicate = true> <Delay = 1.78> <Core = "AddSub">   --->   Core 14 'AddSub' <Latency = 0> <II = 1> <Delay = 1.78> <FuncUnit> <Opcode : 'add' 'sub'> <InPorts = 2> <OutPorts = 1>
ST_19 : Operation 210 [1/1] (2.66ns)   --->   "store i32 %sub_ln95, i32* %output_block_addr_14, align 4" [extr_.linuxdriversmediaplatformvicodecvicodec-codec.c_fwht16_with_main.c:95]   --->   Operation 210 'store' <Predicate = true> <Delay = 2.66> <Core = "RAM">   --->   Core 37 'RAM' <Latency = 1> <II = 1> <Delay = 2.66> <Storage> <Opcode : 'load' 'store'> <Ports = 2> <Width = 32> <Depth = 100> <RAM>
ST_19 : Operation 211 [1/1] (1.78ns)   --->   "%add_ln96 = add nsw i32 %add_ln86, %add_ln81" [extr_.linuxdriversmediaplatformvicodecvicodec-codec.c_fwht16_with_main.c:96]   --->   Operation 211 'add' 'add_ln96' <Predicate = true> <Delay = 1.78> <Core = "AddSub">   --->   Core 14 'AddSub' <Latency = 0> <II = 1> <Delay = 1.78> <FuncUnit> <Opcode : 'add' 'sub'> <InPorts = 2> <OutPorts = 1>
ST_19 : Operation 212 [1/1] (2.66ns)   --->   "store i32 %add_ln96, i32* %output_block_addr_15, align 4" [extr_.linuxdriversmediaplatformvicodecvicodec-codec.c_fwht16_with_main.c:96]   --->   Operation 212 'store' <Predicate = true> <Delay = 2.66> <Core = "RAM">   --->   Core 37 'RAM' <Latency = 1> <II = 1> <Delay = 2.66> <Storage> <Opcode : 'load' 'store'> <Ports = 2> <Width = 32> <Depth = 100> <RAM>
ST_19 : Operation 213 [1/1] (0.00ns)   --->   "br label %.preheader" [extr_.linuxdriversmediaplatformvicodecvicodec-codec.c_fwht16_with_main.c:63]   --->   Operation 213 'br' <Predicate = true> <Delay = 0.00>


============================================================
+ Verbose Summary: Timing violations
============================================================
Target clock period: 10ns, clock uncertainty: 1.25ns.

 <State 1>: 1.06ns
The critical path consists of the following:
	multiplexor before 'phi' operation ('tmp_0_rec', extr_.linuxdriversmediaplatformvicodecvicodec-codec.c_fwht16_with_main.c:25) with incoming values : ('add_ln25', extr_.linuxdriversmediaplatformvicodecvicodec-codec.c_fwht16_with_main.c:25) [14]  (1.06 ns)

 <State 2>: 4.06ns
The critical path consists of the following:
	'phi' operation ('tmp_0_rec', extr_.linuxdriversmediaplatformvicodecvicodec-codec.c_fwht16_with_main.c:25) with incoming values : ('add_ln25', extr_.linuxdriversmediaplatformvicodecvicodec-codec.c_fwht16_with_main.c:25) [14]  (0 ns)
	'add' operation ('add_ln27', extr_.linuxdriversmediaplatformvicodecvicodec-codec.c_fwht16_with_main.c:27) [28]  (1.39 ns)
	'getelementptr' operation ('block_addr_1', extr_.linuxdriversmediaplatformvicodecvicodec-codec.c_fwht16_with_main.c:27) [30]  (0 ns)
	'load' operation ('block_load_1', extr_.linuxdriversmediaplatformvicodecvicodec-codec.c_fwht16_with_main.c:27) on array 'block_r' [31]  (2.66 ns)

 <State 3>: 4.06ns
The critical path consists of the following:
	'add' operation ('add_ln30', extr_.linuxdriversmediaplatformvicodecvicodec-codec.c_fwht16_with_main.c:30) [34]  (1.39 ns)
	'getelementptr' operation ('block_addr_2', extr_.linuxdriversmediaplatformvicodecvicodec-codec.c_fwht16_with_main.c:30) [36]  (0 ns)
	'load' operation ('block_load_2', extr_.linuxdriversmediaplatformvicodecvicodec-codec.c_fwht16_with_main.c:30) on array 'block_r' [37]  (2.66 ns)

 <State 4>: 4.06ns
The critical path consists of the following:
	'add' operation ('add_ln33', extr_.linuxdriversmediaplatformvicodecvicodec-codec.c_fwht16_with_main.c:33) [44]  (1.39 ns)
	'getelementptr' operation ('block_addr_4', extr_.linuxdriversmediaplatformvicodecvicodec-codec.c_fwht16_with_main.c:33) [46]  (0 ns)
	'load' operation ('block_load_4', extr_.linuxdriversmediaplatformvicodecvicodec-codec.c_fwht16_with_main.c:33) on array 'block_r' [47]  (2.66 ns)

 <State 5>: 4.06ns
The critical path consists of the following:
	'add' operation ('add_ln36', extr_.linuxdriversmediaplatformvicodecvicodec-codec.c_fwht16_with_main.c:36) [54]  (1.39 ns)
	'getelementptr' operation ('block_addr_6', extr_.linuxdriversmediaplatformvicodecvicodec-codec.c_fwht16_with_main.c:36) [56]  (0 ns)
	'load' operation ('block_load_6', extr_.linuxdriversmediaplatformvicodecvicodec-codec.c_fwht16_with_main.c:36) on array 'block_r' [57]  (2.66 ns)

 <State 6>: 2.66ns
The critical path consists of the following:
	'load' operation ('block_load_6', extr_.linuxdriversmediaplatformvicodecvicodec-codec.c_fwht16_with_main.c:36) on array 'block_r' [57]  (2.66 ns)

 <State 7>: 8.02ns
The critical path consists of the following:
	'add' operation ('add_ln27_1', extr_.linuxdriversmediaplatformvicodecvicodec-codec.c_fwht16_with_main.c:27) [32]  (1.78 ns)
	'add' operation ('add_ln40', extr_.linuxdriversmediaplatformvicodecvicodec-codec.c_fwht16_with_main.c:40) [64]  (1.78 ns)
	'add' operation ('add_ln51', extr_.linuxdriversmediaplatformvicodecvicodec-codec.c_fwht16_with_main.c:51) [72]  (1.78 ns)
	'store' operation ('store_ln51', extr_.linuxdriversmediaplatformvicodecvicodec-codec.c_fwht16_with_main.c:51) of variable 'add_ln51', extr_.linuxdriversmediaplatformvicodecvicodec-codec.c_fwht16_with_main.c:51 on array 'output_block' [73]  (2.66 ns)

 <State 8>: 4.45ns
The critical path consists of the following:
	'sub' operation ('sub_ln53', extr_.linuxdriversmediaplatformvicodecvicodec-codec.c_fwht16_with_main.c:53) [80]  (1.78 ns)
	'store' operation ('store_ln53', extr_.linuxdriversmediaplatformvicodecvicodec-codec.c_fwht16_with_main.c:53) of variable 'sub_ln53', extr_.linuxdriversmediaplatformvicodecvicodec-codec.c_fwht16_with_main.c:53 on array 'output_block' [84]  (2.66 ns)

 <State 9>: 6.23ns
The critical path consists of the following:
	'sub' operation ('sub_ln42', extr_.linuxdriversmediaplatformvicodecvicodec-codec.c_fwht16_with_main.c:42) [66]  (1.78 ns)
	'add' operation ('add_ln55', extr_.linuxdriversmediaplatformvicodecvicodec-codec.c_fwht16_with_main.c:55) [90]  (1.78 ns)
	'store' operation ('store_ln55', extr_.linuxdriversmediaplatformvicodecvicodec-codec.c_fwht16_with_main.c:55) of variable 'add_ln55', extr_.linuxdriversmediaplatformvicodecvicodec-codec.c_fwht16_with_main.c:55 on array 'output_block' [94]  (2.66 ns)

 <State 10>: 4.45ns
The critical path consists of the following:
	'sub' operation ('sub_ln57', extr_.linuxdriversmediaplatformvicodecvicodec-codec.c_fwht16_with_main.c:57) [100]  (1.78 ns)
	'store' operation ('store_ln57', extr_.linuxdriversmediaplatformvicodecvicodec-codec.c_fwht16_with_main.c:57) of variable 'sub_ln57', extr_.linuxdriversmediaplatformvicodecvicodec-codec.c_fwht16_with_main.c:57 on array 'output_block' [104]  (2.66 ns)

 <State 11>: 3.28ns
The critical path consists of the following:
	'phi' operation ('i') with incoming values : ('i', extr_.linuxdriversmediaplatformvicodecvicodec-codec.c_fwht16_with_main.c:63) [116]  (0 ns)
	'xor' operation ('xor_ln65', extr_.linuxdriversmediaplatformvicodecvicodec-codec.c_fwht16_with_main.c:65) [126]  (0.616 ns)
	'getelementptr' operation ('output_block_addr_9', extr_.linuxdriversmediaplatformvicodecvicodec-codec.c_fwht16_with_main.c:65) [128]  (0 ns)
	'load' operation ('output_block_load_1', extr_.linuxdriversmediaplatformvicodecvicodec-codec.c_fwht16_with_main.c:65) on array 'output_block' [129]  (2.66 ns)

 <State 12>: 2.66ns
The critical path consists of the following:
	'load' operation ('output_block_load', extr_.linuxdriversmediaplatformvicodecvicodec-codec.c_fwht16_with_main.c:65) on array 'output_block' [125]  (2.66 ns)

 <State 13>: 4.02ns
The critical path consists of the following:
	'add' operation ('add_ln71', extr_.linuxdriversmediaplatformvicodecvicodec-codec.c_fwht16_with_main.c:71) [146]  (1.36 ns)
	'getelementptr' operation ('output_block_addr_13', extr_.linuxdriversmediaplatformvicodecvicodec-codec.c_fwht16_with_main.c:71) [148]  (0 ns)
	'load' operation ('output_block_load_5', extr_.linuxdriversmediaplatformvicodecvicodec-codec.c_fwht16_with_main.c:71) on array 'output_block' [149]  (2.66 ns)

 <State 14>: 2.66ns
The critical path consists of the following:
	'load' operation ('output_block_load_4', extr_.linuxdriversmediaplatformvicodecvicodec-codec.c_fwht16_with_main.c:71) on array 'output_block' [145]  (2.66 ns)

 <State 15>: 2.66ns
The critical path consists of the following:
	'load' operation ('output_block_load_6', extr_.linuxdriversmediaplatformvicodecvicodec-codec.c_fwht16_with_main.c:74) on array 'output_block' [155]  (2.66 ns)

 <State 16>: 8.02ns
The critical path consists of the following:
	'add' operation ('add_ln65', extr_.linuxdriversmediaplatformvicodecvicodec-codec.c_fwht16_with_main.c:65) [130]  (1.78 ns)
	'add' operation ('add_ln78', extr_.linuxdriversmediaplatformvicodecvicodec-codec.c_fwht16_with_main.c:78) [162]  (1.78 ns)
	'sub' operation ('sub_ln90', extr_.linuxdriversmediaplatformvicodecvicodec-codec.c_fwht16_with_main.c:90) [172]  (1.78 ns)
	'store' operation ('store_ln90', extr_.linuxdriversmediaplatformvicodecvicodec-codec.c_fwht16_with_main.c:90) of variable 'sub_ln90', extr_.linuxdriversmediaplatformvicodecvicodec-codec.c_fwht16_with_main.c:90 on array 'output_block' [173]  (2.66 ns)

 <State 17>: 2.66ns
The critical path consists of the following:
	'store' operation ('store_ln89', extr_.linuxdriversmediaplatformvicodecvicodec-codec.c_fwht16_with_main.c:89) of variable 'add_ln89', extr_.linuxdriversmediaplatformvicodecvicodec-codec.c_fwht16_with_main.c:89 on array 'output_block' [171]  (2.66 ns)

 <State 18>: 6.23ns
The critical path consists of the following:
	'sub' operation ('sub_ln80', extr_.linuxdriversmediaplatformvicodecvicodec-codec.c_fwht16_with_main.c:80) [164]  (1.78 ns)
	'add' operation ('add_ln93', extr_.linuxdriversmediaplatformvicodecvicodec-codec.c_fwht16_with_main.c:93) [178]  (1.78 ns)
	'store' operation ('store_ln93', extr_.linuxdriversmediaplatformvicodecvicodec-codec.c_fwht16_with_main.c:93) of variable 'add_ln93', extr_.linuxdriversmediaplatformvicodecvicodec-codec.c_fwht16_with_main.c:93 on array 'output_block' [179]  (2.66 ns)

 <State 19>: 4.45ns
The critical path consists of the following:
	'sub' operation ('sub_ln95', extr_.linuxdriversmediaplatformvicodecvicodec-codec.c_fwht16_with_main.c:95) [182]  (1.78 ns)
	'store' operation ('store_ln95', extr_.linuxdriversmediaplatformvicodecvicodec-codec.c_fwht16_with_main.c:95) of variable 'sub_ln95', extr_.linuxdriversmediaplatformvicodecvicodec-codec.c_fwht16_with_main.c:95 on array 'output_block' [183]  (2.66 ns)


============================================================
+ Verbose Summary: Binding
============================================================
N/A
* FSMD analyzer results:
  - Output states:
 - Input state : 
  - Chain level:
	State 1
	State 2
	State 3
	State 4
	State 5
	State 6
	State 7
	State 8
	State 9
	State 10
	State 11
	State 12
	State 13
	State 14
	State 15
	State 16
	State 17
	State 18
	State 19


============================================================
+ Verbose Summary: Datapath Resource usage 
============================================================
N/A
