

================================================================
== Vivado HLS Report for 'poly6'
================================================================
* Date:           Mon Apr 20 17:42:10 2020

* Version:        2019.1 (Build 2552052 on Fri May 24 15:28:33 MDT 2019)
* Project:        proj
* Solution:       sol
* Product family: kintex7
* Target device:  xc7k160t-fbg484-1


================================================================
== Performance Estimates
================================================================
+ Timing (ns): 
    * Summary: 
    +--------+-------+----------+------------+
    |  Clock | Target| Estimated| Uncertainty|
    +--------+-------+----------+------------+
    |ap_clk  |   5.00|     4.300|        0.62|
    +--------+-------+----------+------------+

+ Latency (clock cycles): 
    * Summary: 
    +-------------+-------------+-------------+-------------+---------+
    |          Latency          |          Interval         | Pipeline|
    |     min     |     max     |     min     |     max     |   Type  |
    +-------------+-------------+-------------+-------------+---------+
    |  24343740621|  24343740621|  24343740621|  24343740621|   none  |
    +-------------+-------------+-------------+-------------+---------+

    + Detail: 
        * Instance: 
        N/A

        * Loop: 
        +-------------+-------------+-------------+-----------+-----------+-----------+---------+----------+
        |             |          Latency          | Iteration |  Initiation Interval  |   Trip  |          |
        |  Loop Name  |     min     |     max     |  Latency  |  achieved |   target  |  Count  | Pipelined|
        +-------------+-------------+-------------+-----------+-----------+-----------+---------+----------+
        |- Loop 1     |     16777216|     16777216|          2|          -|          -|  8388608|    no    |
        |- Loop 2     |  24326963400|  24326963400|  243269634|          -|          -|      100|    no    |
        | + Loop 2.1  |    243269632|    243269632|         29|          -|          -|  8388608|    no    |
        +-------------+-------------+-------------+-----------+-----------+-----------+---------+----------+



================================================================
== Utilization Estimates
================================================================
* Summary: 
+-----------------+---------+-------+--------+--------+-----+
|       Name      | BRAM_18K| DSP48E|   FF   |   LUT  | URAM|
+-----------------+---------+-------+--------+--------+-----+
|DSP              |        -|      3|       -|       -|    -|
|Expression       |        -|      -|       0|     647|    -|
|FIFO             |        -|      -|       -|       -|    -|
|Instance         |        -|     26|    2169|      81|    -|
|Memory           |    53248|      -|     208|       0|    0|
|Multiplexer      |        -|      -|       -|     273|    -|
|Register         |        -|      -|    1145|       -|    -|
+-----------------+---------+-------+--------+--------+-----+
|Total            |    53248|     29|    3522|    1001|    0|
+-----------------+---------+-------+--------+--------+-----+
|Available        |      650|    600|  202800|  101400|    0|
+-----------------+---------+-------+--------+--------+-----+
|Utilization (%)  |     8192|      4|       1|   ~0   |    0|
+-----------------+---------+-------+--------+--------+-----+

+ Detail: 
    * Instance: 
    +-------------------------------+----------------------------+---------+-------+-----+----+-----+
    |            Instance           |           Module           | BRAM_18K| DSP48E|  FF | LUT| URAM|
    +-------------------------------+----------------------------+---------+-------+-----+----+-----+
    |poly6_mul_24ns_24ns_32_4_1_U4  |poly6_mul_24ns_24ns_32_4_1  |        0|      2|  118|   1|    0|
    |poly6_mul_25s_24ns_32_4_1_U1   |poly6_mul_25s_24ns_32_4_1   |        0|      2|  122|   1|    0|
    |poly6_mul_25s_24ns_32_4_1_U2   |poly6_mul_25s_24ns_32_4_1   |        0|      2|  122|   1|    0|
    |poly6_mul_25s_24ns_32_4_1_U3   |poly6_mul_25s_24ns_32_4_1   |        0|      2|  122|   1|    0|
    |poly6_mul_28ns_24ns_32_5_1_U5  |poly6_mul_28ns_24ns_32_5_1  |        0|      2|  180|  70|    0|
    |poly6_mul_29s_32s_32_5_1_U6    |poly6_mul_29s_32s_32_5_1    |        0|      3|  215|   1|    0|
    |poly6_mul_32s_24ns_32_5_1_U8   |poly6_mul_32s_24ns_32_5_1   |        0|      2|  215|   1|    0|
    |poly6_mul_32s_24ns_32_5_1_U9   |poly6_mul_32s_24ns_32_5_1   |        0|      2|  215|   1|    0|
    |poly6_mul_32s_24ns_32_5_1_U10  |poly6_mul_32s_24ns_32_5_1   |        0|      2|  215|   1|    0|
    |poly6_mul_32s_24ns_32_5_1_U11  |poly6_mul_32s_24ns_32_5_1   |        0|      2|  215|   1|    0|
    |poly6_mul_32s_24ns_32_5_1_U12  |poly6_mul_32s_24ns_32_5_1   |        0|      2|  215|   1|    0|
    |poly6_mul_32s_32s_32_5_1_U7    |poly6_mul_32s_32s_32_5_1    |        0|      3|  215|   1|    0|
    +-------------------------------+----------------------------+---------+-------+-----+----+-----+
    |Total                          |                            |        0|     26| 2169|  81|    0|
    +-------------------------------+----------------------------+---------+-------+-----+----+-----+

    * DSP48E: 
    +-------------------------------------------+---------------------------------------+--------------+
    |                  Instance                 |                 Module                |  Expression  |
    +-------------------------------------------+---------------------------------------+--------------+
    |poly6_mac_muladd_24ns_10ns_16s_32_3_1_U14  |poly6_mac_muladd_24ns_10ns_16s_32_3_1  | i0 * i1 + i2 |
    |poly6_mac_muladd_24ns_13ns_22s_32_3_1_U15  |poly6_mac_muladd_24ns_13ns_22s_32_3_1  | i0 * i1 + i2 |
    |poly6_mac_muladd_24ns_8ns_13ns_31_3_1_U13  |poly6_mac_muladd_24ns_8ns_13ns_31_3_1  | i0 * i1 + i2 |
    +-------------------------------------------+---------------------------------------+--------------+

    * Memory: 
    +-------+-----------+---------+----+----+-----+---------+-----+------+-------------+
    | Memory|   Module  | BRAM_18K| FF | LUT| URAM|  Words  | Bits| Banks| W*Bits*Banks|
    +-------+-----------+---------+----+----+-----+---------+-----+------+-------------+
    |a_U    |poly6_a    |    12288|  48|   0|    0|  8388608|   24|     1|    201326592|
    |b_U    |poly6_a    |    12288|  48|   0|    0|  8388608|   24|     1|    201326592|
    |c_U    |poly6_a    |    12288|  48|   0|    0|  8388608|   24|     1|    201326592|
    |out_U  |poly6_out  |    16384|  64|   0|    0|  8388608|   32|     1|    268435456|
    +-------+-----------+---------+----+----+-----+---------+-----+------+-------------+
    |Total  |           |    53248| 208|   0|    0| 33554432|  104|     4|    872415232|
    +-------+-----------+---------+----+----+-----+---------+-----+------+-------------+

    * FIFO: 
    N/A

    * Expression: 
    +-----------------------+----------+-------+---+----+------------+------------+
    |     Variable Name     | Operation| DSP48E| FF| LUT| Bitwidth P0| Bitwidth P1|
    +-----------------------+----------+-------+---+----+------------+------------+
    |add_ln46_10_fu_362_p2  |     +    |      0|  0|  33|          26|          10|
    |add_ln46_3_fu_272_p2   |     +    |      0|  0|  32|          25|           7|
    |add_ln46_4_fu_278_p2   |     +    |      0|  0|  32|          25|           8|
    |add_ln46_5_fu_378_p2   |     +    |      0|  0|  39|          32|          32|
    |add_ln46_7_fu_284_p2   |     +    |      0|  0|  32|          25|          11|
    |add_ln46_8_fu_385_p2   |     +    |      0|  0|  32|          32|          19|
    |add_ln46_9_fu_420_p2   |     +    |      0|  0|  39|          32|          32|
    |add_ln46_fu_372_p2     |     +    |      0|  0|  36|          29|          29|
    |i_fu_240_p2            |     +    |      0|  0|  15|           7|           1|
    |k_1_fu_256_p2          |     +    |      0|  0|  31|          24|           1|
    |k_fu_220_p2            |     +    |      0|  0|  31|          24|           1|
    |tmp13_fu_433_p2        |     +    |      0|  0|  39|          32|          22|
    |tmp_fu_345_p2          |     +    |      0|  0|  35|          28|          17|
    |sub_ln46_1_fu_424_p2   |     -    |      0|  0|  32|          32|          32|
    |sub_ln46_2_fu_428_p2   |     -    |      0|  0|  32|          32|          32|
    |sub_ln46_3_fu_454_p2   |     -    |      0|  0|  39|          32|          32|
    |sub_ln46_4_fu_462_p2   |     -    |      0|  0|  39|          32|          32|
    |sub_ln46_fu_390_p2     |     -    |      0|  0|  32|          32|          32|
    |icmp_ln33_fu_214_p2    |   icmp   |      0|  0|  18|          24|          25|
    |icmp_ln43_fu_234_p2    |   icmp   |      0|  0|  11|           7|           6|
    |icmp_ln45_fu_250_p2    |   icmp   |      0|  0|  18|          24|          25|
    +-----------------------+----------+-------+---+----+------------+------------+
    |Total                  |          |      0|  0| 647|         556|         406|
    +-----------------------+----------+-------+---+----+------------+------------+

    * Multiplexer: 
    +--------------+-----+-----------+-----+-----------+
    |     Name     | LUT | Input Size| Bits| Total Bits|
    +--------------+-----+-----------+-----+-----------+
    |a_address0    |   15|          3|   23|         69|
    |ap_NS_fsm     |  165|         37|    1|         37|
    |b_address0    |   15|          3|   23|         69|
    |c_address0    |   15|          3|   23|         69|
    |i_0_reg_192   |    9|          2|    7|         14|
    |k1_0_reg_203  |    9|          2|   24|         48|
    |k_0_reg_174   |    9|          2|   24|         48|
    |out_address0  |   21|          4|   23|         92|
    |out_d0        |   15|          3|   32|         96|
    +--------------+-----+-----------+-----+-----------+
    |Total         |  273|         59|  180|        542|
    +--------------+-----+-----------+-----+-----------+

    * Register: 
    +---------------------+----+----+-----+-----------+
    |         Name        | FF | LUT| Bits| Const Bits|
    +---------------------+----+----+-----+-----------+
    |a_load_reg_716       |  24|   0|   24|          0|
    |add_ln46_1_reg_696   |  32|   0|   32|          0|
    |add_ln46_2_reg_701   |  32|   0|   32|          0|
    |add_ln46_3_reg_571   |  25|   0|   25|          0|
    |add_ln46_4_reg_576   |  25|   0|   25|          0|
    |add_ln46_5_reg_661   |  32|   0|   32|          0|
    |add_ln46_6_reg_635   |  31|   0|   31|          0|
    |add_ln46_7_reg_581   |  25|   0|   25|          0|
    |add_ln46_9_reg_721   |  32|   0|   32|          0|
    |add_ln46_reg_650     |  28|   0|   29|          1|
    |ap_CS_fsm            |  36|   0|   36|          0|
    |b_load_reg_558       |  24|   0|   24|          0|
    |c_load_reg_565       |  24|   0|   24|          0|
    |i_0_reg_192          |   7|   0|    7|          0|
    |i_reg_524            |   7|   0|    7|          0|
    |k1_0_reg_203         |  24|   0|   24|          0|
    |k_0_reg_174          |  24|   0|   24|          0|
    |k_1_reg_537          |  24|   0|   24|          0|
    |k_reg_496            |  24|   0|   24|          0|
    |mul_ln46_10_reg_711  |  32|   0|   32|          0|
    |mul_ln46_11_reg_742  |  32|   0|   32|          0|
    |mul_ln46_12_reg_747  |  32|   0|   32|          0|
    |mul_ln46_13_reg_762  |  32|   0|   32|          0|
    |mul_ln46_1_reg_655   |  32|   0|   32|          0|
    |mul_ln46_2_reg_691   |  32|   0|   32|          0|
    |mul_ln46_5_reg_625   |  32|   0|   32|          0|
    |mul_ln46_6_reg_630   |  32|   0|   32|          0|
    |mul_ln46_7_reg_706   |  32|   0|   32|          0|
    |mul_ln46_9_reg_640   |  32|   0|   32|          0|
    |mul_ln46_reg_686     |  32|   0|   32|          0|
    |sub_ln46_2_reg_726   |  32|   0|   32|          0|
    |sub_ln46_3_reg_757   |  32|   0|   32|          0|
    |sub_ln46_4_reg_767   |  32|   0|   32|          0|
    |sub_ln46_reg_666     |  32|   0|   32|          0|
    |tmp13_reg_731        |  32|   0|   32|          0|
    |tmp14_reg_752        |  32|   0|   32|          0|
    |tmp_reg_645          |  25|   0|   28|          3|
    |zext_ln46_1_reg_586  |  24|   0|   32|          8|
    |zext_ln46_2_reg_594  |  24|   0|   32|          8|
    |zext_ln46_6_reg_736  |  24|   0|   32|          8|
    |zext_ln46_reg_542    |  24|   0|   64|         40|
    +---------------------+----+----+-----+-----------+
    |Total                |1145|   0| 1213|         68|
    +---------------------+----+----+-----+-----------+



================================================================
== Interface
================================================================
* Summary: 
+-----------+-----+-----+------------+--------------+--------------+
| RTL Ports | Dir | Bits|  Protocol  | Source Object|    C Type    |
+-----------+-----+-----+------------+--------------+--------------+
|ap_clk     |  in |    1| ap_ctrl_hs |     poly6    | return value |
|ap_rst     |  in |    1| ap_ctrl_hs |     poly6    | return value |
|ap_start   |  in |    1| ap_ctrl_hs |     poly6    | return value |
|ap_done    | out |    1| ap_ctrl_hs |     poly6    | return value |
|ap_idle    | out |    1| ap_ctrl_hs |     poly6    | return value |
|ap_ready   | out |    1| ap_ctrl_hs |     poly6    | return value |
|ap_return  | out |   32| ap_ctrl_hs |     poly6    | return value |
|idx        |  in |   32|   ap_none  |      idx     |    scalar    |
+-----------+-----+-----+------------+--------------+--------------+

