

================================================================
== Vivado HLS Report for 'tta_filter_process_c'
================================================================
* Date:           Tue May 26 00:44:54 2020

* Version:        2019.1 (Build 2552052 on Fri May 24 15:28:33 MDT 2019)
* Project:        proj_extr_.FFmpeglibavcodecttadsp.c_tta_filter_process_c_with_main.c
* Solution:       solution1
* Product family: kintex7
* Target device:  xc7k160t-fbg484-1


================================================================
== Performance Estimates
================================================================
+ Timing (ns): 
    * Summary: 
    +--------+-------+----------+------------+
    |  Clock | Target| Estimated| Uncertainty|
    +--------+-------+----------+------------+
    |ap_clk  |  10.00|     8.365|        1.25|
    +--------+-------+----------+------------+

+ Latency (clock cycles): 
    * Summary: 
    +-----+-----+-----+-----+---------+
    |  Latency  |  Interval | Pipeline|
    | min | max | min | max |   Type  |
    +-----+-----+-----+-----+---------+
    |   10|   16|   10|   16|   none  |
    +-----+-----+-----+-----+---------+

    + Detail: 
        * Instance: 
        N/A

        * Loop: 
        N/A



================================================================
== Utilization Estimates
================================================================
* Summary: 
+-----------------+---------+-------+--------+--------+-----+
|       Name      | BRAM_18K| DSP48E|   FF   |   LUT  | URAM|
+-----------------+---------+-------+--------+--------+-----+
|DSP              |        -|      -|       -|       -|    -|
|Expression       |        -|     18|       0|    1251|    -|
|FIFO             |        -|      -|       -|       -|    -|
|Instance         |        -|      -|       -|       -|    -|
|Memory           |        -|      -|       -|       -|    -|
|Multiplexer      |        -|      -|       -|     744|    -|
|Register         |        -|      -|     793|       -|    -|
+-----------------+---------+-------+--------+--------+-----+
|Total            |        0|     18|     793|    1995|    0|
+-----------------+---------+-------+--------+--------+-----+
|Available        |      650|    600|  202800|  101400|    0|
+-----------------+---------+-------+--------+--------+-----+
|Utilization (%)  |        0|      3|   ~0   |       1|    0|
+-----------------+---------+-------+--------+--------+-----+

+ Detail: 
    * Instance: 
    N/A

    * DSP48E: 
    N/A

    * Memory: 
    N/A

    * FIFO: 
    N/A

    * Expression: 
    +----------------------+----------+-------+---+----+------------+------------+
    |     Variable Name    | Operation| DSP48E| FF| LUT| Bitwidth P0| Bitwidth P1|
    +----------------------+----------+-------+---+----+------------+------------+
    |grp_fu_595_p2         |     *    |      3|  0|  21|          32|          32|
    |mul_ln27_1_fu_772_p2  |     *    |      3|  0|  21|          32|          32|
    |mul_ln27_3_fu_833_p2  |     *    |      3|  0|  21|          32|          32|
    |mul_ln27_4_fu_838_p2  |     *    |      3|  0|  21|          32|          32|
    |mul_ln27_5_fu_843_p2  |     *    |      3|  0|  21|          32|          32|
    |mul_ln27_7_fu_848_p2  |     *    |      3|  0|  21|          32|          32|
    |add_ln23_2_fu_690_p2  |     +    |      0|  0|  39|          32|          32|
    |add_ln23_3_fu_697_p2  |     +    |      0|  0|  39|          32|          32|
    |add_ln24_1_fu_711_p2  |     +    |      0|  0|  39|          32|          32|
    |add_ln24_fu_704_p2    |     +    |      0|  0|  39|          32|          32|
    |add_ln27_1_fu_783_p2  |     +    |      0|  0|  32|          32|          32|
    |add_ln27_2_fu_788_p2  |     +    |      0|  0|  32|          32|          32|
    |add_ln27_3_fu_854_p2  |     +    |      0|  0|  39|          32|          32|
    |add_ln27_4_fu_906_p2  |     +    |      0|  0|  32|          32|          32|
    |add_ln27_5_fu_911_p2  |     +    |      0|  0|  32|          32|          32|
    |add_ln27_6_fu_916_p2  |     +    |      0|  0|  32|          32|          32|
    |add_ln27_7_fu_921_p2  |     +    |      0|  0|  32|          32|          32|
    |add_ln27_fu_778_p2    |     +    |      0|  0|  39|          32|          32|
    |add_ln39_fu_931_p2    |     +    |      0|  0|  39|          32|          32|
    |grp_fu_662_p2         |     +    |      0|  0|  39|          32|          32|
    |grp_fu_669_p2         |     +    |      0|  0|  39|          32|          32|
    |sub_ln20_1_fu_737_p2  |     -    |      0|  0|  39|          32|          32|
    |sub_ln20_2_fu_744_p2  |     -    |      0|  0|  39|          32|          32|
    |sub_ln20_3_fu_751_p2  |     -    |      0|  0|  39|          32|          32|
    |sub_ln20_fu_730_p2    |     -    |      0|  0|  39|          32|          32|
    |sub_ln21_1_fu_765_p2  |     -    |      0|  0|  39|          32|          32|
    |sub_ln21_2_fu_718_p2  |     -    |      0|  0|  39|          32|          32|
    |sub_ln21_3_fu_724_p2  |     -    |      0|  0|  39|          32|          32|
    |sub_ln21_fu_758_p2    |     -    |      0|  0|  39|          32|          32|
    |sub_ln42_fu_937_p2    |     -    |      0|  0|  39|          32|          32|
    |sub_ln43_1_fu_949_p2  |     -    |      0|  0|  39|          32|          32|
    |sub_ln43_fu_943_p2    |     -    |      0|  0|  39|          32|          32|
    |ashr_ln39_fu_926_p2   |   ashr   |      0|  0|  85|          32|          32|
    |icmp_ln22_fu_684_p2   |   icmp   |      0|  0|  18|          32|           1|
    |or_ln33_fu_807_p2     |    or    |      0|  0|  32|          32|           1|
    |or_ln34_fu_822_p2     |    or    |      0|  0|   6|           2|           3|
    |or_ln35_fu_876_p2     |    or    |      0|  0|   6|           2|           3|
    |or_ln36_fu_895_p2     |    or    |      0|  0|   6|           3|           4|
    +----------------------+----------+-------+---+----+------------+------------+
    |Total                 |          |     18|  0|1251|        1127|        1068|
    +----------------------+----------+-------+---+----+------------+------------+

    * Multiplexer: 
    +----------------+-----+-----------+-----+-----------+
    |      Name      | LUT | Input Size| Bits| Total Bits|
    +----------------+-----+-----------+-----+-----------+
    |ap_NS_fsm       |  113|         24|    1|         24|
    |dl_address0     |   41|          8|    4|         32|
    |dl_address1     |   44|          9|    4|         36|
    |dl_d0           |   27|          5|   32|        160|
    |dl_d1           |   27|          5|   32|        160|
    |dx_address0     |   56|         13|    4|         52|
    |dx_address1     |   62|         15|    4|         60|
    |dx_d0           |   21|          4|   32|        128|
    |dx_d1           |   21|          4|   32|        128|
    |error_address0  |   15|          3|    4|         12|
    |qm_address0     |   89|         18|    4|         72|
    |qm_address1     |  101|         21|    4|         84|
    |qm_d0           |   41|          8|   32|        256|
    |qm_d1           |   41|          8|   32|        256|
    |reg_609         |    9|          2|   32|         64|
    |reg_614         |    9|          2|   32|         64|
    |reg_619         |    9|          2|   32|         64|
    |reg_650         |    9|          2|   32|         64|
    |reg_656         |    9|          2|   32|         64|
    +----------------+-----+-----------+-----+-----------+
    |Total           |  744|        155|  381|       1780|
    +----------------+-----+-----------+-----+-----------+

    * Register: 
    +---------------------+----+----+-----+-----------+
    |         Name        | FF | LUT| Bits| Const Bits|
    +---------------------+----+----+-----+-----------+
    |add_ln27_2_reg_1271  |  32|   0|   32|          0|
    |add_ln27_3_reg_1286  |  32|   0|   32|          0|
    |add_ln27_reg_1234    |  32|   0|   32|          0|
    |add_ln39_reg_1291    |  32|   0|   32|          0|
    |ap_CS_fsm            |  23|   0|   23|          0|
    |dl_load_3_reg_1206   |  32|   0|   32|          0|
    |dl_load_4_reg_1239   |  32|   0|   32|          0|
    |dl_load_5_reg_1245   |  32|   0|   32|          0|
    |icmp_ln22_reg_993    |   1|   0|    1|          0|
    |mul_ln27_1_reg_1201  |  32|   0|   32|          0|
    |mul_ln27_5_reg_1276  |  32|   0|   32|          0|
    |mul_ln27_7_reg_1281  |  32|   0|   32|          0|
    |qm_load_6_reg_1129   |  32|   0|   32|          0|
    |qm_load_7_reg_1134   |  32|   0|   32|          0|
    |reg_609              |  32|   0|   32|          0|
    |reg_614              |  32|   0|   32|          0|
    |reg_619              |  32|   0|   32|          0|
    |reg_624              |  32|   0|   32|          0|
    |reg_628              |  32|   0|   32|          0|
    |reg_632              |  32|   0|   32|          0|
    |reg_636              |  32|   0|   32|          0|
    |reg_641              |  32|   0|   32|          0|
    |reg_646              |  32|   0|   32|          0|
    |reg_650              |  32|   0|   32|          0|
    |reg_656              |  32|   0|   32|          0|
    |sub_ln43_reg_1298    |  32|   0|   32|          0|
    |tmp_reg_989          |   1|   0|    1|          0|
    +---------------------+----+----+-----+-----------+
    |Total                | 793|   0|  793|          0|
    +---------------------+----+----+-----+-----------+



================================================================
== Interface
================================================================
* Summary: 
+----------------+-----+-----+------------+----------------------+--------------+
|    RTL Ports   | Dir | Bits|  Protocol  |     Source Object    |    C Type    |
+----------------+-----+-----+------------+----------------------+--------------+
|ap_clk          |  in |    1| ap_ctrl_hs | tta_filter_process_c | return value |
|ap_rst          |  in |    1| ap_ctrl_hs | tta_filter_process_c | return value |
|ap_start        |  in |    1| ap_ctrl_hs | tta_filter_process_c | return value |
|ap_done         | out |    1| ap_ctrl_hs | tta_filter_process_c | return value |
|ap_idle         | out |    1| ap_ctrl_hs | tta_filter_process_c | return value |
|ap_ready        | out |    1| ap_ctrl_hs | tta_filter_process_c | return value |
|qm_address0     | out |    4|  ap_memory |          qm          |     array    |
|qm_ce0          | out |    1|  ap_memory |          qm          |     array    |
|qm_we0          | out |    1|  ap_memory |          qm          |     array    |
|qm_d0           | out |   32|  ap_memory |          qm          |     array    |
|qm_q0           |  in |   32|  ap_memory |          qm          |     array    |
|qm_address1     | out |    4|  ap_memory |          qm          |     array    |
|qm_ce1          | out |    1|  ap_memory |          qm          |     array    |
|qm_we1          | out |    1|  ap_memory |          qm          |     array    |
|qm_d1           | out |   32|  ap_memory |          qm          |     array    |
|qm_q1           |  in |   32|  ap_memory |          qm          |     array    |
|dx_address0     | out |    4|  ap_memory |          dx          |     array    |
|dx_ce0          | out |    1|  ap_memory |          dx          |     array    |
|dx_we0          | out |    1|  ap_memory |          dx          |     array    |
|dx_d0           | out |   32|  ap_memory |          dx          |     array    |
|dx_q0           |  in |   32|  ap_memory |          dx          |     array    |
|dx_address1     | out |    4|  ap_memory |          dx          |     array    |
|dx_ce1          | out |    1|  ap_memory |          dx          |     array    |
|dx_we1          | out |    1|  ap_memory |          dx          |     array    |
|dx_d1           | out |   32|  ap_memory |          dx          |     array    |
|dx_q1           |  in |   32|  ap_memory |          dx          |     array    |
|dl_address0     | out |    4|  ap_memory |          dl          |     array    |
|dl_ce0          | out |    1|  ap_memory |          dl          |     array    |
|dl_we0          | out |    1|  ap_memory |          dl          |     array    |
|dl_d0           | out |   32|  ap_memory |          dl          |     array    |
|dl_q0           |  in |   32|  ap_memory |          dl          |     array    |
|dl_address1     | out |    4|  ap_memory |          dl          |     array    |
|dl_ce1          | out |    1|  ap_memory |          dl          |     array    |
|dl_we1          | out |    1|  ap_memory |          dl          |     array    |
|dl_d1           | out |   32|  ap_memory |          dl          |     array    |
|dl_q1           |  in |   32|  ap_memory |          dl          |     array    |
|error_address0  | out |    4|  ap_memory |         error        |     array    |
|error_ce0       | out |    1|  ap_memory |         error        |     array    |
|error_we0       | out |    1|  ap_memory |         error        |     array    |
|error_d0        | out |   32|  ap_memory |         error        |     array    |
|error_q0        |  in |   32|  ap_memory |         error        |     array    |
|in_r_address0   | out |    4|  ap_memory |         in_r         |     array    |
|in_r_ce0        | out |    1|  ap_memory |         in_r         |     array    |
|in_r_we0        | out |    1|  ap_memory |         in_r         |     array    |
|in_r_d0         | out |   32|  ap_memory |         in_r         |     array    |
|in_r_q0         |  in |   32|  ap_memory |         in_r         |     array    |
|shift           |  in |   32|   ap_none  |         shift        |    scalar    |
|round           |  in |   32|   ap_none  |         round        |    scalar    |
+----------------+-----+-----+------------+----------------------+--------------+

